Component: ARM Compiler 5.06 update 7 (build 960) Tool: armlink [4d3601]

==============================================================================

Section Cross References

    startup_stm32f407xx.o(RESET) refers to startup_stm32f407xx.o(STACK) for __initial_sp
    startup_stm32f407xx.o(RESET) refers to startup_stm32f407xx.o(.text) for Reset_Handler
    startup_stm32f407xx.o(RESET) refers to stm32f4xx_it.o(i.NMI_Handler) for NMI_Handler
    startup_stm32f407xx.o(RESET) refers to stm32f4xx_it.o(i.HardFault_Handler) for HardFault_Handler
    startup_stm32f407xx.o(RESET) refers to stm32f4xx_it.o(i.MemManage_Handler) for MemManage_Handler
    startup_stm32f407xx.o(RESET) refers to stm32f4xx_it.o(i.BusFault_Handler) for BusFault_Handler
    startup_stm32f407xx.o(RESET) refers to stm32f4xx_it.o(i.UsageFault_Handler) for UsageFault_Handler
    startup_stm32f407xx.o(RESET) refers to port.o(.emb_text) for SVC_Handler
    startup_stm32f407xx.o(RESET) refers to stm32f4xx_it.o(i.DebugMon_Handler) for DebugMon_Handler
    startup_stm32f407xx.o(RESET) refers to port.o(i.SysTick_Handler) for SysTick_Handler
    startup_stm32f407xx.o(RESET) refers to stm32f4xx_it.o(i.DMA1_Stream4_IRQHandler) for DMA1_Stream4_IRQHandler
    startup_stm32f407xx.o(RESET) refers to stm32f4xx_it.o(i.USART1_IRQHandler) for USART1_IRQHandler
    startup_stm32f407xx.o(RESET) refers to stm32f4xx_it.o(i.USART2_IRQHandler) for USART2_IRQHandler
    startup_stm32f407xx.o(RESET) refers to stm32f4xx_it.o(i.USART3_IRQHandler) for USART3_IRQHandler
    startup_stm32f407xx.o(RESET) refers to stm32f4xx_it.o(i.UART4_IRQHandler) for UART4_IRQHandler
    startup_stm32f407xx.o(RESET) refers to stm32f4xx_it.o(i.UART5_IRQHandler) for UART5_IRQHandler
    startup_stm32f407xx.o(RESET) refers to stm32f4xx_it.o(i.TIM6_DAC_IRQHandler) for TIM6_DAC_IRQHandler
    startup_stm32f407xx.o(RESET) refers to stm32f4xx_it.o(i.USART6_IRQHandler) for USART6_IRQHandler
    startup_stm32f407xx.o(.text) refers to system_stm32f4xx.o(i.SystemInit) for SystemInit
    startup_stm32f407xx.o(.text) refers to entry.o(.ARM.Collect$$$$00000000) for __main
    main.o(i.HAL_TIM_PeriodElapsedCallback) refers to stm32f4xx_hal.o(i.HAL_IncTick) for HAL_IncTick
    main.o(i.SystemClock_Config) refers to memseta.o(.text) for __aeabi_memclr4
    main.o(i.SystemClock_Config) refers to stm32f4xx_hal_rcc.o(i.HAL_RCC_OscConfig) for HAL_RCC_OscConfig
    main.o(i.SystemClock_Config) refers to main.o(i.Error_Handler) for Error_Handler
    main.o(i.SystemClock_Config) refers to stm32f4xx_hal_rcc.o(i.HAL_RCC_ClockConfig) for HAL_RCC_ClockConfig
    main.o(i.main) refers to stm32f4xx_hal.o(i.HAL_Init) for HAL_Init
    main.o(i.main) refers to main.o(i.SystemClock_Config) for SystemClock_Config
    main.o(i.main) refers to gpio.o(i.MX_GPIO_Init) for MX_GPIO_Init
    main.o(i.main) refers to dma.o(i.MX_DMA_Init) for MX_DMA_Init
    main.o(i.main) refers to usart.o(i.MX_USART1_UART_Init) for MX_USART1_UART_Init
    main.o(i.main) refers to usart.o(i.MX_USART2_UART_Init) for MX_USART2_UART_Init
    main.o(i.main) refers to usart.o(i.MX_UART4_Init) for MX_UART4_Init
    main.o(i.main) refers to usart.o(i.MX_USART3_UART_Init) for MX_USART3_UART_Init
    main.o(i.main) refers to tim.o(i.MX_TIM1_Init) for MX_TIM1_Init
    main.o(i.main) refers to tim.o(i.MX_TIM2_Init) for MX_TIM2_Init
    main.o(i.main) refers to tim.o(i.MX_TIM3_Init) for MX_TIM3_Init
    main.o(i.main) refers to tim.o(i.MX_TIM4_Init) for MX_TIM4_Init
    main.o(i.main) refers to tim.o(i.MX_TIM10_Init) for MX_TIM10_Init
    main.o(i.main) refers to tim.o(i.MX_TIM13_Init) for MX_TIM13_Init
    main.o(i.main) refers to tim.o(i.MX_TIM11_Init) for MX_TIM11_Init
    main.o(i.main) refers to tim.o(i.MX_TIM14_Init) for MX_TIM14_Init
    main.o(i.main) refers to usart.o(i.MX_UART5_Init) for MX_UART5_Init
    main.o(i.main) refers to usart.o(i.MX_USART6_UART_Init) for MX_USART6_UART_Init
    main.o(i.main) refers to stm32f4xx_hal_uart.o(i.HAL_UART_Receive_IT) for HAL_UART_Receive_IT
    main.o(i.main) refers to encoder_app.o(i.Encoder_Init) for Encoder_Init
    main.o(i.main) refers to motor_app.o(i.Motor_Init) for Motor_Init
    main.o(i.main) refers to pid_app.o(i.PID_Init) for PID_Init
    main.o(i.main) refers to monitor.o(i.JY61P_Send) for JY61P_Send
    main.o(i.main) refers to monitor.o(i.Kalman_Init) for Kalman_Init
    main.o(i.main) refers to path_planning.o(i.PathPlanning_Init) for PathPlanning_Init
    main.o(i.main) refers to motor_driver.o(i.MotorDriver_StopAll) for MotorDriver_StopAll
    main.o(i.main) refers to freertos.o(i.MX_FREERTOS_Init) for MX_FREERTOS_Init
    main.o(i.main) refers to cmsis_os.o(i.osKernelStart) for osKernelStart
    main.o(i.main) refers to pn532_task.o(.bss) for uart6_rx_buffer
    main.o(i.main) refers to usart.o(.bss) for huart6
    main.o(i.main) refers to freertos.o(.data) for system_started
    main.o(i.main) refers to motor_app.o(.bss) for car
    main.o(i.main) refers to monitor.o(.data) for Recv3
[...]
    SPI1_IRQHandler                          0x0800027b   Thumb Code     0  startup_stm32f407xx.o(.text)
    SPI2_IRQHandler                          0x0800027b   Thumb Code     0  startup_stm32f407xx.o(.text)
    SPI3_IRQHandler                          0x0800027b   Thumb Code     0  startup_stm32f407xx.o(.text)
    TAMP_STAMP_IRQHandler                    0x0800027b   Thumb Code     0  startup_stm32f407xx.o(.text)
    TIM1_BRK_TIM9_IRQHandler                 0x0800027b   Thumb Code     0  startup_stm32f407xx.o(.text)
    TIM1_CC_IRQHandler                       0x0800027b   Thumb Code     0  startup_stm32f407xx.o(.text)
    TIM1_TRG_COM_TIM11_IRQHandler            0x0800027b   Thumb Code     0  startup_stm32f407xx.o(.text)
    TIM1_UP_TIM10_IRQHandler                 0x0800027b   Thumb Code     0  startup_stm32f407xx.o(.text)
    TIM2_IRQHandler                          0x0800027b   Thumb Code     0  startup_stm32f407xx.o(.text)
    TIM3_IRQHandler                          0x0800027b   Thumb Code     0  startup_stm32f407xx.o(.text)
    TIM4_IRQHandler                          0x0800027b   Thumb Code     0  startup_stm32f407xx.o(.text)
    TIM5_IRQHandler                          0x0800027b   Thumb Code     0  startup_stm32f407xx.o(.text)
    TIM7_IRQHandler                          0x0800027b   Thumb Code     0  startup_stm32f407xx.o(.text)
    TIM8_BRK_TIM12_IRQHandler                0x0800027b   Thumb Code     0  startup_stm32f407xx.o(.text)
    TIM8_CC_IRQHandler                       0x0800027b   Thumb Code     0  startup_stm32f407xx.o(.text)
    TIM8_TRG_COM_TIM14_IRQHandler            0x0800027b   Thumb Code     0  startup_stm32f407xx.o(.text)
    TIM8_UP_TIM13_IRQHandler                 0x0800027b   Thumb Code     0  startup_stm32f407xx.o(.text)
    WWDG_IRQHandler                          0x0800027b   Thumb Code     0  startup_stm32f407xx.o(.text)
    __aeabi_uldivmod                         0x08000285   Thumb Code    98  uldiv.o(.text)
    __aeabi_memcpy                           0x080002e7   Thumb Code    36  memcpya.o(.text)
    __aeabi_memcpy4                          0x080002e7   Thumb Code     0  memcpya.o(.text)
    __aeabi_memcpy8                          0x080002e7   Thumb Code     0  memcpya.o(.text)
    __aeabi_memset                           0x0800030b   Thumb Code    14  memseta.o(.text)
    __aeabi_memset4                          0x0800030b   Thumb Code     0  memseta.o(.text)
    __aeabi_memset8                          0x0800030b   Thumb Code     0  memseta.o(.text)
    __aeabi_memclr                           0x08000319   Thumb Code     4  memseta.o(.text)
    __aeabi_memclr4                          0x08000319   Thumb Code     0  memseta.o(.text)
    __aeabi_memclr8                          0x08000319   Thumb Code     0  memseta.o(.text)
    memset                                   0x0800031d   Thumb Code    18  memseta.o(.text)
    strlen                                   0x0800032f   Thumb Code    14  strlen.o(.text)
    __aeabi_dmul                             0x0800033d   Thumb Code   228  dmul.o(.text)
    __aeabi_i2d                              0x08000421   Thumb Code    34  dflti.o(.text)
    __aeabi_f2d                              0x08000443   Thumb Code    38  f2d.o(.text)
    __aeabi_cdcmpeq                          0x08000469   Thumb Code     0  cdcmple.o(.text)
    __aeabi_cdcmple                          0x08000469   Thumb Code    48  cdcmple.o(.text)
    __aeabi_cdrcmple                         0x08000499   Thumb Code    48  cdrcmple.o(.text)
    __aeabi_d2f                              0x080004c9   Thumb Code    56  d2f.o(.text)
    __aeabi_uidiv                            0x08000501   Thumb Code     0  uidiv.o(.text)
    __aeabi_uidivmod                         0x08000501   Thumb Code    44  uidiv.o(.text)
    __aeabi_llsl                             0x0800052d   Thumb Code    30  llshl.o(.text)
    _ll_shift_l                              0x0800052d   Thumb Code     0  llshl.o(.text)
    __aeabi_llsr                             0x0800054b   Thumb Code    32  llushr.o(.text)
    _ll_ushift_r                             0x0800054b   Thumb Code     0  llushr.o(.text)
    __I$use$fp                               0x0800056b   Thumb Code     0  iusefp.o(.text)
    _float_round                             0x0800056b   Thumb Code    18  fepilogue.o(.text)
    _float_epilogue                          0x0800057d   Thumb Code    92  fepilogue.o(.text)
    _double_round                            0x080005d9   Thumb Code    30  depilogue.o(.text)
    _double_epilogue                         0x080005f7   Thumb Code   156  depilogue.o(.text)
    __aeabi_dadd                             0x08000693   Thumb Code   322  dadd.o(.text)
    __aeabi_dsub                             0x080007d5   Thumb Code     6  dadd.o(.text)
    __aeabi_drsub                            0x080007db   Thumb Code     6  dadd.o(.text)
    __aeabi_ddiv                             0x080007e1   Thumb Code   222  ddiv.o(.text)
    __aeabi_d2ulz                            0x080008bf   Thumb Code    48  dfixul.o(.text)
    __scatterload                            0x080008f1   Thumb Code    28  init.o(.text)
    __scatterload_rt2                        0x080008f1   Thumb Code     0  init.o(.text)
    __aeabi_lasr                             0x08000915   Thumb Code    36  llsshr.o(.text)
    _ll_sshift_r                             0x08000915   Thumb Code     0  llsshr.o(.text)
    __decompress                             0x08000939   Thumb Code     0  __dczerorl2.o(.text)
    __decompress1                            0x08000939   Thumb Code    86  __dczerorl2.o(.text)
    AdaptivePID_Update_A                     0x08000991   Thumb Code   112  pid_app.o(i.AdaptivePID_Update_A)
    AdaptivePID_Update_B                     0x08000a0d   Thumb Code   112  pid_app.o(i.AdaptivePID_Update_B)
    AdaptivePID_Update_C                     0x08000a89   Thumb Code   112  pid_app.o(i.AdaptivePID_Update_C)
    AdaptivePID_Update_D                     0x08000b05   Thumb Code   112  pid_app.o(i.AdaptivePID_Update_D)
    BusFault_Handler                         0x08000b81   Thumb Code     4  stm32f4xx_it.o(i.BusFault_Handler)
    CardBuffer_AddRecord                     0x08000bcd   Thumb Code   264  pn532_task.o(i.CardBuffer_AddRecord)
    CardBuffer_Init                          0x08000cd9   Thumb Code    14  pn532_task.o(i.CardBuffer_Init)
    CardBuffer_PrintToUART4                  0x08000ced   Thumb Code   742  pn532_task.o(i.CardBuffer_PrintToUART4)
    Connect                                  0x08001205   Thumb Code   132  freertos.o(i.Connect)
    DMA1_Stream4_IRQHandler                  0x08001331   Thumb Code    10  stm32f4xx_it.o(i.DMA1_Stream4_IRQHandler)
    DebugMon_Handler                         0x0800144b   Thumb Code     2  stm32f4xx_it.o(i.DebugMon_Handler)
    Encoder_Driver_Init                      0x0800144d   Thumb Code    42  encoder_driver.o(i.Encoder_Driver_Init)
    Encoder_Driver_Update                    0x0800147d   Thumb Code    90  encoder_driver.o(i.Encoder_Driver_Update)
    Encoder_Init                             0x080014e5   Thumb Code    44  encoder_app.o(i.Encoder_Init)
    Encoder_Task                             0x08001531   Thumb Code    28  encoder_app.o(i.Encoder_Task)
    Error_Handler                            0x0800155d   Thumb Code     6  main.o(i.Error_Handler)
    GetSpeedRange                            0x08001685   Thumb Code    86  pid_app.o(i.GetSpeedRange)
    HAL_DMA_Abort                            0x080016e5   Thumb Code   172  stm32f4xx_hal_dma.o(i.HAL_DMA_Abort)
    HAL_DMA_Abort_IT                         0x08001791   Thumb Code    40  stm32f4xx_hal_dma.o(i.HAL_DMA_Abort_IT)
    HAL_DMA_IRQHandler                       0x080017b9   Thumb Code   570  stm32f4xx_hal_dma.o(i.HAL_DMA_IRQHandler)
    HAL_DMA_Init                             0x080019f9   Thumb Code   232  stm32f4xx_hal_dma.o(i.HAL_DMA_Init)
    HAL_DMA_Start_IT                         0x08001ae5   Thumb Code   146  stm32f4xx_hal_dma.o(i.HAL_DMA_Start_IT)
    HAL_Delay                                0x08001b79   Thumb Code    36  stm32f4xx_hal.o(i.HAL_Delay)
    HAL_GPIO_Init                            0x08001ba1   Thumb Code   454  stm32f4xx_hal_gpio.o(i.HAL_GPIO_Init)
    HAL_GPIO_WritePin                        0x08001d95   Thumb Code    12  stm32f4xx_hal_gpio.o(i.HAL_GPIO_WritePin)
    HAL_GetTick                              0x08001da1   Thumb Code     6  stm32f4xx_hal.o(i.HAL_GetTick)
    HAL_IncTick                              0x08001dad   Thumb Code    16  stm32f4xx_hal.o(i.HAL_IncTick)
    HAL_Init                                 0x08001dc5   Thumb Code    54  stm32f4xx_hal.o(i.HAL_Init)
    HAL_InitTick                             0x08001e01   Thumb Code   160  stm32f4xx_hal_timebase_tim.o(i.HAL_InitTick)
    HAL_MspInit                              0x08001eb5   Thumb Code    78  stm32f4xx_hal_msp.o(i.HAL_MspInit)
    HAL_NVIC_EnableIRQ                       0x08001f09   Thumb Code    40  stm32f4xx_hal_cortex.o(i.HAL_NVIC_EnableIRQ)
    HAL_NVIC_SetPriority                     0x08001f31   Thumb Code   124  stm32f4xx_hal_cortex.o(i.HAL_NVIC_SetPriority)
    HAL_NVIC_SetPriorityGrouping             0x08001fad   Thumb Code    32  stm32f4xx_hal_cortex.o(i.HAL_NVIC_SetPriorityGrouping)
    HAL_RCC_ClockConfig                      0x08001fd5   Thumb Code   368  stm32f4xx_hal_rcc.o(i.HAL_RCC_ClockConfig)
    HAL_RCC_GetClockConfig                   0x08002159   Thumb Code    58  stm32f4xx_hal_rcc.o(i.HAL_RCC_GetClockConfig)
    HAL_RCC_GetHCLKFreq                      0x0800219d   Thumb Code     6  stm32f4xx_hal_rcc.o(i.HAL_RCC_GetHCLKFreq)
    HAL_RCC_GetPCLK1Freq                     0x080021a9   Thumb Code    22  stm32f4xx_hal_rcc.o(i.HAL_RCC_GetPCLK1Freq)
    HAL_RCC_GetPCLK2Freq                     0x080021c9   Thumb Code    22  stm32f4xx_hal_rcc.o(i.HAL_RCC_GetPCLK2Freq)
    HAL_RCC_GetSysClockFreq                  0x080021e9   Thumb Code   162  stm32f4xx_hal_rcc.o(i.HAL_RCC_GetSysClockFreq)
    HAL_RCC_OscConfig                        0x08002299   Thumb Code  1172  stm32f4xx_hal_rcc.o(i.HAL_RCC_OscConfig)
    HAL_TIMEx_BreakCallback                  0x08002735   Thumb Code     2  stm32f4xx_hal_tim_ex.o(i.HAL_TIMEx_BreakCallback)
    HAL_TIMEx_CommutCallback                 0x08002737   Thumb Code     2  stm32f4xx_hal_tim_ex.o(i.HAL_TIMEx_CommutCallback)
    HAL_TIMEx_MasterConfigSynchronization    0x08002739   Thumb Code   150  stm32f4xx_hal_tim_ex.o(i.HAL_TIMEx_MasterConfigSynchronization)
    HAL_TIM_Base_Init                        0x080027ed   Thumb Code   102  stm32f4xx_hal_tim.o(i.HAL_TIM_Base_Init)
    HAL_TIM_Base_MspInit                     0x08002855   Thumb Code   172  tim.o(i.HAL_TIM_Base_MspInit)
    HAL_TIM_Base_Start_IT                    0x08002915   Thumb Code   138  stm32f4xx_hal_tim.o(i.HAL_TIM_Base_Start_IT)
    HAL_TIM_Encoder_Init                     0x080029bd   Thumb Code   200  stm32f4xx_hal_tim.o(i.HAL_TIM_Encoder_Init)
    HAL_TIM_Encoder_MspInit                  0x08002a85   Thumb Code   448  tim.o(i.HAL_TIM_Encoder_MspInit)
    HAL_TIM_Encoder_Start                    0x08002c61   Thumb Code   204  stm32f4xx_hal_tim.o(i.HAL_TIM_Encoder_Start)
    HAL_TIM_IC_CaptureCallback               0x08002d2d   Thumb Code     2  stm32f4xx_hal_tim.o(i.HAL_TIM_IC_CaptureCallback)
    HAL_TIM_IRQHandler                       0x08002d2f   Thumb Code   364  stm32f4xx_hal_tim.o(i.HAL_TIM_IRQHandler)
    HAL_TIM_MspPostInit                      0x08002e9d   Thumb Code   288  tim.o(i.HAL_TIM_MspPostInit)
    HAL_TIM_OC_DelayElapsedCallback          0x08002fd5   Thumb Code     2  stm32f4xx_hal_tim.o(i.HAL_TIM_OC_DelayElapsedCallback)
    HAL_TIM_PWM_ConfigChannel                0x08002fd7   Thumb Code   260  stm32f4xx_hal_tim.o(i.HAL_TIM_PWM_ConfigChannel)
    HAL_TIM_PWM_Init                         0x080030db   Thumb Code   102  stm32f4xx_hal_tim.o(i.HAL_TIM_PWM_Init)
    HAL_TIM_PWM_MspInit                      0x08003141   Thumb Code     2  stm32f4xx_hal_tim.o(i.HAL_TIM_PWM_MspInit)
    HAL_TIM_PWM_PulseFinishedCallback        0x08003143   Thumb Code     2  stm32f4xx_hal_tim.o(i.HAL_TIM_PWM_PulseFinishedCallback)
    HAL_TIM_PWM_Start                        0x08003145   Thumb Code   238  stm32f4xx_hal_tim.o(i.HAL_TIM_PWM_Start)
    HAL_TIM_PeriodElapsedCallback            0x08003251   Thumb Code    18  main.o(i.HAL_TIM_PeriodElapsedCallback)
    HAL_TIM_TriggerCallback                  0x08003269   Thumb Code     2  stm32f4xx_hal_tim.o(i.HAL_TIM_TriggerCallback)
    HAL_UARTEx_RxEventCallback               0x0800326b   Thumb Code     2  stm32f4xx_hal_uart.o(i.HAL_UARTEx_RxEventCallback)
    HAL_UART_ErrorCallback                   0x0800326d   Thumb Code     2  stm32f4xx_hal_uart.o(i.HAL_UART_ErrorCallback)
    HAL_UART_IRQHandler                      0x08003271   Thumb Code   772  stm32f4xx_hal_uart.o(i.HAL_UART_IRQHandler)
    HAL_UART_Init                            0x08003579   Thumb Code   118  stm32f4xx_hal_uart.o(i.HAL_UART_Init)
    HAL_UART_MspInit                         0x080035f1   Thumb Code   880  usart.o(i.HAL_UART_MspInit)
    HAL_UART_Receive                         0x08003995   Thumb Code   194  stm32f4xx_hal_uart.o(i.HAL_UART_Receive)
    HAL_UART_Receive_IT                      0x08003a57   Thumb Code    44  stm32f4xx_hal_uart.o(i.HAL_UART_Receive_IT)
    HAL_UART_RxCpltCallback                  0x08003a85   Thumb Code   164  stm32f4xx_it.o(i.HAL_UART_RxCpltCallback)
    HAL_UART_Transmit                        0x08003b71   Thumb Code   190  stm32f4xx_hal_uart.o(i.HAL_UART_Transmit)
    HAL_UART_Transmit_DMA                    0x08003c31   Thumb Code   144  stm32f4xx_hal_uart.o(i.HAL_UART_Transmit_DMA)
    HAL_UART_Transmit_IT                     0x08003ccd   Thumb Code    56  stm32f4xx_hal_uart.o(i.HAL_UART_Transmit_IT)
    HAL_UART_TxCpltCallback                  0x08003d05   Thumb Code    16  uart2.o(i.HAL_UART_TxCpltCallback)
    HAL_UART_TxHalfCpltCallback              0x08003d1d   Thumb Code     2  stm32f4xx_hal_uart.o(i.HAL_UART_TxHalfCpltCallback)
    HardFault_Handler                        0x08003d1f   Thumb Code     4  stm32f4xx_it.o(i.HardFault_Handler)
    JY61P_Send                               0x08003d25   Thumb Code    66  monitor.o(i.JY61P_Send)
    Kalman_Filter_Yaw                        0x08003d7d   Thumb Code   176  monitor.o(i.Kalman_Filter_Yaw)
    Kalman_Init                              0x08003e31   Thumb Code    44  monitor.o(i.Kalman_Init)
    MX_DMA_Init                              0x08003e6d   Thumb Code    52  dma.o(i.MX_DMA_Init)
    MX_FREERTOS_Init                         0x08003ea5   Thumb Code   408  freertos.o(i.MX_FREERTOS_Init)
    MX_GPIO_Init                             0x08004085   Thumb Code   328  gpio.o(i.MX_GPIO_Init)
    MX_TIM10_Init                            0x080041dd   Thumb Code   102  tim.o(i.MX_TIM10_Init)
    MX_TIM11_Init                            0x0800424d   Thumb Code   102  tim.o(i.MX_TIM11_Init)
    MX_TIM13_Init                            0x080042bd   Thumb Code   102  tim.o(i.MX_TIM13_Init)
    MX_TIM14_Init                            0x0800432d   Thumb Code   102  tim.o(i.MX_TIM14_Init)
    MX_TIM1_Init                             0x0800439d   Thumb Code   122  tim.o(i.MX_TIM1_Init)
    MX_TIM2_Init                             0x08004421   Thumb Code   122  tim.o(i.MX_TIM2_Init)
    MX_TIM3_Init                             0x080044a1   Thumb Code   120  tim.o(i.MX_TIM3_Init)
    MX_TIM4_Init                             0x08004521   Thumb Code   120  tim.o(i.MX_TIM4_Init)
    MX_UART4_Init                            0x080045a1   Thumb Code    46  usart.o(i.MX_UART4_Init)
    MX_UART5_Init                            0x080045d9   Thumb Code    46  usart.o(i.MX_UART5_Init)
    MX_USART1_UART_Init                      0x08004611   Thumb Code    46  usart.o(i.MX_USART1_UART_Init)
    MX_USART2_UART_Init                      0x08004649   Thumb Code    46  usart.o(i.MX_USART2_UART_Init)
    MX_USART3_UART_Init                      0x08004681   Thumb Code    46  usart.o(i.MX_USART3_UART_Init)
    MX_USART6_UART_Init                      0x080046b9   Thumb Code    46  usart.o(i.MX_USART6_UART_Init)
    MemManage_Handler                        0x080046f1   Thumb Code     4  stm32f4xx_it.o(i.MemManage_Handler)
    MotorDriver_Init                         0x080046f5   Thumb Code   162  motor_driver.o(i.MotorDriver_Init)
    MotorDriver_SetMotor                     0x0800479d   Thumb Code    52  motor_driver.o(i.MotorDriver_SetMotor)
    MotorDriver_StopAll                      0x080047d1   Thumb Code    34  motor_driver.o(i.MotorDriver_StopAll)
    MotorDriver_Turn                         0x080047f3   Thumb Code   118  motor_driver.o(i.MotorDriver_Turn)
    MotorDriver_U_Turn                       0x08004869   Thumb Code   126  motor_driver.o(i.MotorDriver_U_Turn)
    Motor_Init                               0x080048e9   Thumb Code    10  motor_app.o(i.Motor_Init)
    NMI_Handler                              0x080048f9   Thumb Code     4  stm32f4xx_it.o(i.NMI_Handler)
    PID_Init                                 0x080048fd   Thumb Code   328  pid_app.o(i.PID_Init)
    PID_Task                                 0x08004a7d   Thumb Code   316  pid_app.o(i.PID_Task)
    PN532_MifareClassicAuthenticate_UART     0x08004c51   Thumb Code   214  pn532.o(i.PN532_MifareClassicAuthenticate_UART)
    PN532_MifareClassicReadWithUID_UART      0x08004d2d   Thumb Code   152  pn532.o(i.PN532_MifareClassicReadWithUID_UART)
    PN532_ReadPeakInfoSelective              0x08004dc9   Thumb Code   506  pn532_task.o(i.PN532_ReadPeakInfoSelective)
    PathPlanning_DecideNextMove              0x080050b9   Thumb Code   284  path_planning.o(i.PathPlanning_DecideNextMove)
    PathPlanning_Init                        0x080051d9   Thumb Code   158  path_planning.o(i.PathPlanning_Init)
    PathPlanning_Update                      0x080052a9   Thumb Code  1204  path_planning.o(i.PathPlanning_Update)
    PathPlanning_UpdatePosition              0x08005779   Thumb Code   276  path_planning.o(i.PathPlanning_UpdatePosition)
    RHO_Parse                                0x08005891   Thumb Code    84  monitor.o(i.RHO_Parse)
    RHO_Receive                              0x08005901   Thumb Code    94  monitor.o(i.RHO_Receive)
    SPT_BuildShortestPathFromHistory         0x080059d9   Thumb Code   906  simple_path_tracker.o(i.SPT_BuildShortestPathFromHistory)
    SPT_Init                                 0x08005d85   Thumb Code    78  simple_path_tracker.o(i.SPT_Init)
    SPT_Update                               0x08005dd9   Thumb Code   384  simple_path_tracker.o(i.SPT_Update)
    StartDefaultTask                         0x08005f65   Thumb Code    36  freertos.o(i.StartDefaultTask)
    StartPN532_ICCardTask                    0x08005f8d   Thumb Code   160  pn532_task.o(i.StartPN532_ICCardTask)
    StartTask03                              0x08006045   Thumb Code    10  freertos.o(i.StartTask03)
    StartTask04                              0x0800604f   Thumb Code    14  freertos.o(i.StartTask04)
    StartTask05                              0x0800605d   Thumb Code    14  freertos.o(i.StartTask05)
    StartTask06                              0x0800606b   Thumb Code    14  freertos.o(i.StartTask06)
    StartTask07                              0x08006079   Thumb Code    14  freertos.o(i.StartTask07)
    StartTask08                              0x08006089   Thumb Code    24  freertos.o(i.StartTask08)
    SysTick_Handler                          0x080060a9   Thumb Code    46  port.o(i.SysTick_Handler)
    SystemClock_Config                       0x080060dd   Thumb Code   174  main.o(i.SystemClock_Config)
    SystemInit                               0x08006195   Thumb Code    14  system_stm32f4xx.o(i.SystemInit)
    TIM6_DAC_IRQHandler                      0x080061a9   Thumb Code    10  stm32f4xx_it.o(i.TIM6_DAC_IRQHandler)
    TIM_Base_SetConfig                       0x080061b9   Thumb Code   178  stm32f4xx_hal_tim.o(i.TIM_Base_SetConfig)
    TIM_CCxChannelCmd                        0x08006299   Thumb Code    34  stm32f4xx_hal_tim.o(i.TIM_CCxChannelCmd)
    TIM_OC2_SetConfig                        0x0800632d   Thumb Code   114  stm32f4xx_hal_tim.o(i.TIM_OC2_SetConfig)
    UART4_IRQHandler                         0x08006475   Thumb Code    10  stm32f4xx_it.o(i.UART4_IRQHandler)
    UART5_IRQHandler                         0x08006485   Thumb Code    10  stm32f4xx_it.o(i.UART5_IRQHandler)
    UART_Start_Receive_IT                    0x08006939   Thumb Code    64  stm32f4xx_hal_uart.o(i.UART_Start_Receive_IT)
    USART1_IRQHandler                        0x08006a65   Thumb Code    10  stm32f4xx_it.o(i.USART1_IRQHandler)
    USART2_IRQHandler                        0x08006a75   Thumb Code    10  stm32f4xx_it.o(i.USART2_IRQHandler)
    USART3_IRQHandler                        0x08006a85   Thumb Code    10  stm32f4xx_it.o(i.USART3_IRQHandler)
    USART6_IRQHandler                        0x08006a95   Thumb Code    10  stm32f4xx_it.o(i.USART6_IRQHandler)
    Uart3_Parse                              0x08006aa5   Thumb Code   186  monitor.o(i.Uart3_Parse)
    Uart3_Receive                            0x08006b81   Thumb Code   130  monitor.o(i.Uart3_Receive)
    UsageFault_Handler                       0x08006c15   Thumb Code     4  stm32f4xx_it.o(i.UsageFault_Handler)
    VisionControl_Update                     0x08006c19   Thumb Code   162  pid_app.o(i.VisionControl_Update)
    Warn                                     0x08006cd5   Thumb Code   178  freertos.o(i.Warn)
    YAWControl_Update                        0x08006d9d   Thumb Code   118  pid_app.o(i.YAWControl_Update)
    __0printf                                0x08006ec1   Thumb Code    22  printfa.o(i.__0printf)
    __1printf                                0x08006ec1   Thumb Code     0  printfa.o(i.__0printf)
    __2printf                                0x08006ec1   Thumb Code     0  printfa.o(i.__0printf)
    __c89printf                              0x08006ec1   Thumb Code     0  printfa.o(i.__0printf)
    printf                                   0x08006ec1   Thumb Code     0  printfa.o(i.__0printf)
    __0snprintf                              0x08006ee1   Thumb Code    48  printfa.o(i.__0snprintf)
    __1snprintf                              0x08006ee1   Thumb Code     0  printfa.o(i.__0snprintf)
    __2snprintf                              0x08006ee1   Thumb Code     0  printfa.o(i.__0snprintf)
    __c89snprintf                            0x08006ee1   Thumb Code     0  printfa.o(i.__0snprintf)
    snprintf                                 0x08006ee1   Thumb Code     0  printfa.o(i.__0snprintf)
    __0sprintf                               0x08006f15   Thumb Code    34  printfa.o(i.__0sprintf)
    __1sprintf                               0x08006f15   Thumb Code     0  printfa.o(i.__0sprintf)
    __2sprintf                               0x08006f15   Thumb Code     0  printfa.o(i.__0sprintf)
    __c89sprintf                             0x08006f15   Thumb Code     0  printfa.o(i.__0sprintf)
    sprintf                                  0x08006f15   Thumb Code     0  printfa.o(i.__0sprintf)
    __0vsnprintf                             0x08006f3d   Thumb Code    46  printfa.o(i.__0vsnprintf)
    __1vsnprintf                             0x08006f3d   Thumb Code     0  printfa.o(i.__0vsnprintf)
    __2vsnprintf                             0x08006f3d   Thumb Code     0  printfa.o(i.__0vsnprintf)
    __c89vsnprintf                           0x08006f3d   Thumb Code     0  printfa.o(i.__0vsnprintf)
    vsnprintf                                0x08006f3d   Thumb Code     0  printfa.o(i.__0vsnprintf)
    __ARM_fpclassifyf                        0x08006f71   Thumb Code    38  fpclassifyf.o(i.__ARM_fpclassifyf)
    __hardfp_cosf                            0x08006fd1   Thumb Code   280  cosf.o(i.__hardfp_cosf)
    __hardfp_fabs                            0x08007121   Thumb Code    20  fabs.o(i.__hardfp_fabs)
    __hardfp_sinf                            0x08007135   Thumb Code   344  sinf.o(i.__hardfp_sinf)
    __mathlib_flt_infnan                     0x080072c5   Thumb Code     6  funder.o(i.__mathlib_flt_infnan)
    __mathlib_flt_invalid                    0x080072cd   Thumb Code    10  funder.o(i.__mathlib_flt_invalid)
    __mathlib_flt_underflow                  0x080072dd   Thumb Code    10  funder.o(i.__mathlib_flt_underflow)
    __mathlib_rredf2                         0x080072ed   Thumb Code   316  rredf.o(i.__mathlib_rredf2)
    __scatterload_copy                       0x08007441   Thumb Code    14  handlers.o(i.__scatterload_copy)
    __scatterload_null                       0x0800744f   Thumb Code     2  handlers.o(i.__scatterload_null)
    __scatterload_zeroinit                   0x08007451   Thumb Code    14  handlers.o(i.__scatterload_zeroinit)
    __set_errno                              0x08007461   Thumb Code     6  errno.o(i.__set_errno)
    calculate_angle_error                    0x08007d95   Thumb Code    68  path_planning.o(i.calculate_angle_error)
    fputc                                    0x08007f09   Thumb Code    22  usart.o(i.fputc)
    history_cal1                             0x08007f3d   Thumb Code    76  record.o(i.history_cal1)
    history_cal2                             0x08008001   Thumb Code    76  record.o(i.history_cal2)
    history_show                             0x080080c5   Thumb Code   122  freertos.o(i.history_show)
    history_show1_record                     0x08008151   Thumb Code   268  record.o(i.history_show1_record)
    history_show2_record                     0x08008361   Thumb Code   262  record.o(i.history_show2_record)
    main                                     0x080086c1   Thumb Code   174  main.o(i.main)
    my_printf                                0x080087a7   Thumb Code    56  monitor.o(i.my_printf)
    osDelay                                  0x08008829   Thumb Code    24  cmsis_os.o(i.osDelay)
    osKernelStart                            0x08008841   Thumb Code    10  cmsis_os.o(i.osKernelStart)
    osMessageCreate                          0x0800884b   Thumb Code    40  cmsis_os.o(i.osMessageCreate)
    osThreadCreate                           0x08008873   Thumb Code    94  cmsis_os.o(i.osThreadCreate)
    pid_calculate_positional                 0x080088d1   Thumb Code    38  pid.o(i.pid_calculate_positional)
    pid_constrain                            0x080088f7   Thumb Code    42  pid.o(i.pid_constrain)
    pid_init                                 0x08008a31   Thumb Code    78  pid.o(i.pid_init)
    pid_set_limit                            0x08008ac5   Thumb Code     6  pid.o(i.pid_set_limit)
    pid_set_params                           0x08008acb   Thumb Code    14  pid.o(i.pid_set_params)
    pid_set_target                           0x08008ad9   Thumb Code    60  pid.o(i.pid_set_target)
    pid_update_target                        0x08008b15   Thumb Code     6  pid.o(i.pid_update_target)
    pvPortMalloc                             0x0800923d   Thumb Code   306  heap_4.o(i.pvPortMalloc)
    pvTaskIncrementMutexHeldCount            0x08009389   Thumb Code    26  tasks.o(i.pvTaskIncrementMutexHeldCount)
    pxPortInitialiseStack                    0x080093a9   Thumb Code    38  port.o(i.pxPortInitialiseStack)
    recordShow                               0x080093d5   Thumb Code   244  freertos.o(i.recordShow)
    record_show                              0x080094e9   Thumb Code   568  record.o(i.record_show)
    record_show_char                         0x08009739   Thumb Code   296  record.o(i.record_show_char)
    record_show_name                         0x0800988d   Thumb Code    60  record.o(i.record_show_name)
    records_cal                              0x080098f9   Thumb Code    94  freertos.o(i.records_cal)
    road_show                                0x08009c15   Thumb Code   272  record.o(i.road_show)
    run_show                                 0x08009d3d   Thumb Code   102  freertos.o(i.run_show)
    u2_calculate                             0x0800a0ad   Thumb Code   854  stm32f4xx_it.o(i.u2_calculate)
    u2printf                                 0x0800a431   Thumb Code    60  uart2.o(i.u2printf)
    uxListRemove                             0x0800a47d   Thumb Code    40  list.o(i.uxListRemove)
    vApplicationGetIdleTaskMemory            0x0800a4a5   Thumb Code    14  freertos.o(i.vApplicationGetIdleTaskMemory)
    vListInitialise                          0x0800a4bd   Thumb Code    26  list.o(i.vListInitialise)
    vListInitialiseItem                      0x0800a4d7   Thumb Code     6  list.o(i.vListInitialiseItem)
    vListInsert                              0x0800a4dd   Thumb Code    52  list.o(i.vListInsert)
    vListInsertEnd                           0x0800a511   Thumb Code    24  list.o(i.vListInsertEnd)
    vPortEnterCritical                       0x0800a529   Thumb Code    76  port.o(i.vPortEnterCritical)
    vPortExitCritical                        0x0800a57d   Thumb Code    56  port.o(i.vPortExitCritical)
    vPortFree                                0x0800a5b9   Thumb Code   150  heap_4.o(i.vPortFree)
    vPortSetupTimerInterrupt                 0x0800a65d   Thumb Code    36  port.o(i.vPortSetupTimerInterrupt)
    vPortValidateInterruptPriority           0x0800a685   Thumb Code   106  port.o(i.vPortValidateInterruptPriority)
    vTaskDelay                               0x0800a6fd   Thumb Code    82  tasks.o(i.vTaskDelay)
    vTaskInternalSetTimeOutState             0x0800a759   Thumb Code    14  tasks.o(i.vTaskInternalSetTimeOutState)
    vTaskMissedYield                         0x0800a771   Thumb Code     8  tasks.o(i.vTaskMissedYield)
    vTaskPlaceOnEventList                    0x0800a77d   Thumb Code    52  tasks.o(i.vTaskPlaceOnEventList)
    vTaskPriorityDisinheritAfterTimeout      0x0800a7b5   Thumb Code   216  tasks.o(i.vTaskPriorityDisinheritAfterTimeout)
    vTaskStartScheduler                      0x0800a899   Thumb Code   146  tasks.o(i.vTaskStartScheduler)
    vTaskSuspendAll                          0x0800a949   Thumb Code    12  tasks.o(i.vTaskSuspendAll)
    vTaskSwitchContext                       0x0800a959   Thumb Code   118  tasks.o(i.vTaskSwitchContext)
    xPortStartScheduler                      0x0800a9e5   Thumb Code   330  port.o(i.xPortStartScheduler)
    xQueueGenericCreate                      0x0800ab4d   Thumb Code    90  queue.o(i.xQueueGenericCreate)
    xQueueGenericCreateStatic                0x0800aba7   Thumb Code   224  queue.o(i.xQueueGenericCreateStatic)
    xQueueGenericReset                       0x0800ac89   Thumb Code   146  queue.o(i.xQueueGenericReset)
    xQueueGenericSendFromISR                 0x0800ad21   Thumb Code   252  queue.o(i.xQueueGenericSendFromISR)
    xQueueGiveFromISR                        0x0800ae1d   Thumb Code   224  queue.o(i.xQueueGiveFromISR)
    xQueueReceive                            0x0800aefd   Thumb Code   356  queue.o(i.xQueueReceive)
    xQueueSemaphoreTake                      0x0800b065   Thumb Code   434  queue.o(i.xQueueSemaphoreTake)
    xTaskCheckForTimeOut                     0x0800b21d   Thumb Code   132  tasks.o(i.xTaskCheckForTimeOut)
    xTaskCreate                              0x0800b2a9   Thumb Code   100  tasks.o(i.xTaskCreate)
    xTaskCreateStatic                        0x0800b30d   Thumb Code   186  tasks.o(i.xTaskCreateStatic)
    xTaskGetSchedulerState                   0x0800b3c9   Thumb Code    24  tasks.o(i.xTaskGetSchedulerState)
    xTaskIncrementTick                       0x0800b3e9   Thumb Code   282  tasks.o(i.xTaskIncrementTick)
    xTaskPriorityDisinherit                  0x0800b531   Thumb Code   188  tasks.o(i.xTaskPriorityDisinherit)
    xTaskPriorityInherit                     0x0800b5f9   Thumb Code   172  tasks.o(i.xTaskPriorityInherit)
    xTaskRemoveFromEventList                 0x0800b6b1   Thumb Code   128  tasks.o(i.xTaskRemoveFromEventList)
    xTaskResumeAll                           0x0800b749   Thumb Code   224  tasks.o(i.xTaskResumeAll)
    x_cal                                    0x0800b84d   Thumb Code   128  record.o(i.x_cal)
    y_cal                                    0x0800b8d5   Thumb Code    94  record.o(i.y_cal)
    AHBPrescTable                            0x0800bb28   Data          16  system_stm32f4xx.o(.constdata)
    APBPrescTable                            0x0800bb38   Data           8  system_stm32f4xx.o(.constdata)
    unlock_cmd                               0x0800bb40   Data           5  monitor.o(.constdata)
    save_cmd                                 0x0800bb45   Data           5  monitor.o(.constdata)
    cali_angle_ref                           0x0800bb4a   Data           5  monitor.o(.constdata)
    cali_z_axis                              0x0800bb4f   Data           5  monitor.o(.constdata)
    gyro_auto_on                             0x0800bb54   Data           5  monitor.o(.constdata)
    gyro_auto_off                            0x0800bb59   Data           5  monitor.o(.constdata)
    Region$$Table$$Base                      0x0800bf30   Number         0  anon$$obj.o(Region$$Table)
    Region$$Table$$Limit                     0x0800bf70   Number         0  anon$$obj.o(Region$$Table)
    u2temp                                   0x20000000   Data           1  stm32f4xx_it.o(.data)
    PN532_ICCardTaskHandle                   0x20000008   Data           4  pn532_task.o(.data)
    g_block1_array                           0x20000014   Data           4  pn532_task.o(.data)
    g_block1_array_size                      0x20000018   Data           4  pn532_task.o(.data)
    g_block2_first_byte                      0x2000001c   Data           1  pn532_task.o(.data)
    uart6_rx_ticks                           0x20000020   Data           4  pn532_task.o(.data)
    uart6_rx_index                           0x20000024   Data           2  pn532_task.o(.data)
    uart6_rx_flag                            0x20000026   Data           1  pn532_task.o(.data)
    shortest_count                           0x20000054   Data           1  record.o(.data)
    hist_count                               0x20000056   Data           2  record.o(.data)
    record_num                               0x20000058   Data           1  record.o(.data)
    co60_record                              0x2000005a   Data          92  record.o(.data)
    co57_record                              0x200000b6   Data          92  record.o(.data)
    Ba133_record                             0x20000112   Data          92  record.o(.data)
    K40_record                               0x2000016e   Data          92  record.o(.data)
    H3_record                                0x200001ca   Data          92  record.o(.data)
    C14_record                               0x20000226   Data          92  record.o(.data)
    Sr90_record                              0x20000282   Data          92  record.o(.data)
    Pu239_record                             0x200002de   Data          92  record.o(.data)
    Am241_record                             0x2000033a   Data          92  record.o(.data)
    Pu242_record                             0x20000396   Data          92  record.o(.data)
    Cf252_record                             0x200003f2   Data          92  record.o(.data)
    uart2_tx_busy                            0x2000044e   Data           1  uart2.o(.data)
    __stdout                                 0x20000450   Data           4  stdout.o(.data)
    huart4                                   0x20000454   Data          72  usart.o(.bss)
    huart5                                   0x2000049c   Data          72  usart.o(.bss)
    huart1                                   0x200004e4   Data          72  usart.o(.bss)
    huart2                                   0x2000052c   Data          72  usart.o(.bss)
    huart3                                   0x20000574   Data          72  usart.o(.bss)
    huart6                                   0x200005bc   Data          72  usart.o(.bss)
    hdma_uart4_tx                            0x20000604   Data          96  usart.o(.bss)
    g_last_read_result                       0x20000664   Data        1040  pn532_task.o(.bss)
    g_card_data_buffer                       0x20000a74   Data         292  pn532_task.o(.bss)
    g_peak_info                              0x20000b98   Data           9  pn532_task.o(.bss)
    uart6_rx_buffer                          0x20000ba1   Data         256  pn532_task.o(.bss)
    A_encoder                                0x200194a4   Data          16  encoder_app.o(.bss)
    B_encoder                                0x200194b4   Data          16  encoder_app.o(.bss)
    C_encoder                                0x200194c4   Data          16  encoder_app.o(.bss)
    D_encoder                                0x200194d4   Data          16  encoder_app.o(.bss)
    car                                      0x200194e4   Data         132  motor_app.o(.bss)
    pid_speed_A                              0x20019568   Data          60  pid_app.o(.bss)
    pid_speed_B                              0x200195a4   Data          60  pid_app.o(.bss)
    pid_speed_C                              0x200195e0   Data          60  pid_app.o(.bss)
    pid_speed_D                              0x2001961c   Data          60  pid_app.o(.bss)
    pid_speed_rho                            0x20019658   Data          60  pid_app.o(.bss)
    pid_speed_yaw                            0x20019694   Data          60  pid_app.o(.bss)
    g_planner                                0x200196d0   Data        1508  path_planning.o(.bss)
    g_motion_ctrl                            0x20019cb4   Data          24  path_planning.o(.bss)
    uart2_tx_buf                             0x20019cdc   Data         100  uart2.o(.bss)
    xUartSemaphore                           0x2001c000   Data           4  freertos.o(.data)
    uart_processing                          0x2001c004   Data           1  freertos.o(.data)
    warn_flag                                0x2001c005   Data           1  freertos.o(.data)
    system_started                           0x2001c006   Data           1  freertos.o(.data)
    final_flag                               0x2001c007   Data           1  freertos.o(.data)
    defaultTaskHandle                        0x2001c008   Data           4  freertos.o(.data)
    uart1Handle                              0x2001c00c   Data           4  freertos.o(.data)
    UART4_monitorHandle                      0x2001c010   Data           4  freertos.o(.data)
    US3_JY91Handle                           0x2001c014   Data           4  freertos.o(.data)
    encoderHandle                            0x2001c018   Data           4  freertos.o(.data)
    run_motorHandle                          0x2001c01c   Data           4  freertos.o(.data)
    rho_getHandle                            0x2001c020   Data           4  freertos.o(.data)
    run_taskHandle                           0x2001c024   Data           4  freertos.o(.data)
    run_recordHandle                         0x2001c028   Data           4  freertos.o(.data)
    RGBwarnHandle                            0x2001c02c   Data           4  freertos.o(.data)
    recordsHandle                            0x2001c030   Data           4  freertos.o(.data)
    record_calHandle                         0x2001c034   Data           4  freertos.o(.data)
    hisHandle                                0x2001c038   Data           4  freertos.o(.data)
    recordHandle                             0x2001c03c   Data           4  freertos.o(.data)
    showHandle                               0x2001c040   Data           4  freertos.o(.data)
    historyHandle                            0x2001c044   Data           4  freertos.o(.data)
    uwTick                                   0x2001c048   Data           4  stm32f4xx_hal.o(.data)
    uwTickPrio                               0x2001c04c   Data           4  stm32f4xx_hal.o(.data)
    uwTickFreq                               0x2001c050   Data           1  stm32f4xx_hal.o(.data)
    SystemCoreClock                          0x2001c054   Data           4  system_stm32f4xx.o(.data)
    pxCurrentTCB                             0x2001c058   Data           4  tasks.o(.data)
    f_roll                                   0x2001c094   Data           4  monitor.o(.data)
    f_pitch                                  0x2001c098   Data           4  monitor.o(.data)
    f_yaw                                    0x2001c09c   Data           4  monitor.o(.data)
    f_rho                                    0x2001c0a0   Data           4  monitor.o(.data)
    f_cross                                  0x2001c0a4   Data           1  monitor.o(.data)
    Recv3                                    0x2001c0a5   Data           1  monitor.o(.data)
    Recv_index3                              0x2001c0a6   Data           1  monitor.o(.data)
    Recv_flag3                               0x2001c0a7   Data           1  monitor.o(.data)
    Recv5                                    0x2001c0a8   Data           1  monitor.o(.data)
    Recv_index5                              0x2001c0a9   Data           1  monitor.o(.data)
    Recv_flag5                               0x2001c0aa   Data           1  monitor.o(.data)
    pid_params_A                             0x2001c0ac   Data          20  pid_app.o(.data)
    pid_params_A_speed                       0x2001c0c0   Data          80  pid_app.o(.data)
    pid_params_B                             0x2001c110   Data          20  pid_app.o(.data)
    pid_params_B_speed                       0x2001c124   Data          80  pid_app.o(.data)
    pid_params_C                             0x2001c174   Data          20  pid_app.o(.data)
    pid_params_C_speed                       0x2001c188   Data          80  pid_app.o(.data)
    pid_params_D                             0x2001c1d8   Data          20  pid_app.o(.data)
    pid_params_D_speed                       0x2001c1ec   Data          80  pid_app.o(.data)
    pid_params_rho                           0x2001c23c   Data          20  pid_app.o(.data)
    pid_params_yaw                           0x2001c250   Data          20  pid_app.o(.data)
    pid_running                              0x2001c264   Data           1  pid_app.o(.data)
    g_tracker                                0x2001c270   Data        2068  freertos.o(.bss)
    g_shortest                               0x2001ca84   Data        2068  freertos.o(.bss)
    htim1                                    0x2001d4ec   Data          72  tim.o(.bss)
    htim2                                    0x2001d534   Data          72  tim.o(.bss)
    htim3                                    0x2001d57c   Data          72  tim.o(.bss)
    htim4                                    0x2001d5c4   Data          72  tim.o(.bss)
    htim10                                   0x2001d60c   Data          72  tim.o(.bss)
    htim11                                   0x2001d654   Data          72  tim.o(.bss)
    htim13                                   0x2001d69c   Data          72  tim.o(.bss)
    htim14                                   0x2001d6e4   Data          72  tim.o(.bss)
    htim6                                    0x2001d72c   Data          72  stm32f4xx_hal_timebase_tim.o(.bss)
    Recv_buf3                                0x2001d878   Data         100  monitor.o(.bss)
    Recv_buf5                                0x2001d8dc   Data         100  monitor.o(.bss)
    __initial_sp                             0x2001dd40   Data           0  startup_stm32f407xx.o(STACK)



==============================================================================

Memory Map of the image

  Image Entry point : 0x08000189

  Load Region LR_IROM1 (Base: 0x08000000, Size: 0x0000c634, Max: 0x00100000, ABSOLUTE, COMPRESSED[0x0000c144])

    Execution Region ER_IROM1 (Exec base: 0x08000000, Load base: 0x08000000, Size: 0x0000bf70, Max: 0x00100000, ABSOLUTE)

    Exec Addr    Load Addr    Size         Type   Attr      Idx    E Section Name        Object

    0x08000000   0x08000000   0x00000188   Data   RO            3    RESET               startup_stm32f407xx.o
    0x08000188   0x08000188   0x00000000   Code   RO         5804  * .ARM.Collect$$$$00000000  mc_w.l(entry.o)
    0x08000188   0x08000188   0x00000004   Code   RO         6111    .ARM.Collect$$$$00000001  mc_w.l(entry2.o)
    0x0800018c   0x0800018c   0x00000004   Code   RO         6114    .ARM.Collect$$$$00000004  mc_w.l(entry5.o)
    0x08000190   0x08000190   0x00000000   Code   RO         6116    .ARM.Collect$$$$00000008  mc_w.l(entry7b.o)
    0x08000190   0x08000190   0x00000000   Code   RO         6118    .ARM.Collect$$$$0000000A  mc_w.l(entry8b.o)
    0x08000190   0x08000190   0x00000008   Code   RO         6119    .ARM.Collect$$$$0000000B  mc_w.l(entry9a.o)
    0x08000198   0x08000198   0x00000004   Code   RO         6126    .ARM.Collect$$$$0000000E  mc_w.l(entry12b.o)
    0x0800019c   0x0800019c   0x00000000   Code   RO         6121    .ARM.Collect$$$$0000000F  mc_w.l(entry10a.o)
    0x0800019c   0x0800019c   0x00000000   Code   RO         6123    .ARM.Collect$$$$00000011  mc_w.l(entry11a.o)
    0x0800019c   0x0800019c   0x00000004   Code   RO         6112    .ARM.Collect$$$$00002712  mc_w.l(entry2.o)
    0x080001a0   0x080001a0   0x000000be   Code   RO         4913    .emb_text           port.o
    0x0800025e   0x0800025e   0x00000002   PAD
    0x08000260   0x08000260   0x00000024   Code   RO            4    .text               startup_stm32f407xx.o
    0x08000284   0x08000284   0x00000062   Code   RO         5807    .text               mc_w.l(uldiv.o)
    0x080002e6   0x080002e6   0x00000024   Code   RO         5809    .text               mc_w.l(memcpya.o)
    0x0800030a   0x0800030a   0x00000024   Code   RO         5813    .text               mc_w.l(memseta.o)
    0x0800032e   0x0800032e   0x0000000e   Code   RO         5815    .text               mc_w.l(strlen.o)
    0x0800033c   0x0800033c   0x000000e4   Code   RO         6080    .text               mf_w.l(dmul.o)
    0x08000420   0x08000420   0x00000022   Code   RO         6082    .text               mf_w.l(dflti.o)
    0x08000442   0x08000442   0x00000026   Code   RO         6084    .text               mf_w.l(f2d.o)
    0x08000468   0x08000468   0x00000030   Code   RO         6086    .text               mf_w.l(cdcmple.o)
    0x08000498   0x08000498   0x00000030   Code   RO         6088    .text               mf_w.l(cdrcmple.o)
    0x080004c8   0x080004c8   0x00000038   Code   RO         6090    .text               mf_w.l(d2f.o)
    0x08000500   0x08000500   0x0000002c   Code   RO         6128    .text               mc_w.l(uidiv.o)
    0x0800052c   0x0800052c   0x0000001e   Code   RO         6130    .text               mc_w.l(llshl.o)
    0x0800054a   0x0800054a   0x00000020   Code   RO         6132    .text               mc_w.l(llushr.o)
    0x0800056a   0x0800056a   0x00000000   Code   RO         6141    .text               mc_w.l(iusefp.o)
    0x0800056a   0x0800056a   0x0000006e   Code   RO         6142    .text               mf_w.l(fepilogue.o)
    0x080005d8   0x080005d8   0x000000ba   Code   RO         6144    .text               mf_w.l(depilogue.o)
    0x08000692   0x08000692   0x0000014e   Code   RO         6146    .text               mf_w.l(dadd.o)
    0x080007e0   0x080007e0   0x000000de   Code   RO         6148    .text               mf_w.l(ddiv.o)
    0x080008be   0x080008be   0x00000030   Code   RO         6150    .text               mf_w.l(dfixul.o)
    0x080008ee   0x080008ee   0x00000002   PAD
    0x080008f0   0x080008f0   0x00000024   Code   RO         6152    .text               mc_w.l(init.o)
    0x08000914   0x08000914   0x00000024   Code   RO         6154    .text               mc_w.l(llsshr.o)
    0x08000938   0x08000938   0x00000056   Code   RO         6164    .text               mc_w.l(__dczerorl2.o)
    0x0800098e   0x0800098e   0x00000002   PAD
    0x08000990   0x08000990   0x0000007c   Code   RO         5476    i.AdaptivePID_Update_A  pid_app.o
    0x08000a0c   0x08000a0c   0x0000007c   Code   RO         5477    i.AdaptivePID_Update_B  pid_app.o
    0x08000a88   0x08000a88   0x0000007c   Code   RO         5478    i.AdaptivePID_Update_C  pid_app.o
    0x08000b04   0x08000b04   0x0000007c   Code   RO         5479    i.AdaptivePID_Update_D  pid_app.o
    0x08000b80   0x08000b80   0x00000004   Code   RO          660    i.BusFault_Handler  stm32f4xx_it.o
    0x08000b84   0x08000b84   0x00000046   Code   RO          905    i.CalculateAddress  pn532_task.o
    0x08000bca   0x08000bca   0x00000002   PAD
    0x08000bcc   0x08000bcc   0x0000010c   Code   RO          906    i.CardBuffer_AddRecord  pn532_task.o
    0x08000cd8   0x08000cd8   0x00000014   Code   RO          910    i.CardBuffer_Init   pn532_task.o
    0x08000cec   0x08000cec   0x00000518   Code   RO          913    i.CardBuffer_PrintToUART4  pn532_task.o
    0x08001204   0x08001204   0x0000012c   Code   RO          289    i.Connect           freertos.o
    0x08001330   0x08001330   0x00000010   Code   RO          661    i.DMA1_Stream4_IRQHandler  stm32f4xx_it.o
    0x08001340   0x08001340   0x00000034   Code   RO         2578    i.DMA_CalcBaseAndBitshift  stm32f4xx_hal_dma.o
    0x08001374   0x08001374   0x000000aa   Code   RO         2579    i.DMA_CheckFifoParam  stm32f4xx_hal_dma.o
    0x0800141e   0x0800141e   0x0000002c   Code   RO         2580    i.DMA_SetConfig     stm32f4xx_hal_dma.o
    0x0800144a   0x0800144a   0x00000002   Code   RO          662    i.DebugMon_Handler  stm32f4xx_it.o
    0x0800144c   0x0800144c   0x00000030   Code   RO         5200    i.Encoder_Driver_Init  encoder_driver.o
    0x0800147c   0x0800147c   0x00000068   Code   RO         5201    i.Encoder_Driver_Update  encoder_driver.o
    0x080014e4   0x080014e4   0x0000004c   Code   RO         5399    i.Encoder_Init      encoder_app.o
    0x08001530   0x08001530   0x0000002c   Code   RO         5400    i.Encoder_Task      encoder_app.o
    0x0800155c   0x0800155c   0x00000006   Code   RO           13    i.Error_Handler     main.o
    0x08001562   0x08001562   0x00000120   Code   RO          914    i.ExtractPeakData   pn532_task.o
    0x08001682   0x08001682   0x00000002   PAD
    0x08001684   0x08001684   0x00000060   Code   RO         5480    i.GetSpeedRange     pid_app.o
    0x080016e4   0x080016e4   0x000000ac   Code   RO         2581    i.HAL_DMA_Abort     stm32f4xx_hal_dma.o
    0x08001790   0x08001790   0x00000028   Code   RO         2582    i.HAL_DMA_Abort_IT  stm32f4xx_hal_dma.o
    0x080017b8   0x080017b8   0x00000240   Code   RO         2586    i.HAL_DMA_IRQHandler  stm32f4xx_hal_dma.o
    0x080019f8   0x080019f8   0x000000ec   Code   RO         2587    i.HAL_DMA_Init      stm32f4xx_hal_dma.o
    0x08001ae4   0x08001ae4   0x00000092   Code   RO         2591    i.HAL_DMA_Start_IT  stm32f4xx_hal_dma.o
    0x08001b76   0x08001b76   0x00000002   PAD
    0x08001b78   0x08001b78   0x00000028   Code   RO         3023    i.HAL_Delay         stm32f4xx_hal.o
    0x08001ba0   0x08001ba0   0x000001f4   Code   RO         2474    i.HAL_GPIO_Init     stm32f4xx_hal_gpio.o
    0x08001d94   0x08001d94   0x0000000c   Code   RO         2478    i.HAL_GPIO_WritePin  stm32f4xx_hal_gpio.o
    0x08001da0   0x08001da0   0x0000000c   Code   RO         3029    i.HAL_GetTick       stm32f4xx_hal.o
    0x08001dac   0x08001dac   0x00000018   Code   RO         3035    i.HAL_IncTick       stm32f4xx_hal.o
    0x08001dc4   0x08001dc4   0x0000003c   Code   RO         3036    i.HAL_Init          stm32f4xx_hal.o
    0x08001e00   0x08001e00   0x000000b4   Code   RO          812    i.HAL_InitTick      stm32f4xx_hal_timebase_tim.o
    0x08001eb4   0x08001eb4   0x00000054   Code   RO          788    i.HAL_MspInit       stm32f4xx_hal_msp.o
    0x08001f08   0x08001f08   0x00000028   Code   RO         2866    i.HAL_NVIC_EnableIRQ  stm32f4xx_hal_cortex.o
    0x08001f30   0x08001f30   0x0000007c   Code   RO         2872    i.HAL_NVIC_SetPriority  stm32f4xx_hal_cortex.o
    0x08001fac   0x08001fac   0x00000028   Code   RO         2873    i.HAL_NVIC_SetPriorityGrouping  stm32f4xx_hal_cortex.o
    0x08001fd4   0x08001fd4   0x00000184   Code   RO         2075    i.HAL_RCC_ClockConfig  stm32f4xx_hal_rcc.o
    0x08002158   0x08002158   0x00000044   Code   RO         2079    i.HAL_RCC_GetClockConfig  stm32f4xx_hal_rcc.o
    0x0800219c   0x0800219c   0x0000000c   Code   RO         2080    i.HAL_RCC_GetHCLKFreq  stm32f4xx_hal_rcc.o
    0x080021a8   0x080021a8   0x00000020   Code   RO         2082    i.HAL_RCC_GetPCLK1Freq  stm32f4xx_hal_rcc.o
    0x080021c8   0x080021c8   0x00000020   Code   RO         2083    i.HAL_RCC_GetPCLK2Freq  stm32f4xx_hal_rcc.o
    0x080021e8   0x080021e8   0x000000b0   Code   RO         2084    i.HAL_RCC_GetSysClockFreq  stm32f4xx_hal_rcc.o
    0x08002298   0x08002298   0x0000049c   Code   RO         2087    i.HAL_RCC_OscConfig  stm32f4xx_hal_rcc.o
    0x08002734   0x08002734   0x00000002   Code   RO         1807    i.HAL_TIMEx_BreakCallback  stm32f4xx_hal_tim_ex.o
    0x08002736   0x08002736   0x00000002   Code   RO         1808    i.HAL_TIMEx_CommutCallback  stm32f4xx_hal_tim_ex.o
    0x08002738   0x08002738   0x000000b4   Code   RO         1826    i.HAL_TIMEx_MasterConfigSynchronization  stm32f4xx_hal_tim_ex.o
    0x080027ec   0x080027ec   0x00000066   Code   RO         1092    i.HAL_TIM_Base_Init  stm32f4xx_hal_tim.o
    0x08002852   0x08002852   0x00000002   PAD
    0x08002854   0x08002854   0x000000c0   Code   RO          477    i.HAL_TIM_Base_MspInit  tim.o
    0x08002914   0x08002914   0x000000a8   Code   RO         1097    i.HAL_TIM_Base_Start_IT  stm32f4xx_hal_tim.o
    0x080029bc   0x080029bc   0x000000c8   Code   RO         1113    i.HAL_TIM_Encoder_Init  stm32f4xx_hal_tim.o
    0x08002a84   0x08002a84   0x000001dc   Code   RO          479    i.HAL_TIM_Encoder_MspInit  tim.o
    0x08002c60   0x08002c60   0x000000cc   Code   RO         1116    i.HAL_TIM_Encoder_Start  stm32f4xx_hal_tim.o
    0x08002d2c   0x08002d2c   0x00000002   Code   RO         1126    i.HAL_TIM_IC_CaptureCallback  stm32f4xx_hal_tim.o
    0x08002d2e   0x08002d2e   0x0000016c   Code   RO         1140    i.HAL_TIM_IRQHandler  stm32f4xx_hal_tim.o
    0x08002e9a   0x08002e9a   0x00000002   PAD
    0x08002e9c   0x08002e9c   0x00000138   Code   RO          480    i.HAL_TIM_MspPostInit  tim.o
    0x08002fd4   0x08002fd4   0x00000002   Code   RO         1143    i.HAL_TIM_OC_DelayElapsedCallback  stm32f4xx_hal_tim.o
    0x08002fd6   0x08002fd6   0x00000104   Code   RO         1164    i.HAL_TIM_PWM_ConfigChannel  stm32f4xx_hal_tim.o
    0x080030da   0x080030da   0x00000066   Code   RO         1167    i.HAL_TIM_PWM_Init  stm32f4xx_hal_tim.o
    0x08003140   0x08003140   0x00000002   Code   RO         1169    i.HAL_TIM_PWM_MspInit  stm32f4xx_hal_tim.o
    0x08003142   0x08003142   0x00000002   Code   RO         1170    i.HAL_TIM_PWM_PulseFinishedCallback  stm32f4xx_hal_tim.o
    0x08003144   0x08003144   0x0000010c   Code   RO         1172    i.HAL_TIM_PWM_Start  stm32f4xx_hal_tim.o
    0x08003250   0x08003250   0x00000018   Code   RO           14    i.HAL_TIM_PeriodElapsedCallback  main.o
    0x08003268   0x08003268   0x00000002   Code   RO         1183    i.HAL_TIM_TriggerCallback  stm32f4xx_hal_tim.o
    0x0800326a   0x0800326a   0x00000002   Code   RO         3286    i.HAL_UARTEx_RxEventCallback  stm32f4xx_hal_uart.o
    0x0800326c   0x0800326c   0x00000002   Code   RO         3300    i.HAL_UART_ErrorCallback  stm32f4xx_hal_uart.o
    0x0800326e   0x0800326e   0x00000002   PAD
    0x08003270   0x08003270   0x00000308   Code   RO         3303    i.HAL_UART_IRQHandler  stm32f4xx_hal_uart.o
    0x08003578   0x08003578   0x00000076   Code   RO         3304    i.HAL_UART_Init     stm32f4xx_hal_uart.o
    0x080035ee   0x080035ee   0x00000002   PAD
    0x080035f0   0x080035f0   0x000003a4   Code   RO          579    i.HAL_UART_MspInit  usart.o
    0x08003994   0x08003994   0x000000c2   Code   RO         3307    i.HAL_UART_Receive  stm32f4xx_hal_uart.o
    0x08003a56   0x08003a56   0x0000002c   Code   RO         3309    i.HAL_UART_Receive_IT  stm32f4xx_hal_uart.o
    0x08003a82   0x08003a82   0x00000002   PAD
    0x08003a84   0x08003a84   0x000000ec   Code   RO          663    i.HAL_UART_RxCpltCallback  stm32f4xx_it.o
    0x08003b70   0x08003b70   0x000000be   Code   RO         3312    i.HAL_UART_Transmit  stm32f4xx_hal_uart.o
    0x08003c2e   0x08003c2e   0x00000002   PAD
    0x08003c30   0x08003c30   0x0000009c   Code   RO         3313    i.HAL_UART_Transmit_DMA  stm32f4xx_hal_uart.o
    0x08003ccc   0x08003ccc   0x00000038   Code   RO         3314    i.HAL_UART_Transmit_IT  stm32f4xx_hal_uart.o
    0x08003d04   0x08003d04   0x00000018   Code   RO         5743    i.HAL_UART_TxCpltCallback  uart2.o
    0x08003d1c   0x08003d1c   0x00000002   Code   RO         3316    i.HAL_UART_TxHalfCpltCallback  stm32f4xx_hal_uart.o
    0x08003d1e   0x08003d1e   0x00000004   Code   RO          664    i.HardFault_Handler  stm32f4xx_it.o
    0x08003d22   0x08003d22   0x00000002   PAD
    0x08003d24   0x08003d24   0x00000058   Code   RO         4993    i.JY61P_Send        monitor.o
    0x08003d7c   0x08003d7c   0x000000b4   Code   RO         4994    i.Kalman_Filter_Yaw  monitor.o
    0x08003e30   0x08003e30   0x0000003c   Code   RO         4995    i.Kalman_Init       monitor.o
    0x08003e6c   0x08003e6c   0x00000038   Code   RO          452    i.MX_DMA_Init       dma.o
    0x08003ea4   0x08003ea4   0x000001e0   Code   RO          290    i.MX_FREERTOS_Init  freertos.o
    0x08004084   0x08004084   0x00000158   Code   RO          265    i.MX_GPIO_Init      gpio.o
    0x080041dc   0x080041dc   0x00000070   Code   RO          481    i.MX_TIM10_Init     tim.o
    0x0800424c   0x0800424c   0x00000070   Code   RO          482    i.MX_TIM11_Init     tim.o
    0x080042bc   0x080042bc   0x00000070   Code   RO          483    i.MX_TIM13_Init     tim.o
    0x0800432c   0x0800432c   0x00000070   Code   RO          484    i.MX_TIM14_Init     tim.o
    0x0800439c   0x0800439c   0x00000084   Code   RO          485    i.MX_TIM1_Init      tim.o
    0x08004420   0x08004420   0x00000080   Code   RO          486    i.MX_TIM2_Init      tim.o
    0x080044a0   0x080044a0   0x00000080   Code   RO          487    i.MX_TIM3_Init      tim.o
    0x08004520   0x08004520   0x00000080   Code   RO          488    i.MX_TIM4_Init      tim.o
    0x080045a0   0x080045a0   0x00000038   Code   RO          580    i.MX_UART4_Init     usart.o
    0x080045d8   0x080045d8   0x00000038   Code   RO          581    i.MX_UART5_Init     usart.o
    0x08004610   0x08004610   0x00000038   Code   RO          582    i.MX_USART1_UART_Init  usart.o
    0x08004648   0x08004648   0x00000038   Code   RO          583    i.MX_USART2_UART_Init  usart.o
    0x08004680   0x08004680   0x00000038   Code   RO          584    i.MX_USART3_UART_Init  usart.o
    0x080046b8   0x080046b8   0x00000038   Code   RO          585    i.MX_USART6_UART_Init  usart.o
    0x080046f0   0x080046f0   0x00000004   Code   RO          665    i.MemManage_Handler  stm32f4xx_it.o
    0x080046f4   0x080046f4   0x000000a8   Code   RO         5108    i.MotorDriver_Init  motor_driver.o
    0x0800479c   0x0800479c   0x00000034   Code   RO         5111    i.MotorDriver_SetMotor  motor_driver.o
    0x080047d0   0x080047d0   0x00000022   Code   RO         5112    i.MotorDriver_StopAll  motor_driver.o
    0x080047f2   0x080047f2   0x00000076   Code   RO         5113    i.MotorDriver_Turn  motor_driver.o
    0x08004868   0x08004868   0x0000007e   Code   RO         5114    i.MotorDriver_U_Turn  motor_driver.o
    0x080048e6   0x080048e6   0x00000002   PAD
    0x080048e8   0x080048e8   0x00000010   Code   RO         5442    i.Motor_Init        motor_app.o
    0x080048f8   0x080048f8   0x00000004   Code   RO          666    i.NMI_Handler       stm32f4xx_it.o
    0x080048fc   0x080048fc   0x00000180   Code   RO         5481    i.PID_Init          pid_app.o
    0x08004a7c   0x08004a7c   0x00000178   Code   RO         5482    i.PID_Task          pid_app.o
    0x08004bf4   0x08004bf4   0x0000005c   Code   RO          922    i.PN532_Init_Hardware  pn532_task.o
    0x08004c50   0x08004c50   0x000000dc   Code   RO          851    i.PN532_MifareClassicAuthenticate_UART  pn532.o
    0x08004d2c   0x08004d2c   0x0000009c   Code   RO          852    i.PN532_MifareClassicReadWithUID_UART  pn532.o
    0x08004dc8   0x08004dc8   0x00000214   Code   RO          926    i.PN532_ReadPeakInfoSelective  pn532_task.o
    0x08004fdc   0x08004fdc   0x000000dc   Code   RO          927    i.PN532_SearchCard  pn532_task.o
    0x080050b8   0x080050b8   0x00000120   Code   RO         5560    i.PathPlanning_DecideNextMove  path_planning.o
    0x080051d8   0x080051d8   0x000000d0   Code   RO         5562    i.PathPlanning_Init  path_planning.o
    0x080052a8   0x080052a8   0x000004d0   Code   RO         5563    i.PathPlanning_Update  path_planning.o
    0x08005778   0x08005778   0x00000118   Code   RO         5564    i.PathPlanning_UpdatePosition  path_planning.o
    0x08005890   0x08005890   0x00000070   Code   RO         4996    i.RHO_Parse         monitor.o
    0x08005900   0x08005900   0x00000070   Code   RO         4997    i.RHO_Receive       monitor.o
    0x08005970   0x08005970   0x00000068   Code   RO          929    i.ReadBlockSelective  pn532_task.o
    0x080059d8   0x080059d8   0x000003ac   Code   RO         5326    i.SPT_BuildShortestPathFromHistory  simple_path_tracker.o
    0x08005d84   0x08005d84   0x00000054   Code   RO         5328    i.SPT_Init          simple_path_tracker.o
    0x08005dd8   0x08005dd8   0x0000018c   Code   RO         5329    i.SPT_Update        simple_path_tracker.o
    0x08005f64   0x08005f64   0x00000028   Code   RO          291    i.StartDefaultTask  freertos.o
    0x08005f8c   0x08005f8c   0x000000b8   Code   RO          930    i.StartPN532_ICCardTask  pn532_task.o
    0x08006044   0x08006044   0x0000000a   Code   RO          292    i.StartTask03       freertos.o
    0x0800604e   0x0800604e   0x0000000e   Code   RO          293    i.StartTask04       freertos.o
    0x0800605c   0x0800605c   0x0000000e   Code   RO          294    i.StartTask05       freertos.o
    0x0800606a   0x0800606a   0x0000000e   Code   RO          295    i.StartTask06       freertos.o
    0x08006078   0x08006078   0x0000000e   Code   RO          296    i.StartTask07       freertos.o
    0x08006086   0x08006086   0x00000002   PAD
    0x08006088   0x08006088   0x00000020   Code   RO          297    i.StartTask08       freertos.o
    0x080060a8   0x080060a8   0x00000034   Code   RO         4914    i.SysTick_Handler   port.o
    0x080060dc   0x080060dc   0x000000b8   Code   RO           15    i.SystemClock_Config  main.o
    0x08006194   0x08006194   0x00000014   Code   RO         3648    i.SystemInit        system_stm32f4xx.o
    0x080061a8   0x080061a8   0x00000010   Code   RO          667    i.TIM6_DAC_IRQHandler  stm32f4xx_it.o
    0x080061b8   0x080061b8   0x000000e0   Code   RO         1185    i.TIM_Base_SetConfig  stm32f4xx_hal_tim.o
    0x08006298   0x08006298   0x00000022   Code   RO         1186    i.TIM_CCxChannelCmd  stm32f4xx_hal_tim.o
    0x080062ba   0x080062ba   0x00000002   PAD
    0x080062bc   0x080062bc   0x00000070   Code   RO         1198    i.TIM_OC1_SetConfig  stm32f4xx_hal_tim.o
    0x0800632c   0x0800632c   0x0000007c   Code   RO         1199    i.TIM_OC2_SetConfig  stm32f4xx_hal_tim.o
    0x080063a8   0x080063a8   0x00000078   Code   RO         1200    i.TIM_OC3_SetConfig  stm32f4xx_hal_tim.o
    0x08006420   0x08006420   0x00000054   Code   RO         1201    i.TIM_OC4_SetConfig  stm32f4xx_hal_tim.o
    0x08006474   0x08006474   0x00000010   Code   RO          668    i.UART4_IRQHandler  stm32f4xx_it.o
    0x08006484   0x08006484   0x00000010   Code   RO          669    i.UART5_IRQHandler  stm32f4xx_it.o
    0x08006494   0x08006494   0x00000012   Code   RO         3317    i.UART_DMAAbortOnError  stm32f4xx_hal_uart.o
    0x080064a6   0x080064a6   0x00000050   Code   RO         3318    i.UART_DMAError     stm32f4xx_hal_uart.o
    0x080064f6   0x080064f6   0x00000058   Code   RO         3323    i.UART_DMATransmitCplt  stm32f4xx_hal_uart.o
    0x0800654e   0x0800654e   0x0000000e   Code   RO         3325    i.UART_DMATxHalfCplt  stm32f4xx_hal_uart.o
    0x0800655c   0x0800655c   0x0000006c   Code   RO         3327    i.UART_EndRxTransfer  stm32f4xx_hal_uart.o
    0x080065c8   0x080065c8   0x00000020   Code   RO         3328    i.UART_EndTransmit_IT  stm32f4xx_hal_uart.o
    0x080065e8   0x080065e8   0x00000026   Code   RO         3329    i.UART_EndTxTransfer  stm32f4xx_hal_uart.o
    0x0800660e   0x0800660e   0x000000fc   Code   RO         3330    i.UART_Receive_IT   stm32f4xx_hal_uart.o
    0x0800670a   0x0800670a   0x00000002   PAD
    0x0800670c   0x0800670c   0x0000022c   Code   RO         3331    i.UART_SetConfig    stm32f4xx_hal_uart.o
    0x08006938   0x08006938   0x00000040   Code   RO         3333    i.UART_Start_Receive_IT  stm32f4xx_hal_uart.o
    0x08006978   0x08006978   0x00000060   Code   RO         3334    i.UART_Transmit_IT  stm32f4xx_hal_uart.o
    0x080069d8   0x080069d8   0x0000008c   Code   RO         3335    i.UART_WaitOnFlagUntilTimeout  stm32f4xx_hal_uart.o
    0x08006a64   0x08006a64   0x00000010   Code   RO          670    i.USART1_IRQHandler  stm32f4xx_it.o
    0x08006a74   0x08006a74   0x00000010   Code   RO          671    i.USART2_IRQHandler  stm32f4xx_it.o
    0x08006a84   0x08006a84   0x00000010   Code   RO          672    i.USART3_IRQHandler  stm32f4xx_it.o
    0x08006a94   0x08006a94   0x00000010   Code   RO          673    i.USART6_IRQHandler  stm32f4xx_it.o
    0x08006aa4   0x08006aa4   0x000000dc   Code   RO         4998    i.Uart3_Parse       monitor.o
    0x08006b80   0x08006b80   0x00000094   Code   RO         4999    i.Uart3_Receive     monitor.o
    0x08006c14   0x08006c14   0x00000004   Code   RO          674    i.UsageFault_Handler  stm32f4xx_it.o
    0x08006c18   0x08006c18   0x000000bc   Code   RO         5483    i.VisionControl_Update  pid_app.o
    0x08006cd4   0x08006cd4   0x000000c8   Code   RO          298    i.Warn              freertos.o
    0x08006d9c   0x08006d9c   0x00000124   Code   RO         5484    i.YAWControl_Update  pid_app.o
    0x08006ec0   0x08006ec0   0x00000020   Code   RO         6052    i.__0printf         mc_w.l(printfa.o)
    0x08006ee0   0x08006ee0   0x00000034   Code   RO         6053    i.__0snprintf       mc_w.l(printfa.o)
    0x08006f14   0x08006f14   0x00000028   Code   RO         6054    i.__0sprintf        mc_w.l(printfa.o)
    0x08006f3c   0x08006f3c   0x00000034   Code   RO         6057    i.__0vsnprintf      mc_w.l(printfa.o)
    0x08006f70   0x08006f70   0x00000026   Code   RO         6092    i.__ARM_fpclassifyf  m_wm.l(fpclassifyf.o)
    0x08006f96   0x08006f96   0x00000002   PAD
    0x08006f98   0x08006f98   0x00000010   Code   RO         2879    i.__NVIC_GetPriorityGrouping  stm32f4xx_hal_cortex.o
    0x08006fa8   0x08006fa8   0x00000028   Code   RO         2880    i.__NVIC_SetPriority  stm32f4xx_hal_cortex.o
    0x08006fd0   0x08006fd0   0x00000150   Code   RO         5774    i.__hardfp_cosf     m_wm.l(cosf.o)
    0x08007120   0x08007120   0x00000014   Code   RO         5786    i.__hardfp_fabs     m_wm.l(fabs.o)
    0x08007134   0x08007134   0x00000190   Code   RO         5792    i.__hardfp_sinf     m_wm.l(sinf.o)
    0x080072c4   0x080072c4   0x00000006   Code   RO         6095    i.__mathlib_flt_infnan  m_wm.l(funder.o)
    0x080072ca   0x080072ca   0x00000002   PAD
    0x080072cc   0x080072cc   0x00000010   Code   RO         6097    i.__mathlib_flt_invalid  m_wm.l(funder.o)
    0x080072dc   0x080072dc   0x00000010   Code   RO         6100    i.__mathlib_flt_underflow  m_wm.l(funder.o)
    0x080072ec   0x080072ec   0x00000154   Code   RO         6108    i.__mathlib_rredf2  m_wm.l(rredf.o)
    0x08007440   0x08007440   0x0000000e   Code   RO         6158    i.__scatterload_copy  mc_w.l(handlers.o)
    0x0800744e   0x0800744e   0x00000002   Code   RO         6159    i.__scatterload_null  mc_w.l(handlers.o)
    0x08007450   0x08007450   0x0000000e   Code   RO         6160    i.__scatterload_zeroinit  mc_w.l(handlers.o)
    0x0800745e   0x0800745e   0x00000002   PAD
    0x08007460   0x08007460   0x0000000c   Code   RO         6136    i.__set_errno       mc_w.l(errno.o)
    0x0800746c   0x0800746c   0x00000184   Code   RO         6059    i._fp_digits        mc_w.l(printfa.o)
    0x080075f0   0x080075f0   0x000006b4   Code   RO         6060    i._printf_core      mc_w.l(printfa.o)
    0x08007ca4   0x08007ca4   0x00000024   Code   RO         6061    i._printf_post_padding  mc_w.l(printfa.o)
    0x08007cc8   0x08007cc8   0x0000002e   Code   RO         6062    i._printf_pre_padding  mc_w.l(printfa.o)
    0x08007cf6   0x08007cf6   0x00000016   Code   RO         6063    i._snputc           mc_w.l(printfa.o)
    0x08007d0c   0x08007d0c   0x0000000a   Code   RO         6064    i._sputc            mc_w.l(printfa.o)
    0x08007d16   0x08007d16   0x0000007c   Code   RO         5115    i.apply_motor_control  motor_driver.o
    0x08007d92   0x08007d92   0x00000002   PAD
    0x08007d94   0x08007d94   0x00000050   Code   RO         5565    i.calculate_angle_error  path_planning.o
    0x08007de4   0x08007de4   0x00000016   Code   RO         5116    i.clamp             motor_driver.o
    0x08007dfa   0x08007dfa   0x00000002   PAD
    0x08007dfc   0x08007dfc   0x0000010c   Code   RO         5566    i.execute_turn_action  path_planning.o
    0x08007f08   0x08007f08   0x0000001c   Code   RO          586    i.fputc             usart.o
    0x08007f24   0x08007f24   0x00000018   Code   RO         5567    i.get_relative_direction  path_planning.o
    0x08007f3c   0x08007f3c   0x000000c4   Code   RO         5656    i.history_cal1      record.o
    0x08008000   0x08008000   0x000000c4   Code   RO         5657    i.history_cal2      record.o
    0x080080c4   0x080080c4   0x0000008c   Code   RO          299    i.history_show      freertos.o
    0x08008150   0x08008150   0x00000210   Code   RO         5658    i.history_show1_record  record.o
    0x08008360   0x08008360   0x0000020c   Code   RO         5659    i.history_show2_record  record.o
    0x0800856c   0x0800856c   0x00000060   Code   RO         5568    i.is_cross_stable   path_planning.o
    0x080085cc   0x080085cc   0x0000006c   Code   RO         5569    i.is_direction_allowed  path_planning.o
    0x08008638   0x08008638   0x00000088   Code   RO         5570    i.is_path_visited   path_planning.o
    0x080086c0   0x080086c0   0x000000d8   Code   RO           16    i.main              main.o
    0x08008798   0x08008798   0x0000000e   Code   RO         4488    i.makeFreeRtosPriority  cmsis_os.o
    0x080087a6   0x080087a6   0x00000038   Code   RO         5000    i.my_printf         monitor.o
    0x080087de   0x080087de   0x00000002   PAD
    0x080087e0   0x080087e0   0x00000048   Code   RO         5001    i.normalize_angle   monitor.o
    0x08008828   0x08008828   0x00000018   Code   RO         4490    i.osDelay           cmsis_os.o
    0x08008840   0x08008840   0x0000000a   Code   RO         4493    i.osKernelStart     cmsis_os.o
    0x0800884a   0x0800884a   0x00000028   Code   RO         4502    i.osMessageCreate   cmsis_os.o
    0x08008872   0x08008872   0x0000005e   Code   RO         4527    i.osThreadCreate    cmsis_os.o
    0x080088d0   0x080088d0   0x00000026   Code   RO         5235    i.pid_calculate_positional  pid.o
    0x080088f6   0x080088f6   0x0000002a   Code   RO         5236    i.pid_constrain     pid.o
    0x08008920   0x08008920   0x00000110   Code   RO         5238    i.pid_formula_positional  pid.o
    0x08008a30   0x08008a30   0x00000054   Code   RO         5239    i.pid_init          pid.o
    0x08008a84   0x08008a84   0x00000040   Code   RO         5240    i.pid_out_limit     pid.o
    0x08008ac4   0x08008ac4   0x00000006   Code   RO         5242    i.pid_set_limit     pid.o
    0x08008aca   0x08008aca   0x0000000e   Code   RO         5243    i.pid_set_params    pid.o
    0x08008ad8   0x08008ad8   0x0000003c   Code   RO         5244    i.pid_set_target    pid.o
    0x08008b14   0x08008b14   0x00000006   Code   RO         5245    i.pid_update_target  pid.o
    0x08008b1a   0x08008b1a   0x00000074   Code   RO          853    i.pn532_call_quiet  pn532.o
    0x08008b8e   0x08008b8e   0x000000ac   Code   RO          854    i.pn532_send_frame_quiet  pn532.o
    0x08008c3a   0x08008c3a   0x00000002   PAD
    0x08008c3c   0x08008c3c   0x00000098   Code   RO         4159    i.prvAddCurrentTaskToDelayedList  tasks.o
    0x08008cd4   0x08008cd4   0x000000b4   Code   RO         4160    i.prvAddNewTaskToReadyList  tasks.o
    0x08008d88   0x08008d88   0x00000048   Code   RO         4161    i.prvCheckTasksWaitingTermination  tasks.o
    0x08008dd0   0x08008dd0   0x0000002a   Code   RO         3825    i.prvCopyDataFromQueue  queue.o
    0x08008dfa   0x08008dfa   0x0000007e   Code   RO         3826    i.prvCopyDataToQueue  queue.o
    0x08008e78   0x08008e78   0x00000050   Code   RO         4162    i.prvDeleteTCB      tasks.o
    0x08008ec8   0x08008ec8   0x00000014   Code   RO         3827    i.prvGetDisinheritPriorityAfterTimeout  queue.o
    0x08008edc   0x08008edc   0x0000007c   Code   RO         4855    i.prvHeapInit       heap_4.o
    0x08008f58   0x08008f58   0x00000028   Code   RO         4163    i.prvIdleTask       tasks.o
    0x08008f80   0x08008f80   0x00000026   Code   RO         3829    i.prvInitialiseNewQueue  queue.o
    0x08008fa6   0x08008fa6   0x000000b4   Code   RO         4164    i.prvInitialiseNewTask  tasks.o
    0x0800905a   0x0800905a   0x00000002   PAD
    0x0800905c   0x0800905c   0x00000068   Code   RO         4165    i.prvInitialiseTaskLists  tasks.o
    0x080090c4   0x080090c4   0x00000068   Code   RO         4856    i.prvInsertBlockIntoFreeList  heap_4.o
    0x0800912c   0x0800912c   0x0000001a   Code   RO         3830    i.prvIsQueueEmpty   queue.o
    0x08009146   0x08009146   0x00000002   PAD
    0x08009148   0x08009148   0x00000034   Code   RO         4166    i.prvResetNextTaskUnblockTime  tasks.o
    0x0800917c   0x0800917c   0x00000040   Code   RO         4915    i.prvTaskExitError  port.o
    0x080091bc   0x080091bc   0x0000007e   Code   RO         3832    i.prvUnlockQueue    queue.o
    0x0800923a   0x0800923a   0x00000002   PAD
    0x0800923c   0x0800923c   0x0000014c   Code   RO         4857    i.pvPortMalloc      heap_4.o
    0x08009388   0x08009388   0x00000020   Code   RO         4168    i.pvTaskIncrementMutexHeldCount  tasks.o
    0x080093a8   0x080093a8   0x0000002c   Code   RO         4916    i.pxPortInitialiseStack  port.o
    0x080093d4   0x080093d4   0x00000114   Code   RO          300    i.recordShow        freertos.o
    0x080094e8   0x080094e8   0x00000250   Code   RO         5660    i.record_show       record.o
    0x08009738   0x08009738   0x00000154   Code   RO         5661    i.record_show_char  record.o
    0x0800988c   0x0800988c   0x0000006c   Code   RO         5662    i.record_show_name  record.o
    0x080098f8   0x080098f8   0x00000078   Code   RO          301    i.records_cal       freertos.o
    0x08009970   0x08009970   0x00000080   Code   RO          855    i.recv_ack          pn532.o
    0x080099f0   0x080099f0   0x00000224   Code   RO          856    i.recv_response     pn532.o
    0x08009c14   0x08009c14   0x00000128   Code   RO         5663    i.road_show         record.o
    0x08009d3c   0x08009d3c   0x0000008c   Code   RO          302    i.run_show          freertos.o
    0x08009dc8   0x08009dc8   0x0000005a   Code   RO         5117    i.set_motor_direction  motor_driver.o
    0x08009e22   0x08009e22   0x00000030   Code   RO         5118    i.set_motor_pwm     motor_driver.o
    0x08009e52   0x08009e52   0x000000b4   Code   RO         5330    i.spt_connect_line  simple_path_tracker.o
    0x08009f06   0x08009f06   0x0000002a   Code   RO         5331    i.spt_find_index_linear  simple_path_tracker.o
    0x08009f30   0x08009f30   0x0000005e   Code   RO         5332    i.spt_hash_has      simple_path_tracker.o
    0x08009f8e   0x08009f8e   0x00000002   PAD
    0x08009f90   0x08009f90   0x00000024   Code   RO         5333    i.spt_hash_key      simple_path_tracker.o
    0x08009fb4   0x08009fb4   0x0000006e   Code   RO         5334    i.spt_hash_put      simple_path_tracker.o
    0x0800a022   0x0800a022   0x00000032   Code   RO         5335    i.spt_push_point    simple_path_tracker.o
    0x0800a054   0x0800a054   0x00000058   Code   RO         5336    i.spt_to_grid       simple_path_tracker.o
    0x0800a0ac   0x0800a0ac   0x00000384   Code   RO          675    i.u2_calculate      stm32f4xx_it.o
    0x0800a430   0x0800a430   0x0000004c   Code   RO         5744    i.u2printf          uart2.o
    0x0800a47c   0x0800a47c   0x00000028   Code   RO         3785    i.uxListRemove      list.o
    0x0800a4a4   0x0800a4a4   0x00000018   Code   RO          303    i.vApplicationGetIdleTaskMemory  freertos.o
    0x0800a4bc   0x0800a4bc   0x0000001a   Code   RO         3786    i.vListInitialise   list.o
    0x0800a4d6   0x0800a4d6   0x00000006   Code   RO         3787    i.vListInitialiseItem  list.o
    0x0800a4dc   0x0800a4dc   0x00000034   Code   RO         3788    i.vListInsert       list.o
    0x0800a510   0x0800a510   0x00000018   Code   RO         3789    i.vListInsertEnd    list.o
    0x0800a528   0x0800a528   0x00000054   Code   RO         4918    i.vPortEnterCritical  port.o
    0x0800a57c   0x0800a57c   0x0000003c   Code   RO         4919    i.vPortExitCritical  port.o
    0x0800a5b8   0x0800a5b8   0x000000a4   Code   RO         4858    i.vPortFree         heap_4.o
    0x0800a65c   0x0800a65c   0x00000028   Code   RO         4920    i.vPortSetupTimerInterrupt  port.o
    0x0800a684   0x0800a684   0x00000078   Code   RO         4921    i.vPortValidateInterruptPriority  port.o
    0x0800a6fc   0x0800a6fc   0x0000005c   Code   RO         4175    i.vTaskDelay        tasks.o
    0x0800a758   0x0800a758   0x00000018   Code   RO         4178    i.vTaskInternalSetTimeOutState  tasks.o
    0x0800a770   0x0800a770   0x0000000c   Code   RO         4179    i.vTaskMissedYield  tasks.o
    0x0800a77c   0x0800a77c   0x00000038   Code   RO         4181    i.vTaskPlaceOnEventList  tasks.o
    0x0800a7b4   0x0800a7b4   0x000000e4   Code   RO         4183    i.vTaskPriorityDisinheritAfterTimeout  tasks.o
    0x0800a898   0x0800a898   0x000000b0   Code   RO         4188    i.vTaskStartScheduler  tasks.o
    0x0800a948   0x0800a948   0x00000010   Code   RO         4190    i.vTaskSuspendAll   tasks.o
    0x0800a958   0x0800a958   0x0000008c   Code   RO         4191    i.vTaskSwitchContext  tasks.o
    0x0800a9e4   0x0800a9e4   0x00000168   Code   RO         4922    i.xPortStartScheduler  port.o
    0x0800ab4c   0x0800ab4c   0x0000005a   Code   RO         3841    i.xQueueGenericCreate  queue.o
    0x0800aba6   0x0800aba6   0x000000e0   Code   RO         3842    i.xQueueGenericCreateStatic  queue.o
    0x0800ac86   0x0800ac86   0x00000002   PAD
    0x0800ac88   0x0800ac88   0x00000098   Code   RO         3843    i.xQueueGenericReset  queue.o
    0x0800ad20   0x0800ad20   0x000000fc   Code   RO         3845    i.xQueueGenericSendFromISR  queue.o
    0x0800ae1c   0x0800ae1c   0x000000e0   Code   RO         3846    i.xQueueGiveFromISR  queue.o
    0x0800aefc   0x0800aefc   0x00000168   Code   RO         3851    i.xQueueReceive     queue.o
    0x0800b064   0x0800b064   0x000001b8   Code   RO         3853    i.xQueueSemaphoreTake  queue.o
    0x0800b21c   0x0800b21c   0x0000008c   Code   RO         4193    i.xTaskCheckForTimeOut  tasks.o
    0x0800b2a8   0x0800b2a8   0x00000064   Code   RO         4194    i.xTaskCreate       tasks.o
    0x0800b30c   0x0800b30c   0x000000ba   Code   RO         4195    i.xTaskCreateStatic  tasks.o
    0x0800b3c6   0x0800b3c6   0x00000002   PAD
    0x0800b3c8   0x0800b3c8   0x00000020   Code   RO         4199    i.xTaskGetSchedulerState  tasks.o
    0x0800b3e8   0x0800b3e8   0x00000148   Code   RO         4202    i.xTaskIncrementTick  tasks.o
    0x0800b530   0x0800b530   0x000000c8   Code   RO         4205    i.xTaskPriorityDisinherit  tasks.o
    0x0800b5f8   0x0800b5f8   0x000000b8   Code   RO         4206    i.xTaskPriorityInherit  tasks.o
    0x0800b6b0   0x0800b6b0   0x00000098   Code   RO         4207    i.xTaskRemoveFromEventList  tasks.o
    0x0800b748   0x0800b748   0x00000104   Code   RO         4208    i.xTaskResumeAll    tasks.o
    0x0800b84c   0x0800b84c   0x00000088   Code   RO         5664    i.x_cal             record.o
    0x0800b8d4   0x0800b8d4   0x0000005e   Code   RO         5665    i.y_cal             record.o
    0x0800b932   0x0800b932   0x00000002   PAD
    0x0800b934   0x0800b934   0x000001b8   Data   RO          305    .constdata          freertos.o
    0x0800baec   0x0800baec   0x00000034   Data   RO          933    .constdata          pn532_task.o
    0x0800bb20   0x0800bb20   0x00000008   Data   RO         2593    .constdata          stm32f4xx_hal_dma.o
    0x0800bb28   0x0800bb28   0x00000018   Data   RO         3649    .constdata          system_stm32f4xx.o
    0x0800bb40   0x0800bb40   0x0000001e   Data   RO         5003    .constdata          monitor.o
    0x0800bb5e   0x0800bb5e   0x00000002   PAD
    0x0800bb60   0x0800bb60   0x00000070   Data   RO         5119    .constdata          motor_driver.o
    0x0800bbd0   0x0800bbd0   0x00000020   Data   RO         5338    .constdata          simple_path_tracker.o
    0x0800bbf0   0x0800bbf0   0x00000020   Data   RO         6109    .constdata          m_wm.l(rredf.o)
    0x0800bc10   0x0800bc10   0x00000098   Data   RO          306    .conststring        freertos.o
    0x0800bca8   0x0800bca8   0x00000287   Data   RO          934    .conststring        pn532_task.o
    0x0800bf2f   0x0800bf2f   0x00000001   PAD
    0x0800bf30   0x0800bf30   0x00000040   Data   RO         6156    Region$$Table       anon$$obj.o


    Execution Region RW_IRAM1 (Exec base: 0x20000000, Load base: 0x0800bf70, Size: 0x00019d40, Max: 0x0001c000, ABSOLUTE, COMPRESSED[0x000000fc])

    Exec Addr    Load Addr    Size         Type   Attr      Idx    E Section Name        Object

    0x20000000   COMPRESSED   0x00000007   Data   RW          676    .data               stm32f4xx_it.o
    0x20000007   COMPRESSED   0x00000001   PAD
    0x20000008   COMPRESSED   0x0000001f   Data   RW          935    .data               pn532_task.o
    0x20000027   COMPRESSED   0x00000001   PAD
    0x20000028   COMPRESSED   0x00000020   Data   RW         4864    .data               heap_4.o
    0x20000048   COMPRESSED   0x0000000c   Data   RW         4923    .data               port.o
    0x20000054   COMPRESSED   0x000003fa   Data   RW         5666    .data               record.o
    0x2000044e   COMPRESSED   0x00000001   Data   RW         5746    .data               uart2.o
    0x2000044f   COMPRESSED   0x00000001   PAD
    0x20000450   COMPRESSED   0x00000004   Data   RW         6127    .data               mc_w.l(stdout.o)
    0x20000454        -       0x00000210   Zero   RW          587    .bss                usart.o
    0x20000664        -       0x0000063d   Zero   RW          932    .bss                pn532_task.o
    0x20000ca1        -       0x00008000   Zero   RW         4863    .bss                heap_4.o
    0x20008ca1   COMPRESSED   0x00000003   PAD
    0x20008ca4        -       0x00010800   Zero   RW         5337    .bss                simple_path_tracker.o
    0x200194a4        -       0x00000040   Zero   RW         5401    .bss                encoder_app.o
    0x200194e4        -       0x00000084   Zero   RW         5443    .bss                motor_app.o
    0x20019568        -       0x00000168   Zero   RW         5485    .bss                pid_app.o
    0x200196d0        -       0x0000060c   Zero   RW         5572    .bss                path_planning.o
    0x20019cdc        -       0x00000064   Zero   RW         5745    .bss                uart2.o


    Execution Region RW_IRAM2 (Exec base: 0x2001c000, Load base: 0x0800c06c, Size: 0x00001d40, Max: 0x00004000, ABSOLUTE, COMPRESSED[0x000000d8])

    Exec Addr    Load Addr    Size         Type   Attr      Idx    E Section Name        Object

    0x2001c000   COMPRESSED   0x00000048   Data   RW          307    .data               freertos.o
    0x2001c048   COMPRESSED   0x00000009   Data   RW         3043    .data               stm32f4xx_hal.o
    0x2001c051   COMPRESSED   0x00000003   PAD
    0x2001c054   COMPRESSED   0x00000004   Data   RW         3650    .data               system_stm32f4xx.o
    0x2001c058   COMPRESSED   0x0000003c   Data   RW         4211    .data               tasks.o
    0x2001c094   COMPRESSED   0x00000017   Data   RW         5004    .data               monitor.o
    0x2001c0ab   COMPRESSED   0x00000001   PAD
    0x2001c0ac   COMPRESSED   0x000001bd   Data   RW         5486    .data               pid_app.o
    0x2001c269   COMPRESSED   0x00000003   PAD
    0x2001c26c   COMPRESSED   0x00000004   Data   RW         6137    .data               mc_w.l(errno.o)
    0x2001c270        -       0x0000127c   Zero   RW          304    .bss                freertos.o
    0x2001d4ec        -       0x00000240   Zero   RW          489    .bss                tim.o
    0x2001d72c        -       0x00000048   Zero   RW          815    .bss                stm32f4xx_hal_timebase_tim.o
    0x2001d774        -       0x000000f0   Zero   RW         4210    .bss                tasks.o
    0x2001d864        -       0x000000dc   Zero   RW         5002    .bss                monitor.o
    0x2001d940        -       0x00000400   Zero   RW            1    STACK               startup_stm32f407xx.o


==============================================================================

Image component sizes


      Code (inc. data)   RO Data    RW Data    ZI Data      Debug   Object Name

       182          0          0          0          0      23777   cmsis_os.o
        56          4          0          0          0        770   dma.o
       120         48          0          0         64       1876   encoder_app.o
       152         20          0          0          0       1562   encoder_driver.o
         0          0          0          0          0      19992   event_groups.o
      1818        398        592         72       4732      31294   freertos.o
       344         16          0          0          0       1139   gpio.o
       724         74          0         32      32768       4879   heap_4.o
       148          0          0          0          0       3578   list.o
       430         58          0          0          0     728861   main.o
      1048        154         30         23        220       9386   monitor.o
        16          6          0          0        132        667   motor_app.o
       782          6        112          0          0       6740   motor_driver.o
      2720        228          0          0       1548      10070   path_planning.o
       586         26          0          0          0       5792   pid.o
      1832        374          0        445        360       7402   pid_app.o
      1340         30          0          0          0       8113   pn532.o
      3082        668        699         31       1597      12508   pn532_task.o
      1014         92          0         12          0      12069   port.o
      2120         16          0          0          0      18188   queue.o
      3010        910          0       1018          0       8940   record.o
      2020         60         32          0      67584      11843   simple_path_tracker.o
        36          8        392          0       1024        836   startup_stm32f407xx.o
       136         24          0          9          0       8738   stm32f4xx_hal.o
       260         22          0          0          0      33570   stm32f4xx_hal_cortex.o
      1436         16          8          0          0       7046   stm32f4xx_hal_dma.o
       512         46          0          0          0       2120   stm32f4xx_hal_gpio.o
        84          6          0          0          0        866   stm32f4xx_hal_msp.o
      1888         94          0          0          0       6301   stm32f4xx_hal_rcc.o
      2376        142          0          0          0      14843   stm32f4xx_hal_tim.o
       184         30          0          0          0       2533   stm32f4xx_hal_tim_ex.o
       180         20          0          0         72       1479   stm32f4xx_hal_timebase_tim.o
      3026         26          0          0          0      17906   stm32f4xx_hal_uart.o
      1286        166          0          7          0      10037   stm32f4xx_it.o
         0          0          0          0          0        384   stream_buffer.o
        20          6         24          4          0       1139   system_stm32f4xx.o
      3218        370          0         60        240      28557   tasks.o
      1944        144          0          0        576       8325   tim.o
       100         24          0          1        100       1590   uart2.o
      1296        118          0          0        528       7093   usart.o

    ----------------------------------------------------------------------
     41578       4450       1956       1724     111548    1082809   Object Totals
         0          0         64          0          0          0   (incl. Generated)
        52          0          3         10          3          0   (incl. Padding)

    ----------------------------------------------------------------------

      Code (inc. data)   RO Data    RW Data    ZI Data      Debug   Library Member Name

       336         56          0          0          0        136   cosf.o
        20          0          0          0          0        124   fabs.o
        38          0          0          0          0        116   fpclassifyf.o
        38         12          0          0          0        348   funder.o
       340         24         32          0          0        160   rredf.o
       400         56          0          0          0        212   sinf.o
        86          0          0          0          0          0   __dczerorl2.o
         0          0          0          0          0          0   entry.o
         0          0          0          0          0          0   entry10a.o
         0          0          0          0          0          0   entry11a.o
         4          0          0          0          0          0   entry12b.o
         8          4          0          0          0          0   entry2.o
         4          0          0          0          0          0   entry5.o
         0          0          0          0          0          0   entry7b.o
         0          0          0          0          0          0   entry8b.o
         8          4          0          0          0          0   entry9a.o
        12          6          0          4          0         68   errno.o
        30          0          0          0          0          0   handlers.o
        36          8          0          0          0         68   init.o
         0          0          0          0          0          0   iusefp.o
        30          0          0          0          0         68   llshl.o
        36          0          0          0          0         68   llsshr.o
        32          0          0          0          0         68   llushr.o
        36          0          0          0          0         68   memcpya.o
        36          0          0          0          0        108   memseta.o
      2394        106          0          0          0        852   printfa.o
         0          0          0          4          0          0   stdout.o
        14          0          0          0          0         68   strlen.o
        44          0          0          0          0         80   uidiv.o
        98          0          0          0          0         92   uldiv.o
        48          0          0          0          0         68   cdcmple.o
        48          0          0          0          0         68   cdrcmple.o
        56          0          0          0          0         88   d2f.o
       334          0          0          0          0        148   dadd.o
       222          0          0          0          0        100   ddiv.o
       186          0          0          0          0        176   depilogue.o
        48          0          0          0          0         68   dfixul.o
        34          0          0          0          0         76   dflti.o
       228          0          0          0          0         96   dmul.o
        38          0          0          0          0         68   f2d.o
       110          0          0          0          0        168   fepilogue.o

    ----------------------------------------------------------------------
      5442        276         32          8          0       3828   Library Totals
        10          0          0          0          0          0   (incl. Padding)

    ----------------------------------------------------------------------

      Code (inc. data)   RO Data    RW Data    ZI Data      Debug   Library Name

      1172        148         32          0          0       1096   m_wm.l
      2908        128          0          8          0       1608   mc_w.l
      1352          0          0          0          0       1124   mf_w.l

    ----------------------------------------------------------------------
      5442        276         32          8          0       3828   Library Totals

    ----------------------------------------------------------------------

==============================================================================


      Code (inc. data)   RO Data    RW Data    ZI Data      Debug   

     47020       4726       1988       1732     111548    1057865   Grand Totals
     47020       4726       1988        468     111548    1057865   ELF Image Totals (compressed)
     47020       4726       1988        468          0          0   ROM Totals

==============================================================================

    Total RO  Size (Code + RO Data)                49008 (  47.86kB)
    Total RW  Size (RW Data + ZI Data)            113280 ( 110.63kB)
    Total ROM Size (Code + RO Data + RW Data)      49476 (  48.32kB)

==============================================================================

