Component: ARM Compiler 5.06 update 7 (build 960) Tool: armlink [4d3601]

==============================================================================

Section Cross References

    startup_stm32f407xx.o(RESET) refers to startup_stm32f407xx.o(STACK) for __initial_sp
    startup_stm32f407xx.o(RESET) refers to startup_stm32f407xx.o(.text) for Reset_Handler
    startup_stm32f407xx.o(RESET) refers to stm32f4xx_it.o(i.NMI_Handler) for NMI_Handler
    startup_stm32f407xx.o(RESET) refers to stm32f4xx_it.o(i.HardFault_Handler) for HardFault_Handler
    startup_stm32f407xx.o(RESET) refers to stm32f4xx_it.o(i.MemManage_Handler) for MemManage_Handler
    startup_stm32f407xx.o(RESET) refers to stm32f4xx_it.o(i.BusFault_Handler) for BusFault_Handler
    startup_stm32f407xx.o(RESET) refers to stm32f4xx_it.o(i.UsageFault_Handler) for UsageFault_Handler
    startup_stm32f407xx.o(RESET) refers to port.o(.emb_text) for SVC_Handler
    startup_stm32f407xx.o(RESET) refers to stm32f4xx_it.o(i.DebugMon_Handler) for DebugMon_Handler
    startup_stm32f407xx.o(RESET) refers to port.o(i.SysTick_Handler) for SysTick_Handler
    startup_stm32f407xx.o(RESET) refers to stm32f4xx_it.o(i.USART1_IRQHandler) for USART1_IRQHandler
    startup_stm32f407xx.o(RESET) refers to stm32f4xx_it.o(i.USART2_IRQHandler) for USART2_IRQHandler
    startup_stm32f407xx.o(RESET) refers to stm32f4xx_it.o(i.USART3_IRQHandler) for USART3_IRQHandler
    startup_stm32f407xx.o(RESET) refers to stm32f4xx_it.o(i.UART5_IRQHandler) for UART5_IRQHandler
    startup_stm32f407xx.o(RESET) refers to stm32f4xx_it.o(i.TIM6_DAC_IRQHandler) for TIM6_DAC_IRQHandler
    startup_stm32f407xx.o(.text) refers to system_stm32f4xx.o(i.SystemInit) for SystemInit
    startup_stm32f407xx.o(.text) refers to entry.o(.ARM.Collect$$$$00000000) for __main
    main.o(i.HAL_TIM_PeriodElapsedCallback) refers to stm32f4xx_hal.o(i.HAL_IncTick) for HAL_IncTick
    main.o(i.SystemClock_Config) refers to memseta.o(.text) for __aeabi_memclr4
    main.o(i.SystemClock_Config) refers to stm32f4xx_hal_rcc.o(i.HAL_RCC_OscConfig) for HAL_RCC_OscConfig
    main.o(i.SystemClock_Config) refers to stm32f4xx_hal_rcc.o(i.HAL_RCC_ClockConfig) for HAL_RCC_ClockConfig
    main.o(i.main) refers to stm32f4xx_hal.o(i.HAL_Init) for HAL_Init
    main.o(i.main) refers to main.o(i.SystemClock_Config) for SystemClock_Config
    main.o(i.main) refers to gpio.o(i.MX_GPIO_Init) for MX_GPIO_Init
    main.o(i.main) refers to usart.o(i.MX_USART1_UART_Init) for MX_USART1_UART_Init
    main.o(i.main) refers to usart.o(i.MX_USART2_UART_Init) for MX_USART2_UART_Init
    main.o(i.main) refers to usart.o(i.MX_UART4_Init) for MX_UART4_Init
    main.o(i.main) refers to usart.o(i.MX_USART3_UART_Init) for MX_USART3_UART_Init
    main.o(i.main) refers to tim.o(i.MX_TIM1_Init) for MX_TIM1_Init
    main.o(i.main) refers to tim.o(i.MX_TIM2_Init) for MX_TIM2_Init
    main.o(i.main) refers to tim.o(i.MX_TIM3_Init) for MX_TIM3_Init
    main.o(i.main) refers to tim.o(i.MX_TIM4_Init) for MX_TIM4_Init
    main.o(i.main) refers to tim.o(i.MX_TIM10_Init) for MX_TIM10_Init
    main.o(i.main) refers to tim.o(i.MX_TIM13_Init) for MX_TIM13_Init
    main.o(i.main) refers to tim.o(i.MX_TIM11_Init) for MX_TIM11_Init
    main.o(i.main) refers to tim.o(i.MX_TIM14_Init) for MX_TIM14_Init
    main.o(i.main) refers to usart.o(i.MX_UART5_Init) for MX_UART5_Init
    main.o(i.main) refers to encoder_app.o(i.Encoder_Init) for Encoder_Init
    main.o(i.main) refers to motor_app.o(i.Motor_Init) for Motor_Init
    main.o(i.main) refers to pid_app.o(i.PID_Init) for PID_Init
    main.o(i.main) refers to monitor.o(i.JY61P_Send) for JY61P_Send
    main.o(i.main) refers to monitor.o(i.Kalman_Init) for Kalman_Init
    main.o(i.main) refers to path_planning.o(i.PathPlanning_Init) for PathPlanning_Init
    main.o(i.main) refers to stm32f4xx_hal_uart.o(i.HAL_UART_Receive_IT) for HAL_UART_Receive_IT
    main.o(i.main) refers to freertos.o(i.MX_FREERTOS_Init) for MX_FREERTOS_Init
    main.o(i.main) refers to cmsis_os.o(i.osKernelStart) for osKernelStart
    main.o(i.main) refers to usart.o(.bss) for huart2
    main.o(i.main) refers to monitor.o(.data) for Recv3
    gpio.o(i.MX_GPIO_Init) refers to memseta.o(.text) for __aeabi_memclr4
    gpio.o(i.MX_GPIO_Init) refers to stm32f4xx_hal_gpio.o(i.HAL_GPIO_WritePin) for HAL_GPIO_WritePin
    gpio.o(i.MX_GPIO_Init) refers to stm32f4xx_hal_gpio.o(i.HAL_GPIO_Init) for HAL_GPIO_Init
    freertos.o(i.MX_FREERTOS_Init) refers to memcpya.o(.text) for __aeabi_memcpy4
    freertos.o(i.MX_FREERTOS_Init) refers to cmsis_os.o(i.osThreadCreate) for osThreadCreate
    freertos.o(i.MX_FREERTOS_Init) refers to freertos.o(.constdata) for .constdata
    freertos.o(i.MX_FREERTOS_Init) refers to freertos.o(.data) for .data
    freertos.o(i.StartDefaultTask) refers to stm32f4xx_hal_gpio.o(i.HAL_GPIO_WritePin) for HAL_GPIO_WritePin
    freertos.o(i.StartDefaultTask) refers to cmsis_os.o(i.osDelay) for osDelay
[...]
    execute_turn_action                      0x08004a89   Thumb Code   192  path_planning.o(i.execute_turn_action)
    i.fputc                                  0x08004b74   Section        0  usart.o(i.fputc)
    i.get_relative_direction                 0x08004b88   Section        0  path_planning.o(i.get_relative_direction)
    get_relative_direction                   0x08004b89   Thumb Code    20  path_planning.o(i.get_relative_direction)
    i.is_cross_stable                        0x08004b9c   Section        0  path_planning.o(i.is_cross_stable)
    is_cross_stable                          0x08004b9d   Thumb Code   100  path_planning.o(i.is_cross_stable)
    i.is_direction_allowed                   0x08004ce8   Section        0  path_planning.o(i.is_direction_allowed)
    is_direction_allowed                     0x08004ce9   Thumb Code    82  path_planning.o(i.is_direction_allowed)
    i.is_path_visited                        0x08004d3c   Section        0  path_planning.o(i.is_path_visited)
    is_path_visited                          0x08004d3d   Thumb Code    98  path_planning.o(i.is_path_visited)
    i.main                                   0x08004da4   Section        0  main.o(i.main)
    i.makeFreeRtosPriority                   0x08004e4c   Section        0  cmsis_os.o(i.makeFreeRtosPriority)
    makeFreeRtosPriority                     0x08004e4d   Thumb Code    12  cmsis_os.o(i.makeFreeRtosPriority)
    i.my_printf                              0x08004e58   Section        0  monitor.o(i.my_printf)
    i.normalize_angle                        0x08004e8c   Section        0  monitor.o(i.normalize_angle)
    normalize_angle                          0x08004e8d   Thumb Code    40  monitor.o(i.normalize_angle)
    i.osDelay                                0x08004ec0   Section        0  cmsis_os.o(i.osDelay)
    i.osKernelStart                          0x08004ece   Section        0  cmsis_os.o(i.osKernelStart)
    i.osThreadCreate                         0x08004ed8   Section        0  cmsis_os.o(i.osThreadCreate)
    i.pid_calculate_positional               0x08004f2c   Section        0  pid.o(i.pid_calculate_positional)
    i.pid_constrain                          0x08004f44   Section        0  pid.o(i.pid_constrain)
    i.pid_formula_positional                 0x08004f64   Section        0  pid.o(i.pid_formula_positional)
    pid_formula_positional                   0x08004f65   Thumb Code   150  pid.o(i.pid_formula_positional)
    i.pid_init                               0x08005014   Section        0  pid.o(i.pid_init)
    i.pid_out_limit                          0x08005044   Section        0  pid.o(i.pid_out_limit)
    pid_out_limit                            0x08005045   Thumb Code    38  pid.o(i.pid_out_limit)
    i.pid_set_limit                          0x0800506a   Section        0  pid.o(i.pid_set_limit)
    i.pid_set_params                         0x08005070   Section        0  pid.o(i.pid_set_params)
    i.pid_set_target                         0x08005076   Section        0  pid.o(i.pid_set_target)
    i.pid_update_target                      0x0800508a   Section        0  pid.o(i.pid_update_target)
    i.prvAddCurrentTaskToDelayedList         0x08005090   Section        0  tasks.o(i.prvAddCurrentTaskToDelayedList)
    prvAddCurrentTaskToDelayedList           0x08005091   Thumb Code   102  tasks.o(i.prvAddCurrentTaskToDelayedList)
    i.prvAddNewTaskToReadyList               0x08005100   Section        0  tasks.o(i.prvAddNewTaskToReadyList)
    prvAddNewTaskToReadyList                 0x08005101   Thumb Code   194  tasks.o(i.prvAddNewTaskToReadyList)
    i.prvDeleteTCB                           0x080051d0   Section        0  tasks.o(i.prvDeleteTCB)
    prvDeleteTCB                             0x080051d1   Thumb Code    52  tasks.o(i.prvDeleteTCB)
    i.prvHeapInit                            0x08005204   Section        0  heap_4.o(i.prvHeapInit)
    prvHeapInit                              0x08005205   Thumb Code    66  heap_4.o(i.prvHeapInit)
    i.prvIdleTask                            0x08005250   Section        0  tasks.o(i.prvIdleTask)
    prvIdleTask                              0x08005251   Thumb Code    82  tasks.o(i.prvIdleTask)
    i.prvInitialiseNewTask                   0x080052b0   Section        0  tasks.o(i.prvInitialiseNewTask)
    prvInitialiseNewTask                     0x080052b1   Thumb Code   152  tasks.o(i.prvInitialiseNewTask)
    i.prvInsertBlockIntoFreeList             0x08005348   Section        0  heap_4.o(i.prvInsertBlockIntoFreeList)
    prvInsertBlockIntoFreeList               0x08005349   Thumb Code    72  heap_4.o(i.prvInsertBlockIntoFreeList)
    i.prvResetNextTaskUnblockTime            0x08005394   Section        0  tasks.o(i.prvResetNextTaskUnblockTime)
    prvResetNextTaskUnblockTime              0x08005395   Thumb Code    26  tasks.o(i.prvResetNextTaskUnblockTime)
    i.prvTaskExitError                       0x080053b4   Section        0  port.o(i.prvTaskExitError)
    prvTaskExitError                         0x080053b5   Thumb Code    36  port.o(i.prvTaskExitError)
    i.pvPortMalloc                           0x080053dc   Section        0  heap_4.o(i.pvPortMalloc)
    i.pxPortInitialiseStack                  0x080054b8   Section        0  port.o(i.pxPortInitialiseStack)
    i.set_motor_direction                    0x080054e4   Section        0  motor_driver.o(i.set_motor_direction)
    set_motor_direction                      0x080054e5   Thumb Code    70  motor_driver.o(i.set_motor_direction)
    i.set_motor_pwm                          0x0800552a   Section        0  motor_driver.o(i.set_motor_pwm)
    set_motor_pwm                            0x0800552b   Thumb Code    32  motor_driver.o(i.set_motor_pwm)
    i.u2_calculate                           0x0800554c   Section        0  stm32f4xx_it.o(i.u2_calculate)
    i.uxListRemove                           0x080055d8   Section        0  list.o(i.uxListRemove)
    i.vApplicationGetIdleTaskMemory          0x08005600   Section        0  freertos.o(i.vApplicationGetIdleTaskMemory)
    i.vListInitialise                        0x08005614   Section        0  list.o(i.vListInitialise)
    i.vListInitialiseItem                    0x0800562a   Section        0  list.o(i.vListInitialiseItem)
    i.vListInsert                            0x08005630   Section        0  list.o(i.vListInsert)
    i.vListInsertEnd                         0x08005660   Section        0  list.o(i.vListInsertEnd)
    i.vPortEnterCritical                     0x08005678   Section        0  port.o(i.vPortEnterCritical)
    i.vPortExitCritical                      0x080056b8   Section        0  port.o(i.vPortExitCritical)
    i.vPortFree                              0x080056e0   Section        0  heap_4.o(i.vPortFree)
    i.vPortSetupTimerInterrupt               0x08005744   Section        0  port.o(i.vPortSetupTimerInterrupt)
    i.vPortValidateInterruptPriority         0x08005768   Section        0  port.o(i.vPortValidateInterruptPriority)
    i.vTaskDelay                             0x080057bc   Section        0  tasks.o(i.vTaskDelay)
    i.vTaskStartScheduler                    0x08005808   Section        0  tasks.o(i.vTaskStartScheduler)
    i.vTaskSuspendAll                        0x08005874   Section        0  tasks.o(i.vTaskSuspendAll)
    i.vTaskSwitchContext                     0x08005884   Section        0  tasks.o(i.vTaskSwitchContext)
    i.xPortStartScheduler                    0x080058e0   Section        0  port.o(i.xPortStartScheduler)
    i.xQueueGiveFromISR                      0x080059d4   Section        0  queue.o(i.xQueueGiveFromISR)
    i.xTaskCreate                            0x08005a70   Section        0  tasks.o(i.xTaskCreate)
    i.xTaskCreateStatic                      0x08005aca   Section        0  tasks.o(i.xTaskCreateStatic)
    i.xTaskIncrementTick                     0x08005b20   Section        0  tasks.o(i.xTaskIncrementTick)
    i.xTaskRemoveFromEventList               0x08005bec   Section        0  tasks.o(i.xTaskRemoveFromEventList)
    i.xTaskResumeAll                         0x08005c60   Section        0  tasks.o(i.xTaskResumeAll)
    .constdata                               0x08005d24   Section      224  freertos.o(.constdata)
    .constdata                               0x08005e04   Section       16  system_stm32f4xx.o(.constdata)
    .constdata                               0x08005e14   Section        8  system_stm32f4xx.o(.constdata)
    .constdata                               0x08005e1c   Section       20  monitor.o(.constdata)
    .constdata                               0x08005e30   Section      112  motor_driver.o(.constdata)
    .conststring                             0x08005ea0   Section       88  freertos.o(.conststring)
    .conststring                             0x08005ef8   Section      228  path_planning.o(.conststring)
    .data                                    0x20000000   Section        4  freertos.o(.data)
    .data                                    0x20000004   Section       32  freertos.o(.data)
    .data                                    0x20000024   Section        2  stm32f4xx_it.o(.data)
    .data                                    0x20000028   Section       12  stm32f4xx_hal.o(.data)
    .data                                    0x20000034   Section        4  system_stm32f4xx.o(.data)
    .data                                    0x20000038   Section       60  tasks.o(.data)
    uxDeletedTasksWaitingCleanUp             0x2000003c   Data           4  tasks.o(.data)
    uxCurrentNumberOfTasks                   0x20000040   Data           4  tasks.o(.data)
    xTickCount                               0x20000044   Data           4  tasks.o(.data)
    uxTopReadyPriority                       0x20000048   Data           4  tasks.o(.data)
    xSchedulerRunning                        0x2000004c   Data           4  tasks.o(.data)
    xPendedTicks                             0x20000050   Data           4  tasks.o(.data)
    xYieldPending                            0x20000054   Data           4  tasks.o(.data)
    xNumOfOverflows                          0x20000058   Data           4  tasks.o(.data)
    uxTaskNumber                             0x2000005c   Data           4  tasks.o(.data)
    xNextTaskUnblockTime                     0x20000060   Data           4  tasks.o(.data)
    xIdleTaskHandle                          0x20000064   Data           4  tasks.o(.data)
    uxSchedulerSuspended                     0x20000068   Data           4  tasks.o(.data)
    pxDelayedTaskList                        0x2000006c   Data           4  tasks.o(.data)
    pxOverflowDelayedTaskList                0x20000070   Data           4  tasks.o(.data)
    .data                                    0x20000074   Section       32  heap_4.o(.data)
    pxEnd                                    0x20000074   Data           4  heap_4.o(.data)
    xFreeBytesRemaining                      0x20000078   Data           4  heap_4.o(.data)
    xMinimumEverFreeBytesRemaining           0x2000007c   Data           4  heap_4.o(.data)
    xNumberOfSuccessfulAllocations           0x20000080   Data           4  heap_4.o(.data)
    xNumberOfSuccessfulFrees                 0x20000084   Data           4  heap_4.o(.data)
    xBlockAllocatedBit                       0x20000088   Data           4  heap_4.o(.data)
    xStart                                   0x2000008c   Data           8  heap_4.o(.data)
    .data                                    0x20000094   Section       12  port.o(.data)
    ucMaxSysCallPriority                     0x20000094   Data           1  port.o(.data)
    uxCriticalNesting                        0x20000098   Data           4  port.o(.data)
    ulMaxPRIGROUPValue                       0x2000009c   Data           4  port.o(.data)
    .data                                    0x200000a0   Section       24  monitor.o(.data)
    .data                                    0x200000b8   Section      448  pid_app.o(.data)
    last_range                               0x200000b9   Data           1  pid_app.o(.data)
    last_range                               0x200000ba   Data           1  pid_app.o(.data)
    last_range                               0x200000bb   Data           1  pid_app.o(.data)
    last_range                               0x200000bc   Data           1  pid_app.o(.data)
    .data                                    0x20000278   Section        4  stdout.o(.data)
    .bss                                     0x2000027c   Section      596  freertos.o(.bss)
    xIdleTaskTCBBuffer                       0x2000027c   Data          84  freertos.o(.bss)
    xIdleStack                               0x200002d0   Data         512  freertos.o(.bss)
    .bss                                     0x200004d0   Section      576  tim.o(.bss)
    .bss                                     0x20000710   Section      360  usart.o(.bss)
    .bss                                     0x20000878   Section       72  stm32f4xx_hal_timebase_tim.o(.bss)
    .bss                                     0x200008c0   Section      240  tasks.o(.bss)
    pxReadyTasksLists                        0x200008c0   Data         140  tasks.o(.bss)
    xDelayedTaskList1                        0x2000094c   Data          20  tasks.o(.bss)
    xDelayedTaskList2                        0x20000960   Data          20  tasks.o(.bss)
    xPendingReadyList                        0x20000974   Data          20  tasks.o(.bss)
    xTasksWaitingTermination                 0x20000988   Data          20  tasks.o(.bss)
    xSuspendedTaskList                       0x2000099c   Data          20  tasks.o(.bss)
    .bss                                     0x200009b0   Section    15360  heap_4.o(.bss)
    ucHeap                                   0x200009b0   Data       15360  heap_4.o(.bss)
    .bss                                     0x200045b0   Section      220  monitor.o(.bss)
    kalman_yaw                               0x200045b0   Data          20  monitor.o(.bss)
    .bss                                     0x2000468c   Section       64  encoder_app.o(.bss)
    .bss                                     0x200046cc   Section      132  motor_app.o(.bss)
    .bss                                     0x20004750   Section      360  pid_app.o(.bss)
    .bss                                     0x200048b8   Section     1548  path_planning.o(.bss)
    g_stability                              0x200048b8   Data          16  path_planning.o(.bss)
    STACK                                    0x20004ec8   Section     1024  startup_stm32f407xx.o(STACK)

    Global Symbols

    Symbol Name                              Value     Ov Type        Size  Object(Section)

    BuildAttributes$$THM_ISAv4$E$P$D$K$B$S$7EM$VFPi3$EXTD16$VFPS$VFMA$PE$A:L22UL41UL21$X:L11$S22US41US21$IEEE1$IW$USESV6$~STKCKD$USESV7$~SHL$OSPACE$ROPI$EBA8$MICROLIB$REQ8$PRES8$EABIv2 0x00000000   Number         0  anon$$obj.o ABSOLUTE
    __ARM_use_no_argv                        0x00000000   Number         0  main.o ABSOLUTE
    _printf_a                                0x00000000   Number         0  stubs.o ABSOLUTE
    _printf_c                                0x00000000   Number         0  stubs.o ABSOLUTE
    _printf_charcount                        0x00000000   Number         0  stubs.o ABSOLUTE
    _printf_d                                0x00000000   Number         0  stubs.o ABSOLUTE
    _printf_e                                0x00000000   Number         0  stubs.o ABSOLUTE
    _printf_f                                0x00000000   Number         0  stubs.o ABSOLUTE
    _printf_flags                            0x00000000   Number         0  stubs.o ABSOLUTE
    _printf_fp_dec                           0x00000000   Number         0  stubs.o ABSOLUTE
    _printf_fp_hex                           0x00000000   Number         0  stubs.o ABSOLUTE
    _printf_g                                0x00000000   Number         0  stubs.o ABSOLUTE
    _printf_i                                0x00000000   Number         0  stubs.o ABSOLUTE
    _printf_int_dec                          0x00000000   Number         0  stubs.o ABSOLUTE
    _printf_l                                0x00000000   Number         0  stubs.o ABSOLUTE
    _printf_lc                               0x00000000   Number         0  stubs.o ABSOLUTE
    _printf_ll                               0x00000000   Number         0  stubs.o ABSOLUTE
    _printf_lld                              0x00000000   Number         0  stubs.o ABSOLUTE
    _printf_lli                              0x00000000   Number         0  stubs.o ABSOLUTE
    _printf_llo                              0x00000000   Number         0  stubs.o ABSOLUTE
    _printf_llu                              0x00000000   Number         0  stubs.o ABSOLUTE
    _printf_llx                              0x00000000   Number         0  stubs.o ABSOLUTE
    _printf_longlong_dec                     0x00000000   Number         0  stubs.o ABSOLUTE
    _printf_longlong_hex                     0x00000000   Number         0  stubs.o ABSOLUTE
    _printf_longlong_oct                     0x00000000   Number         0  stubs.o ABSOLUTE
    _printf_ls                               0x00000000   Number         0  stubs.o ABSOLUTE
    _printf_mbtowc                           0x00000000   Number         0  stubs.o ABSOLUTE
    _printf_n                                0x00000000   Number         0  stubs.o ABSOLUTE
    _printf_o                                0x00000000   Number         0  stubs.o ABSOLUTE
    _printf_p                                0x00000000   Number         0  stubs.o ABSOLUTE
    _printf_percent                          0x00000000   Number         0  stubs.o ABSOLUTE
    _printf_pre_padding                      0x00000000   Number         0  stubs.o ABSOLUTE
    _printf_return_value                     0x00000000   Number         0  stubs.o ABSOLUTE
    _printf_s                                0x00000000   Number         0  stubs.o ABSOLUTE
    _printf_sizespec                         0x00000000   Number         0  stubs.o ABSOLUTE
    _printf_str                              0x00000000   Number         0  stubs.o ABSOLUTE
    _printf_truncate_signed                  0x00000000   Number         0  stubs.o ABSOLUTE
    _printf_truncate_unsigned                0x00000000   Number         0  stubs.o ABSOLUTE
    _printf_u                                0x00000000   Number         0  stubs.o ABSOLUTE
    _printf_wc                               0x00000000   Number         0  stubs.o ABSOLUTE
    _printf_wctomb                           0x00000000   Number         0  stubs.o ABSOLUTE
    _printf_widthprec                        0x00000000   Number         0  stubs.o ABSOLUTE
    _printf_x                                0x00000000   Number         0  stubs.o ABSOLUTE
    __arm_fini_                               - Undefined Weak Reference
    __cpp_initialize__aeabi_                  - Undefined Weak Reference
    __cxa_finalize                            - Undefined Weak Reference
    _clock_init                               - Undefined Weak Reference
    _microlib_exit                            - Undefined Weak Reference
    __Vectors_Size                           0x00000188   Number         0  startup_stm32f407xx.o ABSOLUTE
    __Vectors                                0x08000000   Data           4  startup_stm32f407xx.o(RESET)
    __Vectors_End                            0x08000188   Data           0  startup_stm32f407xx.o(RESET)
    __main                                   0x08000189   Thumb Code     0  entry.o(.ARM.Collect$$$$00000000)
    _main_stk                                0x08000189   Thumb Code     0  entry2.o(.ARM.Collect$$$$00000001)
    _main_scatterload                        0x0800018d   Thumb Code     0  entry5.o(.ARM.Collect$$$$00000004)
    __main_after_scatterload                 0x08000191   Thumb Code     0  entry5.o(.ARM.Collect$$$$00000004)
    _main_clock                              0x08000191   Thumb Code     0  entry7b.o(.ARM.Collect$$$$00000008)
    _main_cpp_init                           0x08000191   Thumb Code     0  entry8b.o(.ARM.Collect$$$$0000000A)
    _main_init                               0x08000191   Thumb Code     0  entry9a.o(.ARM.Collect$$$$0000000B)
    __rt_lib_shutdown_fini                   0x08000199   Thumb Code     0  entry12b.o(.ARM.Collect$$$$0000000E)
    __rt_final_cpp                           0x0800019d   Thumb Code     0  entry10a.o(.ARM.Collect$$$$0000000F)
    __rt_final_exit                          0x0800019d   Thumb Code     0  entry11a.o(.ARM.Collect$$$$00000011)
    SVC_Handler                              0x080001a1   Thumb Code    28  port.o(.emb_text)
    __asm___6_port_c_39a90d8d__prvStartFirstTask 0x080001c1   Thumb Code    36  port.o(.emb_text)
    __asm___6_port_c_39a90d8d__prvEnableVFP  0x080001e9   Thumb Code    16  port.o(.emb_text)
    PendSV_Handler                           0x080001fd   Thumb Code    88  port.o(.emb_text)
    vPortGetIPSR                             0x08000259   Thumb Code     6  port.o(.emb_text)
    Reset_Handler                            0x08000261   Thumb Code     8  startup_stm32f407xx.o(.text)
    ADC_IRQHandler                           0x0800027b   Thumb Code     0  startup_stm32f407xx.o(.text)
    CAN1_RX0_IRQHandler                      0x0800027b   Thumb Code     0  startup_stm32f407xx.o(.text)
    CAN1_RX1_IRQHandler                      0x0800027b   Thumb Code     0  startup_stm32f407xx.o(.text)
    CAN1_SCE_IRQHandler                      0x0800027b   Thumb Code     0  startup_stm32f407xx.o(.text)
    CAN1_TX_IRQHandler                       0x0800027b   Thumb Code     0  startup_stm32f407xx.o(.text)
    CAN2_RX0_IRQHandler                      0x0800027b   Thumb Code     0  startup_stm32f407xx.o(.text)
    CAN2_RX1_IRQHandler                      0x0800027b   Thumb Code     0  startup_stm32f407xx.o(.text)
    CAN2_SCE_IRQHandler                      0x0800027b   Thumb Code     0  startup_stm32f407xx.o(.text)
    CAN2_TX_IRQHandler                       0x0800027b   Thumb Code     0  startup_stm32f407xx.o(.text)
    DCMI_IRQHandler                          0x0800027b   Thumb Code     0  startup_stm32f407xx.o(.text)
    DMA1_Stream0_IRQHandler                  0x0800027b   Thumb Code     0  startup_stm32f407xx.o(.text)
    DMA1_Stream1_IRQHandler                  0x0800027b   Thumb Code     0  startup_stm32f407xx.o(.text)
    DMA1_Stream2_IRQHandler                  0x0800027b   Thumb Code     0  startup_stm32f407xx.o(.text)
    DMA1_Stream3_IRQHandler                  0x0800027b   Thumb Code     0  startup_stm32f407xx.o(.text)
    DMA1_Stream4_IRQHandler                  0x0800027b   Thumb Code     0  startup_stm32f407xx.o(.text)
    DMA1_Stream5_IRQHandler                  0x0800027b   Thumb Code     0  startup_stm32f407xx.o(.text)
    DMA1_Stream6_IRQHandler                  0x0800027b   Thumb Code     0  startup_stm32f407xx.o(.text)
    DMA1_Stream7_IRQHandler                  0x0800027b   Thumb Code     0  startup_stm32f407xx.o(.text)
    DMA2_Stream0_IRQHandler                  0x0800027b   Thumb Code     0  startup_stm32f407xx.o(.text)
    DMA2_Stream1_IRQHandler                  0x0800027b   Thumb Code     0  startup_stm32f407xx.o(.text)
    DMA2_Stream2_IRQHandler                  0x0800027b   Thumb Code     0  startup_stm32f407xx.o(.text)
    DMA2_Stream3_IRQHandler                  0x0800027b   Thumb Code     0  startup_stm32f407xx.o(.text)
    DMA2_Stream4_IRQHandler                  0x0800027b   Thumb Code     0  startup_stm32f407xx.o(.text)
    DMA2_Stream5_IRQHandler                  0x0800027b   Thumb Code     0  startup_stm32f407xx.o(.text)
    DMA2_Stream6_IRQHandler                  0x0800027b   Thumb Code     0  startup_stm32f407xx.o(.text)
    DMA2_Stream7_IRQHandler                  0x0800027b   Thumb Code     0  startup_stm32f407xx.o(.text)
    ETH_IRQHandler                           0x0800027b   Thumb Code     0  startup_stm32f407xx.o(.text)
    ETH_WKUP_IRQHandler                      0x0800027b   Thumb Code     0  startup_stm32f407xx.o(.text)
    EXTI0_IRQHandler                         0x0800027b   Thumb Code     0  startup_stm32f407xx.o(.text)
    EXTI15_10_IRQHandler                     0x0800027b   Thumb Code     0  startup_stm32f407xx.o(.text)
    EXTI1_IRQHandler                         0x0800027b   Thumb Code     0  startup_stm32f407xx.o(.text)
    EXTI2_IRQHandler                         0x0800027b   Thumb Code     0  startup_stm32f407xx.o(.text)
    EXTI3_IRQHandler                         0x0800027b   Thumb Code     0  startup_stm32f407xx.o(.text)
    EXTI4_IRQHandler                         0x0800027b   Thumb Code     0  startup_stm32f407xx.o(.text)
    EXTI9_5_IRQHandler                       0x0800027b   Thumb Code     0  startup_stm32f407xx.o(.text)
    FLASH_IRQHandler                         0x0800027b   Thumb Code     0  startup_stm32f407xx.o(.text)
    FMC_IRQHandler                           0x0800027b   Thumb Code     0  startup_stm32f407xx.o(.text)
    FPU_IRQHandler                           0x0800027b   Thumb Code     0  startup_stm32f407xx.o(.text)
    HASH_RNG_IRQHandler                      0x0800027b   Thumb Code     0  startup_stm32f407xx.o(.text)
    I2C1_ER_IRQHandler                       0x0800027b   Thumb Code     0  startup_stm32f407xx.o(.text)
    I2C1_EV_IRQHandler                       0x0800027b   Thumb Code     0  startup_stm32f407xx.o(.text)
    I2C2_ER_IRQHandler                       0x0800027b   Thumb Code     0  startup_stm32f407xx.o(.text)
    I2C2_EV_IRQHandler                       0x0800027b   Thumb Code     0  startup_stm32f407xx.o(.text)
    I2C3_ER_IRQHandler                       0x0800027b   Thumb Code     0  startup_stm32f407xx.o(.text)
    I2C3_EV_IRQHandler                       0x0800027b   Thumb Code     0  startup_stm32f407xx.o(.text)
    OTG_FS_IRQHandler                        0x0800027b   Thumb Code     0  startup_stm32f407xx.o(.text)
    OTG_FS_WKUP_IRQHandler                   0x0800027b   Thumb Code     0  startup_stm32f407xx.o(.text)
    OTG_HS_EP1_IN_IRQHandler                 0x0800027b   Thumb Code     0  startup_stm32f407xx.o(.text)
    OTG_HS_EP1_OUT_IRQHandler                0x0800027b   Thumb Code     0  startup_stm32f407xx.o(.text)
    OTG_HS_IRQHandler                        0x0800027b   Thumb Code     0  startup_stm32f407xx.o(.text)
    OTG_HS_WKUP_IRQHandler                   0x0800027b   Thumb Code     0  startup_stm32f407xx.o(.text)
    PVD_IRQHandler                           0x0800027b   Thumb Code     0  startup_stm32f407xx.o(.text)
    RCC_IRQHandler                           0x0800027b   Thumb Code     0  startup_stm32f407xx.o(.text)
    RTC_Alarm_IRQHandler                     0x0800027b   Thumb Code     0  startup_stm32f407xx.o(.text)
    RTC_WKUP_IRQHandler                      0x0800027b   Thumb Code     0  startup_stm32f407xx.o(.text)
    SDIO_IRQHandler                          0x0800027b   Thumb Code     0  startup_stm32f407xx.o(.text)
    SPI1_IRQHandler                          0x0800027b   Thumb Code     0  startup_stm32f407xx.o(.text)
    SPI2_IRQHandler                          0x0800027b   Thumb Code     0  startup_stm32f407xx.o(.text)
    SPI3_IRQHandler                          0x0800027b   Thumb Code     0  startup_stm32f407xx.o(.text)
    TAMP_STAMP_IRQHandler                    0x0800027b   Thumb Code     0  startup_stm32f407xx.o(.text)
    TIM1_BRK_TIM9_IRQHandler                 0x0800027b   Thumb Code     0  startup_stm32f407xx.o(.text)
    TIM1_CC_IRQHandler                       0x0800027b   Thumb Code     0  startup_stm32f407xx.o(.text)
    TIM1_TRG_COM_TIM11_IRQHandler            0x0800027b   Thumb Code     0  startup_stm32f407xx.o(.text)
    TIM1_UP_TIM10_IRQHandler                 0x0800027b   Thumb Code     0  startup_stm32f407xx.o(.text)
    TIM2_IRQHandler                          0x0800027b   Thumb Code     0  startup_stm32f407xx.o(.text)
    TIM3_IRQHandler                          0x0800027b   Thumb Code     0  startup_stm32f407xx.o(.text)
    TIM4_IRQHandler                          0x0800027b   Thumb Code     0  startup_stm32f407xx.o(.text)
    TIM5_IRQHandler                          0x0800027b   Thumb Code     0  startup_stm32f407xx.o(.text)
    TIM7_IRQHandler                          0x0800027b   Thumb Code     0  startup_stm32f407xx.o(.text)
    TIM8_BRK_TIM12_IRQHandler                0x0800027b   Thumb Code     0  startup_stm32f407xx.o(.text)
    TIM8_CC_IRQHandler                       0x0800027b   Thumb Code     0  startup_stm32f407xx.o(.text)
    TIM8_TRG_COM_TIM14_IRQHandler            0x0800027b   Thumb Code     0  startup_stm32f407xx.o(.text)
    TIM8_UP_TIM13_IRQHandler                 0x0800027b   Thumb Code     0  startup_stm32f407xx.o(.text)
    UART4_IRQHandler                         0x0800027b   Thumb Code     0  startup_stm32f407xx.o(.text)
    USART6_IRQHandler                        0x0800027b   Thumb Code     0  startup_stm32f407xx.o(.text)
    WWDG_IRQHandler                          0x0800027b   Thumb Code     0  startup_stm32f407xx.o(.text)
    __aeabi_uldivmod                         0x08000285   Thumb Code    98  uldiv.o(.text)
    __aeabi_memcpy                           0x080002e7   Thumb Code    36  memcpya.o(.text)
    __aeabi_memcpy4                          0x080002e7   Thumb Code     0  memcpya.o(.text)
    __aeabi_memcpy8                          0x080002e7   Thumb Code     0  memcpya.o(.text)
    __aeabi_memset                           0x0800030b   Thumb Code    14  memseta.o(.text)
    __aeabi_memset4                          0x0800030b   Thumb Code     0  memseta.o(.text)
    __aeabi_memset8                          0x0800030b   Thumb Code     0  memseta.o(.text)
    __aeabi_memclr                           0x08000319   Thumb Code     4  memseta.o(.text)
    __aeabi_memclr4                          0x08000319   Thumb Code     0  memseta.o(.text)
    __aeabi_memclr8                          0x08000319   Thumb Code     0  memseta.o(.text)
    memset                                   0x0800031d   Thumb Code    18  memseta.o(.text)
    __aeabi_f2d                              0x0800032f   Thumb Code    38  f2d.o(.text)
    __aeabi_uidiv                            0x08000355   Thumb Code     0  uidiv.o(.text)
    __aeabi_uidivmod                         0x08000355   Thumb Code    44  uidiv.o(.text)
    __aeabi_llsl                             0x08000381   Thumb Code    30  llshl.o(.text)
    _ll_shift_l                              0x08000381   Thumb Code     0  llshl.o(.text)
    __aeabi_llsr                             0x0800039f   Thumb Code    32  llushr.o(.text)
    _ll_ushift_r                             0x0800039f   Thumb Code     0  llushr.o(.text)
    __I$use$fp                               0x080003bf   Thumb Code     0  iusefp.o(.text)
    __aeabi_dadd                             0x080003bf   Thumb Code   322  dadd.o(.text)
    __aeabi_dsub                             0x08000501   Thumb Code     6  dadd.o(.text)
    __aeabi_drsub                            0x08000507   Thumb Code     6  dadd.o(.text)
    __aeabi_dmul                             0x0800050d   Thumb Code   228  dmul.o(.text)
    __aeabi_ddiv                             0x080005f1   Thumb Code   222  ddiv.o(.text)
    __aeabi_d2ulz                            0x080006cf   Thumb Code    48  dfixul.o(.text)
    __aeabi_cdrcmple                         0x08000701   Thumb Code    48  cdrcmple.o(.text)
    __scatterload                            0x08000731   Thumb Code    28  init.o(.text)
    __scatterload_rt2                        0x08000731   Thumb Code     0  init.o(.text)
    __aeabi_lasr                             0x08000755   Thumb Code    36  llsshr.o(.text)
    _ll_sshift_r                             0x08000755   Thumb Code     0  llsshr.o(.text)
    _double_round                            0x08000779   Thumb Code    30  depilogue.o(.text)
    _double_epilogue                         0x08000797   Thumb Code   156  depilogue.o(.text)
    __decompress                             0x08000833   Thumb Code     0  __dczerorl2.o(.text)
    __decompress1                            0x08000833   Thumb Code    86  __dczerorl2.o(.text)
    AdaptivePID_Update_A                     0x08000889   Thumb Code    58  pid_app.o(i.AdaptivePID_Update_A)
    AdaptivePID_Update_B                     0x080008cd   Thumb Code    58  pid_app.o(i.AdaptivePID_Update_B)
    AdaptivePID_Update_C                     0x08000911   Thumb Code    58  pid_app.o(i.AdaptivePID_Update_C)
    AdaptivePID_Update_D                     0x08000955   Thumb Code    58  pid_app.o(i.AdaptivePID_Update_D)
    BusFault_Handler                         0x08000999   Thumb Code     2  stm32f4xx_it.o(i.BusFault_Handler)
    DebugMon_Handler                         0x0800099b   Thumb Code     2  stm32f4xx_it.o(i.DebugMon_Handler)
    Encoder_Driver_Init                      0x0800099d   Thumb Code    38  encoder_driver.o(i.Encoder_Driver_Init)
    Encoder_Driver_Update                    0x080009c9   Thumb Code    72  encoder_driver.o(i.Encoder_Driver_Update)
    Encoder_Init                             0x08000a1d   Thumb Code    52  encoder_app.o(i.Encoder_Init)
    Encoder_Task                             0x08000a65   Thumb Code    36  encoder_app.o(i.Encoder_Task)
    Error_Handler                            0x08000a8d   Thumb Code     4  main.o(i.Error_Handler)
    GetSpeedRange                            0x08000a91   Thumb Code    56  pid_app.o(i.GetSpeedRange)
    HAL_DMA_Abort                            0x08000ad1   Thumb Code   146  stm32f4xx_hal_dma.o(i.HAL_DMA_Abort)
    HAL_DMA_Abort_IT                         0x08000b63   Thumb Code    36  stm32f4xx_hal_dma.o(i.HAL_DMA_Abort_IT)
    HAL_Delay                                0x08000b89   Thumb Code    32  stm32f4xx_hal.o(i.HAL_Delay)
    HAL_GPIO_Init                            0x08000bad   Thumb Code   450  stm32f4xx_hal_gpio.o(i.HAL_GPIO_Init)
    HAL_GPIO_WritePin                        0x08000d9d   Thumb Code    10  stm32f4xx_hal_gpio.o(i.HAL_GPIO_WritePin)
    HAL_GetTick                              0x08000da9   Thumb Code     6  stm32f4xx_hal.o(i.HAL_GetTick)
    HAL_IncTick                              0x08000db5   Thumb Code    12  stm32f4xx_hal.o(i.HAL_IncTick)
    HAL_Init                                 0x08000dc5   Thumb Code    48  stm32f4xx_hal.o(i.HAL_Init)
    HAL_InitTick                             0x08000df9   Thumb Code   132  stm32f4xx_hal_timebase_tim.o(i.HAL_InitTick)
    HAL_MspInit                              0x08000e91   Thumb Code    52  stm32f4xx_hal_msp.o(i.HAL_MspInit)
    HAL_NVIC_EnableIRQ                       0x08000ec9   Thumb Code    26  stm32f4xx_hal_cortex.o(i.HAL_NVIC_EnableIRQ)
    HAL_NVIC_SetPriority                     0x08000ee5   Thumb Code    60  stm32f4xx_hal_cortex.o(i.HAL_NVIC_SetPriority)
    HAL_NVIC_SetPriorityGrouping             0x08000f25   Thumb Code    26  stm32f4xx_hal_cortex.o(i.HAL_NVIC_SetPriorityGrouping)
    HAL_RCC_ClockConfig                      0x08000f49   Thumb Code   288  stm32f4xx_hal_rcc.o(i.HAL_RCC_ClockConfig)
    HAL_RCC_GetClockConfig                   0x0800107d   Thumb Code    54  stm32f4xx_hal_rcc.o(i.HAL_RCC_GetClockConfig)
    HAL_RCC_GetPCLK1Freq                     0x080010bd   Thumb Code    20  stm32f4xx_hal_rcc.o(i.HAL_RCC_GetPCLK1Freq)
    HAL_RCC_GetPCLK2Freq                     0x080010dd   Thumb Code    20  stm32f4xx_hal_rcc.o(i.HAL_RCC_GetPCLK2Freq)
    HAL_RCC_GetSysClockFreq                  0x080010fd   Thumb Code    88  stm32f4xx_hal_rcc.o(i.HAL_RCC_GetSysClockFreq)
    HAL_RCC_OscConfig                        0x0800115d   Thumb Code   856  stm32f4xx_hal_rcc.o(i.HAL_RCC_OscConfig)
    HAL_TIMEx_BreakCallback                  0x080014c9   Thumb Code     2  stm32f4xx_hal_tim_ex.o(i.HAL_TIMEx_BreakCallback)
    HAL_TIMEx_CommutCallback                 0x080014cb   Thumb Code     2  stm32f4xx_hal_tim_ex.o(i.HAL_TIMEx_CommutCallback)
    HAL_TIMEx_MasterConfigSynchronization    0x080014cd   Thumb Code   116  stm32f4xx_hal_tim_ex.o(i.HAL_TIMEx_MasterConfigSynchronization)
    HAL_TIM_Base_Init                        0x0800155d   Thumb Code    90  stm32f4xx_hal_tim.o(i.HAL_TIM_Base_Init)
    HAL_TIM_Base_MspInit                     0x080015b9   Thumb Code   100  tim.o(i.HAL_TIM_Base_MspInit)
    HAL_TIM_Base_Start_IT                    0x08001631   Thumb Code   100  stm32f4xx_hal_tim.o(i.HAL_TIM_Base_Start_IT)
    HAL_TIM_Encoder_Init                     0x080016b1   Thumb Code   164  stm32f4xx_hal_tim.o(i.HAL_TIM_Encoder_Init)
    HAL_TIM_Encoder_MspInit                  0x08001755   Thumb Code   258  tim.o(i.HAL_TIM_Encoder_MspInit)
    HAL_TIM_Encoder_Start                    0x08001875   Thumb Code   142  stm32f4xx_hal_tim.o(i.HAL_TIM_Encoder_Start)
    HAL_TIM_IC_CaptureCallback               0x08001903   Thumb Code     2  stm32f4xx_hal_tim.o(i.HAL_TIM_IC_CaptureCallback)
    HAL_TIM_IRQHandler                       0x08001905   Thumb Code   304  stm32f4xx_hal_tim.o(i.HAL_TIM_IRQHandler)
    HAL_TIM_MspPostInit                      0x08001a35   Thumb Code   150  tim.o(i.HAL_TIM_MspPostInit)
    HAL_TIM_OC_DelayElapsedCallback          0x08001ae5   Thumb Code     2  stm32f4xx_hal_tim.o(i.HAL_TIM_OC_DelayElapsedCallback)
    HAL_TIM_PWM_ConfigChannel                0x08001ae7   Thumb Code   204  stm32f4xx_hal_tim.o(i.HAL_TIM_PWM_ConfigChannel)
    HAL_TIM_PWM_Init                         0x08001bb3   Thumb Code    90  stm32f4xx_hal_tim.o(i.HAL_TIM_PWM_Init)
    HAL_TIM_PWM_MspInit                      0x08001c0d   Thumb Code     2  stm32f4xx_hal_tim.o(i.HAL_TIM_PWM_MspInit)
    HAL_TIM_PWM_PulseFinishedCallback        0x08001c0f   Thumb Code     2  stm32f4xx_hal_tim.o(i.HAL_TIM_PWM_PulseFinishedCallback)
    HAL_TIM_PWM_Start                        0x08001c11   Thumb Code   172  stm32f4xx_hal_tim.o(i.HAL_TIM_PWM_Start)
    HAL_TIM_PeriodElapsedCallback            0x08001cd9   Thumb Code    14  main.o(i.HAL_TIM_PeriodElapsedCallback)
    HAL_TIM_TriggerCallback                  0x08001ced   Thumb Code     2  stm32f4xx_hal_tim.o(i.HAL_TIM_TriggerCallback)
    HAL_UARTEx_RxEventCallback               0x08001cef   Thumb Code     2  stm32f4xx_hal_uart.o(i.HAL_UARTEx_RxEventCallback)
    HAL_UART_ErrorCallback                   0x08001cf1   Thumb Code     2  stm32f4xx_hal_uart.o(i.HAL_UART_ErrorCallback)
    HAL_UART_IRQHandler                      0x08001cf5   Thumb Code   636  stm32f4xx_hal_uart.o(i.HAL_UART_IRQHandler)
    HAL_UART_Init                            0x08001f75   Thumb Code   100  stm32f4xx_hal_uart.o(i.HAL_UART_Init)
    HAL_UART_MspInit                         0x08001fd9   Thumb Code   440  usart.o(i.HAL_UART_MspInit)
    HAL_UART_Receive_IT                      0x080021b9   Thumb Code    28  stm32f4xx_hal_uart.o(i.HAL_UART_Receive_IT)
    HAL_UART_RxCpltCallback                  0x080021d5   Thumb Code    84  stm32f4xx_it.o(i.HAL_UART_RxCpltCallback)
    HAL_UART_Transmit                        0x08002255   Thumb Code   160  stm32f4xx_hal_uart.o(i.HAL_UART_Transmit)
    HAL_UART_TxCpltCallback                  0x080022f5   Thumb Code     2  stm32f4xx_hal_uart.o(i.HAL_UART_TxCpltCallback)
    HardFault_Handler                        0x080022f7   Thumb Code     2  stm32f4xx_it.o(i.HardFault_Handler)
    JY61P_Send                               0x080022f9   Thumb Code    60  monitor.o(i.JY61P_Send)
    Kalman_Filter_Yaw                        0x0800233d   Thumb Code   130  monitor.o(i.Kalman_Filter_Yaw)
    Kalman_Init                              0x080023c5   Thumb Code    40  monitor.o(i.Kalman_Init)
    MX_FREERTOS_Init                         0x080023fd   Thumb Code   184  freertos.o(i.MX_FREERTOS_Init)
    MX_GPIO_Init                             0x080024bd   Thumb Code   232  gpio.o(i.MX_GPIO_Init)
    MX_TIM10_Init                            0x080025b5   Thumb Code    96  tim.o(i.MX_TIM10_Init)
    MX_TIM11_Init                            0x0800261d   Thumb Code    96  tim.o(i.MX_TIM11_Init)
    MX_TIM13_Init                            0x08002685   Thumb Code    96  tim.o(i.MX_TIM13_Init)
    MX_TIM14_Init                            0x080026ed   Thumb Code    96  tim.o(i.MX_TIM14_Init)
    MX_TIM1_Init                             0x08002755   Thumb Code   102  tim.o(i.MX_TIM1_Init)
    MX_TIM2_Init                             0x080027c5   Thumb Code   102  tim.o(i.MX_TIM2_Init)
    MX_TIM3_Init                             0x08002831   Thumb Code   100  tim.o(i.MX_TIM3_Init)
    MX_TIM4_Init                             0x0800289d   Thumb Code   100  tim.o(i.MX_TIM4_Init)
    MX_UART4_Init                            0x08002909   Thumb Code    48  usart.o(i.MX_UART4_Init)
    MX_UART5_Init                            0x08002941   Thumb Code    48  usart.o(i.MX_UART5_Init)
    MX_USART1_UART_Init                      0x08002979   Thumb Code    48  usart.o(i.MX_USART1_UART_Init)
    MX_USART2_UART_Init                      0x080029b1   Thumb Code    48  usart.o(i.MX_USART2_UART_Init)
    MX_USART3_UART_Init                      0x080029e9   Thumb Code    48  usart.o(i.MX_USART3_UART_Init)
    MemManage_Handler                        0x08002a21   Thumb Code     2  stm32f4xx_it.o(i.MemManage_Handler)
    MotorDriver_Init                         0x08002a25   Thumb Code   120  motor_driver.o(i.MotorDriver_Init)
    MotorDriver_SetMotor                     0x08002aa1   Thumb Code    50  motor_driver.o(i.MotorDriver_SetMotor)
    MotorDriver_StopAll                      0x08002ad3   Thumb Code    28  motor_driver.o(i.MotorDriver_StopAll)
    MotorDriver_Turn                         0x08002aef   Thumb Code   114  motor_driver.o(i.MotorDriver_Turn)
    MotorDriver_U_Turn                       0x08002b61   Thumb Code   112  motor_driver.o(i.MotorDriver_U_Turn)
    Motor_Init                               0x08002bd1   Thumb Code     6  motor_app.o(i.Motor_Init)
    NMI_Handler                              0x08002bdd   Thumb Code     2  stm32f4xx_it.o(i.NMI_Handler)
    PID_Init                                 0x08002be1   Thumb Code   222  pid_app.o(i.PID_Init)
    PID_Task                                 0x08002cd9   Thumb Code   284  pid_app.o(i.PID_Task)
    PathPlanning_DecideNextMove              0x08002e15   Thumb Code   170  path_planning.o(i.PathPlanning_DecideNextMove)
    PathPlanning_Init                        0x08002f05   Thumb Code    82  path_planning.o(i.PathPlanning_Init)
    PathPlanning_Update                      0x08002f89   Thumb Code  1560  path_planning.o(i.PathPlanning_Update)
    PathPlanning_UpdatePosition              0x080035a5   Thumb Code   180  path_planning.o(i.PathPlanning_UpdatePosition)
    RHO_Parse                                0x0800368d   Thumb Code    42  monitor.o(i.RHO_Parse)
    RHO_Receive                              0x080036c1   Thumb Code    60  monitor.o(i.RHO_Receive)
    StartDefaultTask                         0x08003705   Thumb Code    40  freertos.o(i.StartDefaultTask)
    StartTask02                              0x08003731   Thumb Code     8  freertos.o(i.StartTask02)
    StartTask03                              0x08003739   Thumb Code    92  freertos.o(i.StartTask03)
    StartTask04                              0x080037b5   Thumb Code    12  freertos.o(i.StartTask04)
    StartTask05                              0x080037c1   Thumb Code    12  freertos.o(i.StartTask05)
    StartTask06                              0x080037cd   Thumb Code    12  freertos.o(i.StartTask06)
    StartTask07                              0x080037d9   Thumb Code    12  freertos.o(i.StartTask07)
    StartTask08                              0x080037e5   Thumb Code    16  freertos.o(i.StartTask08)
    SysTick_Handler                          0x080037f9   Thumb Code    38  port.o(i.SysTick_Handler)
    SystemClock_Config                       0x08003825   Thumb Code   140  main.o(i.SystemClock_Config)
    SystemInit                               0x080038b9   Thumb Code    12  system_stm32f4xx.o(i.SystemInit)
    TIM6_DAC_IRQHandler                      0x080038c9   Thumb Code     6  stm32f4xx_it.o(i.TIM6_DAC_IRQHandler)
    TIM_Base_SetConfig                       0x080038d5   Thumb Code   164  stm32f4xx_hal_tim.o(i.TIM_Base_SetConfig)
    TIM_CCxChannelCmd                        0x080039a5   Thumb Code    26  stm32f4xx_hal_tim.o(i.TIM_CCxChannelCmd)
    TIM_OC2_SetConfig                        0x08003a21   Thumb Code    98  stm32f4xx_hal_tim.o(i.TIM_OC2_SetConfig)
    UART5_IRQHandler                         0x08003b45   Thumb Code     6  stm32f4xx_it.o(i.UART5_IRQHandler)
    UART_Start_Receive_IT                    0x08003d7d   Thumb Code    54  stm32f4xx_hal_uart.o(i.UART_Start_Receive_IT)
    USART1_IRQHandler                        0x08003e25   Thumb Code     6  stm32f4xx_it.o(i.USART1_IRQHandler)
    USART2_IRQHandler                        0x08003e31   Thumb Code     6  stm32f4xx_it.o(i.USART2_IRQHandler)
    USART3_IRQHandler                        0x08003e3d   Thumb Code     6  stm32f4xx_it.o(i.USART3_IRQHandler)
    Uart3_Parse                              0x08003e49   Thumb Code   114  monitor.o(i.Uart3_Parse)
    Uart3_Receive                            0x08003ecd   Thumb Code    86  monitor.o(i.Uart3_Receive)
    UsageFault_Handler                       0x08003f2d   Thumb Code     2  stm32f4xx_it.o(i.UsageFault_Handler)
    VisionControl_Update                     0x08003f31   Thumb Code   114  pid_app.o(i.VisionControl_Update)
    YAWControl_Update                        0x08003fad   Thumb Code    88  pid_app.o(i.YAWControl_Update)
    __0printf                                0x080040b1   Thumb Code    22  printfa.o(i.__0printf)
    __1printf                                0x080040b1   Thumb Code     0  printfa.o(i.__0printf)
    __2printf                                0x080040b1   Thumb Code     0  printfa.o(i.__0printf)
    __c89printf                              0x080040b1   Thumb Code     0  printfa.o(i.__0printf)
    printf                                   0x080040b1   Thumb Code     0  printfa.o(i.__0printf)
    __0vsnprintf                             0x080040d1   Thumb Code    46  printfa.o(i.__0vsnprintf)
    __1vsnprintf                             0x080040d1   Thumb Code     0  printfa.o(i.__0vsnprintf)
    __2vsnprintf                             0x080040d1   Thumb Code     0  printfa.o(i.__0vsnprintf)
    __c89vsnprintf                           0x080040d1   Thumb Code     0  printfa.o(i.__0vsnprintf)
    vsnprintf                                0x080040d1   Thumb Code     0  printfa.o(i.__0vsnprintf)
    __scatterload_copy                       0x08004125   Thumb Code    14  handlers.o(i.__scatterload_copy)
    __scatterload_null                       0x08004133   Thumb Code     2  handlers.o(i.__scatterload_null)
    __scatterload_zeroinit                   0x08004135   Thumb Code    14  handlers.o(i.__scatterload_zeroinit)
    calculate_angle_error                    0x08004a45   Thumb Code    40  path_planning.o(i.calculate_angle_error)
    fputc                                    0x08004b75   Thumb Code    14  usart.o(i.fputc)
    main                                     0x08004da5   Thumb Code   142  main.o(i.main)
    my_printf                                0x08004e59   Thumb Code    50  monitor.o(i.my_printf)
    osDelay                                  0x08004ec1   Thumb Code    14  cmsis_os.o(i.osDelay)
    osKernelStart                            0x08004ecf   Thumb Code    10  cmsis_os.o(i.osKernelStart)
    osThreadCreate                           0x08004ed9   Thumb Code    84  cmsis_os.o(i.osThreadCreate)
    pid_calculate_positional                 0x08004f2d   Thumb Code    24  pid.o(i.pid_calculate_positional)
    pid_constrain                            0x08004f45   Thumb Code    32  pid.o(i.pid_constrain)
    pid_init                                 0x08005015   Thumb Code    42  pid.o(i.pid_init)
    pid_set_limit                            0x0800506b   Thumb Code     6  pid.o(i.pid_set_limit)
    pid_set_params                           0x08005071   Thumb Code     6  pid.o(i.pid_set_params)
    pid_set_target                           0x08005077   Thumb Code    20  pid.o(i.pid_set_target)
    pid_update_target                        0x0800508b   Thumb Code     6  pid.o(i.pid_update_target)
    pvPortMalloc                             0x080053dd   Thumb Code   216  heap_4.o(i.pvPortMalloc)
    pxPortInitialiseStack                    0x080054b9   Thumb Code    40  port.o(i.pxPortInitialiseStack)
    u2_calculate                             0x0800554d   Thumb Code   128  stm32f4xx_it.o(i.u2_calculate)
    uxListRemove                             0x080055d9   Thumb Code    38  list.o(i.uxListRemove)
    vApplicationGetIdleTaskMemory            0x08005601   Thumb Code    16  freertos.o(i.vApplicationGetIdleTaskMemory)
    vListInitialise                          0x08005615   Thumb Code    22  list.o(i.vListInitialise)
    vListInitialiseItem                      0x0800562b   Thumb Code     6  list.o(i.vListInitialiseItem)
    vListInsert                              0x08005631   Thumb Code    48  list.o(i.vListInsert)
    vListInsertEnd                           0x08005661   Thumb Code    24  list.o(i.vListInsertEnd)
    vPortEnterCritical                       0x08005679   Thumb Code    54  port.o(i.vPortEnterCritical)
    vPortExitCritical                        0x080056b9   Thumb Code    34  port.o(i.vPortExitCritical)
    vPortFree                                0x080056e1   Thumb Code    94  heap_4.o(i.vPortFree)
    vPortSetupTimerInterrupt                 0x08005745   Thumb Code    32  port.o(i.vPortSetupTimerInterrupt)
    vPortValidateInterruptPriority           0x08005769   Thumb Code    74  port.o(i.vPortValidateInterruptPriority)
    vTaskDelay                               0x080057bd   Thumb Code    66  tasks.o(i.vTaskDelay)
    vTaskStartScheduler                      0x08005809   Thumb Code    90  tasks.o(i.vTaskStartScheduler)
    vTaskSuspendAll                          0x08005875   Thumb Code    10  tasks.o(i.vTaskSuspendAll)
    vTaskSwitchContext                       0x08005885   Thumb Code    82  tasks.o(i.vTaskSwitchContext)
    xPortStartScheduler                      0x080058e1   Thumb Code   222  port.o(i.xPortStartScheduler)
    xQueueGiveFromISR                        0x080059d5   Thumb Code   156  queue.o(i.xQueueGiveFromISR)
    xTaskCreate                              0x08005a71   Thumb Code    90  tasks.o(i.xTaskCreate)
    xTaskCreateStatic                        0x08005acb   Thumb Code    86  tasks.o(i.xTaskCreateStatic)
    xTaskIncrementTick                       0x08005b21   Thumb Code   194  tasks.o(i.xTaskIncrementTick)
    xTaskRemoveFromEventList                 0x08005bed   Thumb Code   108  tasks.o(i.xTaskRemoveFromEventList)
    xTaskResumeAll                           0x08005c61   Thumb Code   182  tasks.o(i.xTaskResumeAll)
    AHBPrescTable                            0x08005e04   Data          16  system_stm32f4xx.o(.constdata)
    APBPrescTable                            0x08005e14   Data           8  system_stm32f4xx.o(.constdata)
    cali_angle_ref                           0x08005e1c   Data           5  monitor.o(.constdata)
    cali_z_axis                              0x08005e21   Data           5  monitor.o(.constdata)
    gyro_auto_on                             0x08005e26   Data           5  monitor.o(.constdata)
    gyro_auto_off                            0x08005e2b   Data           5  monitor.o(.constdata)
    Region$$Table$$Base                      0x08005fdc   Number         0  anon$$obj.o(Region$$Table)
    Region$$Table$$Limit                     0x08005ffc   Number         0  anon$$obj.o(Region$$Table)
    xUartSemaphore                           0x20000000   Data           4  freertos.o(.data)
    defaultTaskHandle                        0x20000004   Data           4  freertos.o(.data)
    uart1Handle                              0x20000008   Data           4  freertos.o(.data)
    UART4_monitorHandle                      0x2000000c   Data           4  freertos.o(.data)
    US3_JY91Handle                           0x20000010   Data           4  freertos.o(.data)
    encoderHandle                            0x20000014   Data           4  freertos.o(.data)
    run_motorHandle                          0x20000018   Data           4  freertos.o(.data)
    rho_getHandle                            0x2000001c   Data           4  freertos.o(.data)
    run_taskHandle                           0x20000020   Data           4  freertos.o(.data)
    u2temp                                   0x20000024   Data           1  stm32f4xx_it.o(.data)
    u2index                                  0x20000025   Data           1  stm32f4xx_it.o(.data)
    uwTickFreq                               0x20000028   Data           1  stm32f4xx_hal.o(.data)
    uwTickPrio                               0x2000002c   Data           4  stm32f4xx_hal.o(.data)
    uwTick                                   0x20000030   Data           4  stm32f4xx_hal.o(.data)
    SystemCoreClock                          0x20000034   Data           4  system_stm32f4xx.o(.data)
    pxCurrentTCB                             0x20000038   Data           4  tasks.o(.data)
    Recv_index3                              0x200000a0   Data           1  monitor.o(.data)
    Recv_flag3                               0x200000a1   Data           1  monitor.o(.data)
    Recv_index5                              0x200000a2   Data           1  monitor.o(.data)
    Recv_flag5                               0x200000a3   Data           1  monitor.o(.data)
    f_cross                                  0x200000a4   Data           1  monitor.o(.data)
    Recv3                                    0x200000a5   Data           1  monitor.o(.data)
    Recv5                                    0x200000a6   Data           1  monitor.o(.data)
    f_roll                                   0x200000a8   Data           4  monitor.o(.data)
    f_pitch                                  0x200000ac   Data           4  monitor.o(.data)
    f_yaw                                    0x200000b0   Data           4  monitor.o(.data)
    f_rho                                    0x200000b4   Data           4  monitor.o(.data)
    pid_running                              0x200000b8   Data           1  pid_app.o(.data)
    pid_params_A                             0x200000c0   Data          20  pid_app.o(.data)
    pid_params_A_speed                       0x200000d4   Data          80  pid_app.o(.data)
    pid_params_B                             0x20000124   Data          20  pid_app.o(.data)
    pid_params_B_speed                       0x20000138   Data          80  pid_app.o(.data)
    pid_params_C                             0x20000188   Data          20  pid_app.o(.data)
    pid_params_C_speed                       0x2000019c   Data          80  pid_app.o(.data)
    pid_params_D                             0x200001ec   Data          20  pid_app.o(.data)
    pid_params_D_speed                       0x20000200   Data          80  pid_app.o(.data)
    pid_params_rho                           0x20000250   Data          20  pid_app.o(.data)
    pid_params_yaw                           0x20000264   Data          20  pid_app.o(.data)
    __stdout                                 0x20000278   Data           4  stdout.o(.data)
    htim1                                    0x200004d0   Data          72  tim.o(.bss)
    htim2                                    0x20000518   Data          72  tim.o(.bss)
    htim3                                    0x20000560   Data          72  tim.o(.bss)
    htim4                                    0x200005a8   Data          72  tim.o(.bss)
    htim10                                   0x200005f0   Data          72  tim.o(.bss)
    htim11                                   0x20000638   Data          72  tim.o(.bss)
    htim13                                   0x20000680   Data          72  tim.o(.bss)
    htim14                                   0x200006c8   Data          72  tim.o(.bss)
    huart4                                   0x20000710   Data          72  usart.o(.bss)
    huart5                                   0x20000758   Data          72  usart.o(.bss)
    huart1                                   0x200007a0   Data          72  usart.o(.bss)
    huart2                                   0x200007e8   Data          72  usart.o(.bss)
    huart3                                   0x20000830   Data          72  usart.o(.bss)
    htim6                                    0x20000878   Data          72  stm32f4xx_hal_timebase_tim.o(.bss)
    Recv_buf3                                0x200045c4   Data         100  monitor.o(.bss)
    Recv_buf5                                0x20004628   Data         100  monitor.o(.bss)
    A_encoder                                0x2000468c   Data          16  encoder_app.o(.bss)
    B_encoder                                0x2000469c   Data          16  encoder_app.o(.bss)
    C_encoder                                0x200046ac   Data          16  encoder_app.o(.bss)
    D_encoder                                0x200046bc   Data          16  encoder_app.o(.bss)
    car                                      0x200046cc   Data         132  motor_app.o(.bss)
    pid_speed_A                              0x20004750   Data          60  pid_app.o(.bss)
    pid_speed_B                              0x2000478c   Data          60  pid_app.o(.bss)
    pid_speed_C                              0x200047c8   Data          60  pid_app.o(.bss)
    pid_speed_D                              0x20004804   Data          60  pid_app.o(.bss)
    pid_speed_rho                            0x20004840   Data          60  pid_app.o(.bss)
    pid_speed_yaw                            0x2000487c   Data          60  pid_app.o(.bss)
    g_planner                                0x200048c8   Data        1508  path_planning.o(.bss)
    g_motion_ctrl                            0x20004eac   Data          24  path_planning.o(.bss)
    __initial_sp                             0x200052c8   Data           0  startup_stm32f407xx.o(STACK)



==============================================================================

Memory Map of the image

  Image Entry point : 0x08000189

  Load Region LR_IROM1 (Base: 0x08000000, Size: 0x00006278, Max: 0x00100000, ABSOLUTE, COMPRESSED[0x000060dc])

    Execution Region ER_IROM1 (Exec base: 0x08000000, Load base: 0x08000000, Size: 0x00005ffc, Max: 0x00100000, ABSOLUTE)

    Exec Addr    Load Addr    Size         Type   Attr      Idx    E Section Name        Object

    0x08000000   0x08000000   0x00000188   Data   RO            3    RESET               startup_stm32f407xx.o
    0x08000188   0x08000188   0x00000000   Code   RO         5303  * .ARM.Collect$$$$00000000  mc_w.l(entry.o)
    0x08000188   0x08000188   0x00000004   Code   RO         5579    .ARM.Collect$$$$00000001  mc_w.l(entry2.o)
    0x0800018c   0x0800018c   0x00000004   Code   RO         5582    .ARM.Collect$$$$00000004  mc_w.l(entry5.o)
    0x08000190   0x08000190   0x00000000   Code   RO         5584    .ARM.Collect$$$$00000008  mc_w.l(entry7b.o)
    0x08000190   0x08000190   0x00000000   Code   RO         5586    .ARM.Collect$$$$0000000A  mc_w.l(entry8b.o)
    0x08000190   0x08000190   0x00000008   Code   RO         5587    .ARM.Collect$$$$0000000B  mc_w.l(entry9a.o)
    0x08000198   0x08000198   0x00000004   Code   RO         5594    .ARM.Collect$$$$0000000E  mc_w.l(entry12b.o)
    0x0800019c   0x0800019c   0x00000000   Code   RO         5589    .ARM.Collect$$$$0000000F  mc_w.l(entry10a.o)
    0x0800019c   0x0800019c   0x00000000   Code   RO         5591    .ARM.Collect$$$$00000011  mc_w.l(entry11a.o)
    0x0800019c   0x0800019c   0x00000004   Code   RO         5580    .ARM.Collect$$$$00002712  mc_w.l(entry2.o)
    0x080001a0   0x080001a0   0x000000be   Code   RO         4627    .emb_text           port.o
    0x0800025e   0x0800025e   0x00000002   PAD
    0x08000260   0x08000260   0x00000024   Code   RO            4    .text               startup_stm32f407xx.o
    0x08000284   0x08000284   0x00000062   Code   RO         5306    .text               mc_w.l(uldiv.o)
    0x080002e6   0x080002e6   0x00000024   Code   RO         5308    .text               mc_w.l(memcpya.o)
    0x0800030a   0x0800030a   0x00000024   Code   RO         5312    .text               mc_w.l(memseta.o)
    0x0800032e   0x0800032e   0x00000026   Code   RO         5577    .text               mf_w.l(f2d.o)
    0x08000354   0x08000354   0x0000002c   Code   RO         5596    .text               mc_w.l(uidiv.o)
    0x08000380   0x08000380   0x0000001e   Code   RO         5598    .text               mc_w.l(llshl.o)
    0x0800039e   0x0800039e   0x00000020   Code   RO         5600    .text               mc_w.l(llushr.o)
    0x080003be   0x080003be   0x00000000   Code   RO         5602    .text               mc_w.l(iusefp.o)
    0x080003be   0x080003be   0x0000014e   Code   RO         5603    .text               mf_w.l(dadd.o)
    0x0800050c   0x0800050c   0x000000e4   Code   RO         5605    .text               mf_w.l(dmul.o)
    0x080005f0   0x080005f0   0x000000de   Code   RO         5607    .text               mf_w.l(ddiv.o)
    0x080006ce   0x080006ce   0x00000030   Code   RO         5609    .text               mf_w.l(dfixul.o)
    0x080006fe   0x080006fe   0x00000002   PAD
    0x08000700   0x08000700   0x00000030   Code   RO         5611    .text               mf_w.l(cdrcmple.o)
    0x08000730   0x08000730   0x00000024   Code   RO         5613    .text               mc_w.l(init.o)
    0x08000754   0x08000754   0x00000024   Code   RO         5615    .text               mc_w.l(llsshr.o)
    0x08000778   0x08000778   0x000000ba   Code   RO         5617    .text               mf_w.l(depilogue.o)
    0x08000832   0x08000832   0x00000056   Code   RO         5627    .text               mc_w.l(__dczerorl2.o)
    0x08000888   0x08000888   0x00000044   Code   RO         5121    i.AdaptivePID_Update_A  pid_app.o
    0x080008cc   0x080008cc   0x00000044   Code   RO         5122    i.AdaptivePID_Update_B  pid_app.o
    0x08000910   0x08000910   0x00000044   Code   RO         5123    i.AdaptivePID_Update_C  pid_app.o
    0x08000954   0x08000954   0x00000044   Code   RO         5124    i.AdaptivePID_Update_D  pid_app.o
    0x08000998   0x08000998   0x00000002   Code   RO          712    i.BusFault_Handler  stm32f4xx_it.o
    0x0800099a   0x0800099a   0x00000002   Code   RO          713    i.DebugMon_Handler  stm32f4xx_it.o
    0x0800099c   0x0800099c   0x0000002c   Code   RO         4916    i.Encoder_Driver_Init  encoder_driver.o
    0x080009c8   0x080009c8   0x00000054   Code   RO         4917    i.Encoder_Driver_Update  encoder_driver.o
    0x08000a1c   0x08000a1c   0x00000048   Code   RO         5044    i.Encoder_Init      encoder_app.o
    0x08000a64   0x08000a64   0x00000028   Code   RO         5045    i.Encoder_Task      encoder_app.o
    0x08000a8c   0x08000a8c   0x00000004   Code   RO           13    i.Error_Handler     main.o
    0x08000a90   0x08000a90   0x00000040   Code   RO         5125    i.GetSpeedRange     pid_app.o
    0x08000ad0   0x08000ad0   0x00000092   Code   RO         2317    i.HAL_DMA_Abort     stm32f4xx_hal_dma.o
    0x08000b62   0x08000b62   0x00000024   Code   RO         2318    i.HAL_DMA_Abort_IT  stm32f4xx_hal_dma.o
    0x08000b86   0x08000b86   0x00000002   PAD
    0x08000b88   0x08000b88   0x00000024   Code   RO         2754    i.HAL_Delay         stm32f4xx_hal.o
    0x08000bac   0x08000bac   0x000001f0   Code   RO         2210    i.HAL_GPIO_Init     stm32f4xx_hal_gpio.o
    0x08000d9c   0x08000d9c   0x0000000a   Code   RO         2214    i.HAL_GPIO_WritePin  stm32f4xx_hal_gpio.o
    0x08000da6   0x08000da6   0x00000002   PAD
    0x08000da8   0x08000da8   0x0000000c   Code   RO         2760    i.HAL_GetTick       stm32f4xx_hal.o
    0x08000db4   0x08000db4   0x00000010   Code   RO         2766    i.HAL_IncTick       stm32f4xx_hal.o
    0x08000dc4   0x08000dc4   0x00000034   Code   RO         2767    i.HAL_Init          stm32f4xx_hal.o
    0x08000df8   0x08000df8   0x00000098   Code   RO          843    i.HAL_InitTick      stm32f4xx_hal_timebase_tim.o
    0x08000e90   0x08000e90   0x00000038   Code   RO          819    i.HAL_MspInit       stm32f4xx_hal_msp.o
    0x08000ec8   0x08000ec8   0x0000001a   Code   RO         2602    i.HAL_NVIC_EnableIRQ  stm32f4xx_hal_cortex.o
    0x08000ee2   0x08000ee2   0x00000002   PAD
    0x08000ee4   0x08000ee4   0x00000040   Code   RO         2608    i.HAL_NVIC_SetPriority  stm32f4xx_hal_cortex.o
    0x08000f24   0x08000f24   0x00000024   Code   RO         2609    i.HAL_NVIC_SetPriorityGrouping  stm32f4xx_hal_cortex.o
    0x08000f48   0x08000f48   0x00000134   Code   RO         1856    i.HAL_RCC_ClockConfig  stm32f4xx_hal_rcc.o
    0x0800107c   0x0800107c   0x00000040   Code   RO         1860    i.HAL_RCC_GetClockConfig  stm32f4xx_hal_rcc.o
    0x080010bc   0x080010bc   0x00000020   Code   RO         1863    i.HAL_RCC_GetPCLK1Freq  stm32f4xx_hal_rcc.o
    0x080010dc   0x080010dc   0x00000020   Code   RO         1864    i.HAL_RCC_GetPCLK2Freq  stm32f4xx_hal_rcc.o
    0x080010fc   0x080010fc   0x00000060   Code   RO         1865    i.HAL_RCC_GetSysClockFreq  stm32f4xx_hal_rcc.o
    0x0800115c   0x0800115c   0x0000036c   Code   RO         1868    i.HAL_RCC_OscConfig  stm32f4xx_hal_rcc.o
    0x080014c8   0x080014c8   0x00000002   Code   RO         1588    i.HAL_TIMEx_BreakCallback  stm32f4xx_hal_tim_ex.o
    0x080014ca   0x080014ca   0x00000002   Code   RO         1589    i.HAL_TIMEx_CommutCallback  stm32f4xx_hal_tim_ex.o
    0x080014cc   0x080014cc   0x00000090   Code   RO         1607    i.HAL_TIMEx_MasterConfigSynchronization  stm32f4xx_hal_tim_ex.o
    0x0800155c   0x0800155c   0x0000005a   Code   RO          884    i.HAL_TIM_Base_Init  stm32f4xx_hal_tim.o
    0x080015b6   0x080015b6   0x00000002   PAD
    0x080015b8   0x080015b8   0x00000078   Code   RO          535    i.HAL_TIM_Base_MspInit  tim.o
    0x08001630   0x08001630   0x00000080   Code   RO          889    i.HAL_TIM_Base_Start_IT  stm32f4xx_hal_tim.o
    0x080016b0   0x080016b0   0x000000a4   Code   RO          905    i.HAL_TIM_Encoder_Init  stm32f4xx_hal_tim.o
    0x08001754   0x08001754   0x00000120   Code   RO          537    i.HAL_TIM_Encoder_MspInit  tim.o
    0x08001874   0x08001874   0x0000008e   Code   RO          908    i.HAL_TIM_Encoder_Start  stm32f4xx_hal_tim.o
    0x08001902   0x08001902   0x00000002   Code   RO          918    i.HAL_TIM_IC_CaptureCallback  stm32f4xx_hal_tim.o
    0x08001904   0x08001904   0x00000130   Code   RO          932    i.HAL_TIM_IRQHandler  stm32f4xx_hal_tim.o
    0x08001a34   0x08001a34   0x000000b0   Code   RO          538    i.HAL_TIM_MspPostInit  tim.o
    0x08001ae4   0x08001ae4   0x00000002   Code   RO          935    i.HAL_TIM_OC_DelayElapsedCallback  stm32f4xx_hal_tim.o
    0x08001ae6   0x08001ae6   0x000000cc   Code   RO          956    i.HAL_TIM_PWM_ConfigChannel  stm32f4xx_hal_tim.o
    0x08001bb2   0x08001bb2   0x0000005a   Code   RO          959    i.HAL_TIM_PWM_Init  stm32f4xx_hal_tim.o
    0x08001c0c   0x08001c0c   0x00000002   Code   RO          961    i.HAL_TIM_PWM_MspInit  stm32f4xx_hal_tim.o
    0x08001c0e   0x08001c0e   0x00000002   Code   RO          962    i.HAL_TIM_PWM_PulseFinishedCallback  stm32f4xx_hal_tim.o
    0x08001c10   0x08001c10   0x000000c8   Code   RO          964    i.HAL_TIM_PWM_Start  stm32f4xx_hal_tim.o
    0x08001cd8   0x08001cd8   0x00000014   Code   RO           14    i.HAL_TIM_PeriodElapsedCallback  main.o
    0x08001cec   0x08001cec   0x00000002   Code   RO          975    i.HAL_TIM_TriggerCallback  stm32f4xx_hal_tim.o
    0x08001cee   0x08001cee   0x00000002   Code   RO         3017    i.HAL_UARTEx_RxEventCallback  stm32f4xx_hal_uart.o
    0x08001cf0   0x08001cf0   0x00000002   Code   RO         3031    i.HAL_UART_ErrorCallback  stm32f4xx_hal_uart.o
    0x08001cf2   0x08001cf2   0x00000002   PAD
    0x08001cf4   0x08001cf4   0x00000280   Code   RO         3034    i.HAL_UART_IRQHandler  stm32f4xx_hal_uart.o
    0x08001f74   0x08001f74   0x00000064   Code   RO         3035    i.HAL_UART_Init     stm32f4xx_hal_uart.o
    0x08001fd8   0x08001fd8   0x000001e0   Code   RO          637    i.HAL_UART_MspInit  usart.o
    0x080021b8   0x080021b8   0x0000001c   Code   RO         3040    i.HAL_UART_Receive_IT  stm32f4xx_hal_uart.o
    0x080021d4   0x080021d4   0x00000080   Code   RO          714    i.HAL_UART_RxCpltCallback  stm32f4xx_it.o
    0x08002254   0x08002254   0x000000a0   Code   RO         3043    i.HAL_UART_Transmit  stm32f4xx_hal_uart.o
    0x080022f4   0x080022f4   0x00000002   Code   RO         3046    i.HAL_UART_TxCpltCallback  stm32f4xx_hal_uart.o
    0x080022f6   0x080022f6   0x00000002   Code   RO          715    i.HardFault_Handler  stm32f4xx_it.o
    0x080022f8   0x080022f8   0x00000044   Code   RO         4707    i.JY61P_Send        monitor.o
    0x0800233c   0x0800233c   0x00000088   Code   RO         4708    i.Kalman_Filter_Yaw  monitor.o
    0x080023c4   0x080023c4   0x00000038   Code   RO         4709    i.Kalman_Init       monitor.o
    0x080023fc   0x080023fc   0x000000c0   Code   RO          278    i.MX_FREERTOS_Init  freertos.o
    0x080024bc   0x080024bc   0x000000f8   Code   RO          254    i.MX_GPIO_Init      gpio.o
    0x080025b4   0x080025b4   0x00000068   Code   RO          539    i.MX_TIM10_Init     tim.o
    0x0800261c   0x0800261c   0x00000068   Code   RO          540    i.MX_TIM11_Init     tim.o
    0x08002684   0x08002684   0x00000068   Code   RO          541    i.MX_TIM13_Init     tim.o
    0x080026ec   0x080026ec   0x00000068   Code   RO          542    i.MX_TIM14_Init     tim.o
    0x08002754   0x08002754   0x00000070   Code   RO          543    i.MX_TIM1_Init      tim.o
    0x080027c4   0x080027c4   0x0000006c   Code   RO          544    i.MX_TIM2_Init      tim.o
    0x08002830   0x08002830   0x0000006c   Code   RO          545    i.MX_TIM3_Init      tim.o
    0x0800289c   0x0800289c   0x0000006c   Code   RO          546    i.MX_TIM4_Init      tim.o
    0x08002908   0x08002908   0x00000038   Code   RO          638    i.MX_UART4_Init     usart.o
    0x08002940   0x08002940   0x00000038   Code   RO          639    i.MX_UART5_Init     usart.o
    0x08002978   0x08002978   0x00000038   Code   RO          640    i.MX_USART1_UART_Init  usart.o
    0x080029b0   0x080029b0   0x00000038   Code   RO          641    i.MX_USART2_UART_Init  usart.o
    0x080029e8   0x080029e8   0x00000038   Code   RO          642    i.MX_USART3_UART_Init  usart.o
    0x08002a20   0x08002a20   0x00000002   Code   RO          716    i.MemManage_Handler  stm32f4xx_it.o
    0x08002a22   0x08002a22   0x00000002   PAD
    0x08002a24   0x08002a24   0x0000007c   Code   RO         4824    i.MotorDriver_Init  motor_driver.o
    0x08002aa0   0x08002aa0   0x00000032   Code   RO         4827    i.MotorDriver_SetMotor  motor_driver.o
    0x08002ad2   0x08002ad2   0x0000001c   Code   RO         4828    i.MotorDriver_StopAll  motor_driver.o
    0x08002aee   0x08002aee   0x00000072   Code   RO         4829    i.MotorDriver_Turn  motor_driver.o
    0x08002b60   0x08002b60   0x00000070   Code   RO         4830    i.MotorDriver_U_Turn  motor_driver.o
    0x08002bd0   0x08002bd0   0x0000000c   Code   RO         5087    i.Motor_Init        motor_app.o
    0x08002bdc   0x08002bdc   0x00000002   Code   RO          717    i.NMI_Handler       stm32f4xx_it.o
    0x08002bde   0x08002bde   0x00000002   PAD
    0x08002be0   0x08002be0   0x000000f8   Code   RO         5126    i.PID_Init          pid_app.o
    0x08002cd8   0x08002cd8   0x0000013c   Code   RO         5127    i.PID_Task          pid_app.o
    0x08002e14   0x08002e14   0x000000f0   Code   RO         5209    i.PathPlanning_DecideNextMove  path_planning.o
    0x08002f04   0x08002f04   0x00000084   Code   RO         5211    i.PathPlanning_Init  path_planning.o
    0x08002f88   0x08002f88   0x0000061c   Code   RO         5212    i.PathPlanning_Update  path_planning.o
    0x080035a4   0x080035a4   0x000000e8   Code   RO         5213    i.PathPlanning_UpdatePosition  path_planning.o
    0x0800368c   0x0800368c   0x00000034   Code   RO         4710    i.RHO_Parse         monitor.o
    0x080036c0   0x080036c0   0x00000044   Code   RO         4711    i.RHO_Receive       monitor.o
    0x08003704   0x08003704   0x0000002c   Code   RO          279    i.StartDefaultTask  freertos.o
    0x08003730   0x08003730   0x00000008   Code   RO          280    i.StartTask02       freertos.o
    0x08003738   0x08003738   0x0000007c   Code   RO          281    i.StartTask03       freertos.o
    0x080037b4   0x080037b4   0x0000000c   Code   RO          282    i.StartTask04       freertos.o
    0x080037c0   0x080037c0   0x0000000c   Code   RO          283    i.StartTask05       freertos.o
    0x080037cc   0x080037cc   0x0000000c   Code   RO          284    i.StartTask06       freertos.o
    0x080037d8   0x080037d8   0x0000000c   Code   RO          285    i.StartTask07       freertos.o
    0x080037e4   0x080037e4   0x00000014   Code   RO          286    i.StartTask08       freertos.o
    0x080037f8   0x080037f8   0x0000002c   Code   RO         4628    i.SysTick_Handler   port.o
    0x08003824   0x08003824   0x00000094   Code   RO           15    i.SystemClock_Config  main.o
    0x080038b8   0x080038b8   0x00000010   Code   RO         3369    i.SystemInit        system_stm32f4xx.o
    0x080038c8   0x080038c8   0x0000000c   Code   RO          718    i.TIM6_DAC_IRQHandler  stm32f4xx_it.o
    0x080038d4   0x080038d4   0x000000d0   Code   RO          977    i.TIM_Base_SetConfig  stm32f4xx_hal_tim.o
    0x080039a4   0x080039a4   0x0000001a   Code   RO          978    i.TIM_CCxChannelCmd  stm32f4xx_hal_tim.o
    0x080039be   0x080039be   0x00000002   PAD
    0x080039c0   0x080039c0   0x00000060   Code   RO          990    i.TIM_OC1_SetConfig  stm32f4xx_hal_tim.o
    0x08003a20   0x08003a20   0x0000006c   Code   RO          991    i.TIM_OC2_SetConfig  stm32f4xx_hal_tim.o
    0x08003a8c   0x08003a8c   0x00000068   Code   RO          992    i.TIM_OC3_SetConfig  stm32f4xx_hal_tim.o
    0x08003af4   0x08003af4   0x00000050   Code   RO          993    i.TIM_OC4_SetConfig  stm32f4xx_hal_tim.o
    0x08003b44   0x08003b44   0x0000000c   Code   RO          719    i.UART5_IRQHandler  stm32f4xx_it.o
    0x08003b50   0x08003b50   0x0000000e   Code   RO         3048    i.UART_DMAAbortOnError  stm32f4xx_hal_uart.o
    0x08003b5e   0x08003b5e   0x0000004e   Code   RO         3058    i.UART_EndRxTransfer  stm32f4xx_hal_uart.o
    0x08003bac   0x08003bac   0x000000c2   Code   RO         3060    i.UART_Receive_IT   stm32f4xx_hal_uart.o
    0x08003c6e   0x08003c6e   0x00000002   PAD
    0x08003c70   0x08003c70   0x0000010c   Code   RO         3061    i.UART_SetConfig    stm32f4xx_hal_uart.o
    0x08003d7c   0x08003d7c   0x00000036   Code   RO         3063    i.UART_Start_Receive_IT  stm32f4xx_hal_uart.o
    0x08003db2   0x08003db2   0x00000072   Code   RO         3064    i.UART_WaitOnFlagUntilTimeout  stm32f4xx_hal_uart.o
    0x08003e24   0x08003e24   0x0000000c   Code   RO          720    i.USART1_IRQHandler  stm32f4xx_it.o
    0x08003e30   0x08003e30   0x0000000c   Code   RO          721    i.USART2_IRQHandler  stm32f4xx_it.o
    0x08003e3c   0x08003e3c   0x0000000c   Code   RO          722    i.USART3_IRQHandler  stm32f4xx_it.o
    0x08003e48   0x08003e48   0x00000084   Code   RO         4712    i.Uart3_Parse       monitor.o
    0x08003ecc   0x08003ecc   0x00000060   Code   RO         4713    i.Uart3_Receive     monitor.o
    0x08003f2c   0x08003f2c   0x00000002   Code   RO          723    i.UsageFault_Handler  stm32f4xx_it.o
    0x08003f2e   0x08003f2e   0x00000002   PAD
    0x08003f30   0x08003f30   0x0000007c   Code   RO         5128    i.VisionControl_Update  pid_app.o
    0x08003fac   0x08003fac   0x00000104   Code   RO         5129    i.YAWControl_Update  pid_app.o
    0x080040b0   0x080040b0   0x00000020   Code   RO         5549    i.__0printf         mc_w.l(printfa.o)
    0x080040d0   0x080040d0   0x00000034   Code   RO         5554    i.__0vsnprintf      mc_w.l(printfa.o)
    0x08004104   0x08004104   0x00000020   Code   RO         2615    i.__NVIC_SetPriority  stm32f4xx_hal_cortex.o
    0x08004124   0x08004124   0x0000000e   Code   RO         5621    i.__scatterload_copy  mc_w.l(handlers.o)
    0x08004132   0x08004132   0x00000002   Code   RO         5622    i.__scatterload_null  mc_w.l(handlers.o)
    0x08004134   0x08004134   0x0000000e   Code   RO         5623    i.__scatterload_zeroinit  mc_w.l(handlers.o)
    0x08004142   0x08004142   0x00000002   PAD
    0x08004144   0x08004144   0x00000184   Code   RO         5556    i._fp_digits        mc_w.l(printfa.o)
    0x080042c8   0x080042c8   0x000006b4   Code   RO         5557    i._printf_core      mc_w.l(printfa.o)
    0x0800497c   0x0800497c   0x00000024   Code   RO         5558    i._printf_post_padding  mc_w.l(printfa.o)
    0x080049a0   0x080049a0   0x0000002e   Code   RO         5559    i._printf_pre_padding  mc_w.l(printfa.o)
    0x080049ce   0x080049ce   0x00000016   Code   RO         5560    i._snputc           mc_w.l(printfa.o)
    0x080049e4   0x080049e4   0x0000005e   Code   RO         4831    i.apply_motor_control  motor_driver.o
    0x08004a42   0x08004a42   0x00000002   PAD
    0x08004a44   0x08004a44   0x00000034   Code   RO         5214    i.calculate_angle_error  path_planning.o
    0x08004a78   0x08004a78   0x00000010   Code   RO         4832    i.clamp             motor_driver.o
    0x08004a88   0x08004a88   0x000000ec   Code   RO         5215    i.execute_turn_action  path_planning.o
    0x08004b74   0x08004b74   0x00000014   Code   RO          643    i.fputc             usart.o
    0x08004b88   0x08004b88   0x00000014   Code   RO         5216    i.get_relative_direction  path_planning.o
    0x08004b9c   0x08004b9c   0x0000014c   Code   RO         5217    i.is_cross_stable   path_planning.o
    0x08004ce8   0x08004ce8   0x00000052   Code   RO         5218    i.is_direction_allowed  path_planning.o
    0x08004d3a   0x08004d3a   0x00000002   PAD
    0x08004d3c   0x08004d3c   0x00000068   Code   RO         5219    i.is_path_visited   path_planning.o
    0x08004da4   0x08004da4   0x000000a8   Code   RO           16    i.main              main.o
    0x08004e4c   0x08004e4c   0x0000000c   Code   RO         4193    i.makeFreeRtosPriority  cmsis_os.o
    0x08004e58   0x08004e58   0x00000032   Code   RO         4714    i.my_printf         monitor.o
    0x08004e8a   0x08004e8a   0x00000002   PAD
    0x08004e8c   0x08004e8c   0x00000034   Code   RO         4715    i.normalize_angle   monitor.o
    0x08004ec0   0x08004ec0   0x0000000e   Code   RO         4195    i.osDelay           cmsis_os.o
    0x08004ece   0x08004ece   0x0000000a   Code   RO         4198    i.osKernelStart     cmsis_os.o
    0x08004ed8   0x08004ed8   0x00000054   Code   RO         4232    i.osThreadCreate    cmsis_os.o
    0x08004f2c   0x08004f2c   0x00000018   Code   RO         4951    i.pid_calculate_positional  pid.o
    0x08004f44   0x08004f44   0x00000020   Code   RO         4952    i.pid_constrain     pid.o
    0x08004f64   0x08004f64   0x000000b0   Code   RO         4953    i.pid_formula_positional  pid.o
    0x08005014   0x08005014   0x00000030   Code   RO         4954    i.pid_init          pid.o
    0x08005044   0x08005044   0x00000026   Code   RO         4955    i.pid_out_limit     pid.o
    0x0800506a   0x0800506a   0x00000006   Code   RO         4957    i.pid_set_limit     pid.o
    0x08005070   0x08005070   0x00000006   Code   RO         4958    i.pid_set_params    pid.o
    0x08005076   0x08005076   0x00000014   Code   RO         4959    i.pid_set_target    pid.o
    0x0800508a   0x0800508a   0x00000006   Code   RO         4960    i.pid_update_target  pid.o
    0x08005090   0x08005090   0x00000070   Code   RO         3875    i.prvAddCurrentTaskToDelayedList  tasks.o
    0x08005100   0x08005100   0x000000d0   Code   RO         3876    i.prvAddNewTaskToReadyList  tasks.o
    0x080051d0   0x080051d0   0x00000034   Code   RO         3877    i.prvDeleteTCB      tasks.o
    0x08005204   0x08005204   0x0000004c   Code   RO         4560    i.prvHeapInit       heap_4.o
    0x08005250   0x08005250   0x00000060   Code   RO         3878    i.prvIdleTask       tasks.o
    0x080052b0   0x080052b0   0x00000098   Code   RO         3879    i.prvInitialiseNewTask  tasks.o
    0x08005348   0x08005348   0x0000004c   Code   RO         4561    i.prvInsertBlockIntoFreeList  heap_4.o
    0x08005394   0x08005394   0x00000020   Code   RO         3880    i.prvResetNextTaskUnblockTime  tasks.o
    0x080053b4   0x080053b4   0x00000028   Code   RO         4629    i.prvTaskExitError  port.o
    0x080053dc   0x080053dc   0x000000dc   Code   RO         4562    i.pvPortMalloc      heap_4.o
    0x080054b8   0x080054b8   0x0000002c   Code   RO         4630    i.pxPortInitialiseStack  port.o
    0x080054e4   0x080054e4   0x00000046   Code   RO         4833    i.set_motor_direction  motor_driver.o
    0x0800552a   0x0800552a   0x00000020   Code   RO         4834    i.set_motor_pwm     motor_driver.o
    0x0800554a   0x0800554a   0x00000002   PAD
    0x0800554c   0x0800554c   0x0000008c   Code   RO          724    i.u2_calculate      stm32f4xx_it.o
    0x080055d8   0x080055d8   0x00000026   Code   RO         3511    i.uxListRemove      list.o
    0x080055fe   0x080055fe   0x00000002   PAD
    0x08005600   0x08005600   0x00000014   Code   RO          287    i.vApplicationGetIdleTaskMemory  freertos.o
    0x08005614   0x08005614   0x00000016   Code   RO         3512    i.vListInitialise   list.o
    0x0800562a   0x0800562a   0x00000006   Code   RO         3513    i.vListInitialiseItem  list.o
    0x08005630   0x08005630   0x00000030   Code   RO         3514    i.vListInsert       list.o
    0x08005660   0x08005660   0x00000018   Code   RO         3515    i.vListInsertEnd    list.o
    0x08005678   0x08005678   0x00000040   Code   RO         4632    i.vPortEnterCritical  port.o
    0x080056b8   0x080056b8   0x00000028   Code   RO         4633    i.vPortExitCritical  port.o
    0x080056e0   0x080056e0   0x00000064   Code   RO         4563    i.vPortFree         heap_4.o
    0x08005744   0x08005744   0x00000024   Code   RO         4634    i.vPortSetupTimerInterrupt  port.o
    0x08005768   0x08005768   0x00000054   Code   RO         4635    i.vPortValidateInterruptPriority  port.o
    0x080057bc   0x080057bc   0x0000004c   Code   RO         3889    i.vTaskDelay        tasks.o
    0x08005808   0x08005808   0x0000006c   Code   RO         3902    i.vTaskStartScheduler  tasks.o
    0x08005874   0x08005874   0x00000010   Code   RO         3904    i.vTaskSuspendAll   tasks.o
    0x08005884   0x08005884   0x0000005c   Code   RO         3905    i.vTaskSwitchContext  tasks.o
    0x080058e0   0x080058e0   0x000000f4   Code   RO         4636    i.xPortStartScheduler  port.o
    0x080059d4   0x080059d4   0x0000009c   Code   RO         3570    i.xQueueGiveFromISR  queue.o
    0x08005a70   0x08005a70   0x0000005a   Code   RO         3908    i.xTaskCreate       tasks.o
    0x08005aca   0x08005aca   0x00000056   Code   RO         3909    i.xTaskCreateStatic  tasks.o
    0x08005b20   0x08005b20   0x000000cc   Code   RO         3916    i.xTaskIncrementTick  tasks.o
    0x08005bec   0x08005bec   0x00000074   Code   RO         3921    i.xTaskRemoveFromEventList  tasks.o
    0x08005c60   0x08005c60   0x000000c4   Code   RO         3922    i.xTaskResumeAll    tasks.o
    0x08005d24   0x08005d24   0x000000e0   Data   RO          289    .constdata          freertos.o
    0x08005e04   0x08005e04   0x00000010   Data   RO         3370    .constdata          system_stm32f4xx.o
    0x08005e14   0x08005e14   0x00000008   Data   RO         3371    .constdata          system_stm32f4xx.o
    0x08005e1c   0x08005e1c   0x00000014   Data   RO         4719    .constdata          monitor.o
    0x08005e30   0x08005e30   0x00000070   Data   RO         4835    .constdata          motor_driver.o
    0x08005ea0   0x08005ea0   0x00000058   Data   RO          290    .conststring        freertos.o
    0x08005ef8   0x08005ef8   0x000000e4   Data   RO         5222    .conststring        path_planning.o
    0x08005fdc   0x08005fdc   0x00000020   Data   RO         5619    Region$$Table       anon$$obj.o


    Execution Region RW_IRAM1 (Exec base: 0x20000000, Load base: 0x08005ffc, Size: 0x000052c8, Max: 0x0001c000, ABSOLUTE, COMPRESSED[0x000000e0])

    Exec Addr    Load Addr    Size         Type   Attr      Idx    E Section Name        Object

    0x20000000   COMPRESSED   0x00000004   Data   RW          291    .data               freertos.o
    0x20000004   COMPRESSED   0x00000020   Data   RW          292    .data               freertos.o
    0x20000024   COMPRESSED   0x00000002   Data   RW          725    .data               stm32f4xx_it.o
    0x20000026   COMPRESSED   0x00000002   PAD
    0x20000028   COMPRESSED   0x0000000c   Data   RW         2774    .data               stm32f4xx_hal.o
    0x20000034   COMPRESSED   0x00000004   Data   RW         3372    .data               system_stm32f4xx.o
    0x20000038   COMPRESSED   0x0000003c   Data   RW         3925    .data               tasks.o
    0x20000074   COMPRESSED   0x00000020   Data   RW         4569    .data               heap_4.o
    0x20000094   COMPRESSED   0x0000000c   Data   RW         4637    .data               port.o
    0x200000a0   COMPRESSED   0x00000018   Data   RW         4720    .data               monitor.o
    0x200000b8   COMPRESSED   0x000001c0   Data   RW         5131    .data               pid_app.o
    0x20000278   COMPRESSED   0x00000004   Data   RW         5595    .data               mc_w.l(stdout.o)
    0x2000027c        -       0x00000254   Zero   RW          288    .bss                freertos.o
    0x200004d0        -       0x00000240   Zero   RW          547    .bss                tim.o
    0x20000710        -       0x00000168   Zero   RW          644    .bss                usart.o
    0x20000878        -       0x00000048   Zero   RW          846    .bss                stm32f4xx_hal_timebase_tim.o
    0x200008c0        -       0x000000f0   Zero   RW         3924    .bss                tasks.o
    0x200009b0        -       0x00003c00   Zero   RW         4568    .bss                heap_4.o
    0x200045b0        -       0x000000dc   Zero   RW         4716    .bss                monitor.o
    0x2000468c        -       0x00000040   Zero   RW         5046    .bss                encoder_app.o
    0x200046cc        -       0x00000084   Zero   RW         5088    .bss                motor_app.o
    0x20004750        -       0x00000168   Zero   RW         5130    .bss                pid_app.o
    0x200048b8        -       0x0000060c   Zero   RW         5221    .bss                path_planning.o
    0x20004ec4   COMPRESSED   0x00000004   PAD
    0x20004ec8        -       0x00000400   Zero   RW            1    STACK               startup_stm32f407xx.o


    Execution Region RW_IRAM2 (Exec base: 0x2001c000, Load base: 0x080060dc, Size: 0x00000000, Max: 0x00004000, ABSOLUTE)

    **** No section assigned to this execution region ****


==============================================================================

Image component sizes


      Code (inc. data)   RO Data    RW Data    ZI Data      Debug   Object Name

       120          0          0          0          0      23589   cmsis_os.o
       112         24          0          0         64       2004   encoder_app.o
       128         18          0          0          0       1618   encoder_driver.o
         0          0          0          0          0      20172   event_groups.o
       456         52        312         36        596     645939   freertos.o
       248         16          0          0          0       1151   gpio.o
       472         24          0         32      15360       7635   heap_4.o
       138          0          0          0          0       3738   list.o
       340         40          0          0          0     710444   main.o
       710         88         20         24        220       9642   monitor.o
        12          6          0          0        132        691   motor_app.o
       640          4        112          0          0       7028   motor_driver.o
      2994       1056        228          0       1548      11706   path_planning.o
       356         32          0          0          0       5960   pid.o
      1284        288          0        448        360       8171   pid_app.o
       786         82          0         12          0      12201   port.o
       156          0          0          0          0       6348   queue.o
        36          8        392          0       1024        856   startup_stm32f407xx.o
       116         18          0         12          0       8926   stm32f4xx_hal.o
       158         14          0          0          0      33194   stm32f4xx_hal_cortex.o
       182          0          0          0          0       2187   stm32f4xx_hal_dma.o
       506         46          0          0          0       2284   stm32f4xx_hal_gpio.o
        56          4          0          0          0        926   stm32f4xx_hal_msp.o
      1408         82          0          0          0       6129   stm32f4xx_hal_rcc.o
      1954        136          0          0          0      16277   stm32f4xx_hal_tim.o
       148         28          0          0          0       2609   stm32f4xx_hal_tim_ex.o
       152         20          0          0         72       1571   stm32f4xx_hal_timebase_tim.o
      1656         14          0          0          0      11844   stm32f4xx_hal_uart.o
       340         86          0          2          0       7683   stm32f4xx_it.o
         0          0          0          0          0        416   stream_buffer.o
        16          4         24          4          0       1219   system_stm32f4xx.o
      1636        120          0         60        240      20981   tasks.o
      1436        140          0          0        576       8493   tim.o
       780         86          0          0        360       6706   usart.o

    ----------------------------------------------------------------------
     19564       2536       1120        632      20556    1610338   Object Totals
         0          0         32          0          0          0   (incl. Generated)
        32          0          0          2          4          0   (incl. Padding)

    ----------------------------------------------------------------------

      Code (inc. data)   RO Data    RW Data    ZI Data      Debug   Library Member Name

        86          0          0          0          0          0   __dczerorl2.o
         0          0          0          0          0          0   entry.o
         0          0          0          0          0          0   entry10a.o
         0          0          0          0          0          0   entry11a.o
         4          0          0          0          0          0   entry12b.o
         8          4          0          0          0          0   entry2.o
         4          0          0          0          0          0   entry5.o
         0          0          0          0          0          0   entry7b.o
         0          0          0          0          0          0   entry8b.o
         8          4          0          0          0          0   entry9a.o
        30          0          0          0          0          0   handlers.o
        36          8          0          0          0         68   init.o
         0          0          0          0          0          0   iusefp.o
        30          0          0          0          0         68   llshl.o
        36          0          0          0          0         68   llsshr.o
        32          0          0          0          0         68   llushr.o
        36          0          0          0          0         68   memcpya.o
        36          0          0          0          0        108   memseta.o
      2292         96          0          0          0        612   printfa.o
         0          0          0          4          0          0   stdout.o
        44          0          0          0          0         80   uidiv.o
        98          0          0          0          0         92   uldiv.o
        48          0          0          0          0         68   cdrcmple.o
       334          0          0          0          0        148   dadd.o
       222          0          0          0          0        100   ddiv.o
       186          0          0          0          0        176   depilogue.o
        48          0          0          0          0         68   dfixul.o
       228          0          0          0          0         96   dmul.o
        38          0          0          0          0         68   f2d.o

    ----------------------------------------------------------------------
      3888        112          0          4          0       1956   Library Totals
         4          0          0          0          0          0   (incl. Padding)

    ----------------------------------------------------------------------

      Code (inc. data)   RO Data    RW Data    ZI Data      Debug   Library Name

      2780        112          0          4          0       1232   mc_w.l
      1104          0          0          0          0        724   mf_w.l

    ----------------------------------------------------------------------
      3888        112          0          4          0       1956   Library Totals

    ----------------------------------------------------------------------

==============================================================================


      Code (inc. data)   RO Data    RW Data    ZI Data      Debug   

     23452       2648       1120        636      20556    1593890   Grand Totals
     23452       2648       1120        224      20556    1593890   ELF Image Totals (compressed)
     23452       2648       1120        224          0          0   ROM Totals

==============================================================================

    Total RO  Size (Code + RO Data)                24572 (  24.00kB)
    Total RW  Size (RW Data + ZI Data)             21192 (  20.70kB)
    Total ROM Size (Code + RO Data + RW Data)      24796 (  24.21kB)

==============================================================================

