Component: ARM Compiler 5.06 update 7 (build 960) Tool: armlink [4d3601]

==============================================================================

Section Cross References

    startup_stm32f407xx.o(RESET) refers to startup_stm32f407xx.o(STACK) for __initial_sp
    startup_stm32f407xx.o(RESET) refers to startup_stm32f407xx.o(.text) for Reset_Handler
    startup_stm32f407xx.o(RESET) refers to stm32f4xx_it.o(i.NMI_Handler) for NMI_Handler
    startup_stm32f407xx.o(RESET) refers to stm32f4xx_it.o(i.HardFault_Handler) for HardFault_Handler
    startup_stm32f407xx.o(RESET) refers to stm32f4xx_it.o(i.MemManage_Handler) for MemManage_Handler
    startup_stm32f407xx.o(RESET) refers to stm32f4xx_it.o(i.BusFault_Handler) for BusFault_Handler
    startup_stm32f407xx.o(RESET) refers to stm32f4xx_it.o(i.UsageFault_Handler) for UsageFault_Handler
    startup_stm32f407xx.o(RESET) refers to port.o(.emb_text) for SVC_Handler
    startup_stm32f407xx.o(RESET) refers to stm32f4xx_it.o(i.DebugMon_Handler) for DebugMon_Handler
    startup_stm32f407xx.o(RESET) refers to port.o(i.SysTick_Handler) for SysTick_Handler
    startup_stm32f407xx.o(RESET) refers to stm32f4xx_it.o(i.USART1_IRQHandler) for USART1_IRQHandler
    startup_stm32f407xx.o(RESET) refers to stm32f4xx_it.o(i.USART2_IRQHandler) for USART2_IRQHandler
    startup_stm32f407xx.o(RESET) refers to stm32f4xx_it.o(i.USART3_IRQHandler) for USART3_IRQHandler
    startup_stm32f407xx.o(RESET) refers to stm32f4xx_it.o(i.TIM6_DAC_IRQHandler) for TIM6_DAC_IRQHandler
    startup_stm32f407xx.o(RESET) refers to stm32f4xx_it.o(i.USART6_IRQHandler) for USART6_IRQHandler
    startup_stm32f407xx.o(.text) refers to system_stm32f4xx.o(i.SystemInit) for SystemInit
    startup_stm32f407xx.o(.text) refers to entry.o(.ARM.Collect$$$$00000000) for __main
    pn532.o(i.PN532_CallFunction) refers to pn532.o(i.PN532_CallFunction_HSU) for PN532_CallFunction_HSU
    pn532.o(i.PN532_CallFunction_HSU) refers to memcpya.o(.text) for __aeabi_memcpy
    pn532.o(i.PN532_CallFunction_HSU) refers to stm32f4xx_hal_uart.o(i.HAL_UART_Transmit) for HAL_UART_Transmit
    pn532.o(i.PN532_CallFunction_HSU) refers to printfa.o(i.__0sprintf) for __2sprintf
    pn532.o(i.PN532_CallFunction_HSU) refers to pn532.o(i.recv_ack) for recv_ack
    pn532.o(i.PN532_CallFunction_HSU) refers to pn532.o(i.recv_response) for recv_response
    pn532.o(i.PN532_CallFunction_HSU) refers to usart.o(.bss) for huart4
    pn532.o(i.PN532_MFOC_Test) refers to stm32f4xx_hal_uart.o(i.HAL_UART_Transmit) for HAL_UART_Transmit
    pn532.o(i.PN532_MFOC_Test) refers to pn532.o(i.PN532_CallFunction) for PN532_CallFunction
    pn532.o(i.PN532_MFOC_Test) refers to printfa.o(i.__0sprintf) for __2sprintf
    pn532.o(i.PN532_MFOC_Test) refers to pn532.o(i.PN532_ReadPassiveTarget_MFOC) for PN532_ReadPassiveTarget_MFOC
    pn532.o(i.PN532_MFOC_Test) refers to usart.o(.bss) for huart4
    pn532.o(i.PN532_MifareClassicAuthenticate_UART) refers to stm32f4xx_hal_uart.o(i.HAL_UART_Transmit) for HAL_UART_Transmit
    pn532.o(i.PN532_MifareClassicAuthenticate_UART) refers to printfa.o(i.__0sprintf) for __2sprintf
    pn532.o(i.PN532_MifareClassicAuthenticate_UART) refers to memseta.o(.text) for __aeabi_memclr4
    pn532.o(i.PN532_MifareClassicAuthenticate_UART) refers to pn532.o(i.pn532_call_quiet) for pn532_call_quiet
    pn532.o(i.PN532_MifareClassicAuthenticate_UART) refers to strlen.o(.text) for strlen
    pn532.o(i.PN532_MifareClassicAuthenticate_UART) refers to usart.o(.bss) for huart4
    pn532.o(i.PN532_MifareClassicReadWithUID_UART) refers to stm32f4xx_hal_uart.o(i.HAL_UART_Transmit) for HAL_UART_Transmit
    pn532.o(i.PN532_MifareClassicReadWithUID_UART) refers to printfa.o(i.__0sprintf) for __2sprintf
    pn532.o(i.PN532_MifareClassicReadWithUID_UART) refers to pn532.o(i.pn532_call_quiet) for pn532_call_quiet
    pn532.o(i.PN532_MifareClassicReadWithUID_UART) refers to pn532.o(i.parse_read_response) for parse_read_response
    pn532.o(i.PN532_MifareClassicReadWithUID_UART) refers to usart.o(.bss) for huart4
    pn532.o(i.PN532_MifareClassicRead_UART) refers to stm32f4xx_hal_uart.o(i.HAL_UART_Transmit) for HAL_UART_Transmit
    pn532.o(i.PN532_MifareClassicRead_UART) refers to printfa.o(i.__0sprintf) for __2sprintf
    pn532.o(i.PN532_MifareClassicRead_UART) refers to memseta.o(.text) for __aeabi_memclr4
    pn532.o(i.PN532_MifareClassicRead_UART) refers to pn532.o(i.pn532_call_quiet) for pn532_call_quiet
    pn532.o(i.PN532_MifareClassicRead_UART) refers to usart.o(.bss) for huart4
    pn532.o(i.PN532_ReadFrame) refers to stm32f4xx_hal.o(i.HAL_GetTick) for HAL_GetTick
    pn532.o(i.PN532_ReadFrame) refers to stm32f4xx_hal_uart.o(i.HAL_UART_Receive) for HAL_UART_Receive
    pn532.o(i.PN532_ReadFrame) refers to stm32f4xx_hal_uart.o(i.HAL_UART_Transmit) for HAL_UART_Transmit
    pn532.o(i.PN532_ReadFrame) refers to printfa.o(i.__0sprintf) for __2sprintf
    pn532.o(i.PN532_ReadFrame) refers to strlen.o(.text) for strlen
[...]
    .text                                    0x080006e8   Section       48  cdrcmple.o(.text)
    .text                                    0x08000718   Section       36  init.o(.text)
    .text                                    0x0800073c   Section        0  llsshr.o(.text)
    .text                                    0x08000760   Section        0  depilogue.o(.text)
    i.BusFault_Handler                       0x0800081a   Section        0  stm32f4xx_it.o(i.BusFault_Handler)
    i.CalculateAddress                       0x0800081c   Section        0  pn532_task.o(i.CalculateAddress)
    CalculateAddress                         0x0800081d   Thumb Code   102  pn532_task.o(i.CalculateAddress)
    i.DebugMon_Handler                       0x080008c8   Section        0  stm32f4xx_it.o(i.DebugMon_Handler)
    i.Error_Handler                          0x080008ca   Section        0  main.o(i.Error_Handler)
    i.ExtractPeakData                        0x080008d0   Section        0  pn532_task.o(i.ExtractPeakData)
    ExtractPeakData                          0x080008d1   Thumb Code   254  pn532_task.o(i.ExtractPeakData)
    i.HAL_DMA_Abort                          0x08000a58   Section        0  stm32f4xx_hal_dma.o(i.HAL_DMA_Abort)
    i.HAL_DMA_Abort_IT                       0x08000aea   Section        0  stm32f4xx_hal_dma.o(i.HAL_DMA_Abort_IT)
    i.HAL_GPIO_Init                          0x08000b10   Section        0  stm32f4xx_hal_gpio.o(i.HAL_GPIO_Init)
    i.HAL_GPIO_WritePin                      0x08000d00   Section        0  stm32f4xx_hal_gpio.o(i.HAL_GPIO_WritePin)
    i.HAL_GetTick                            0x08000d0c   Section        0  stm32f4xx_hal.o(i.HAL_GetTick)
    i.HAL_IncTick                            0x08000d18   Section        0  stm32f4xx_hal.o(i.HAL_IncTick)
    i.HAL_Init                               0x08000d28   Section        0  stm32f4xx_hal.o(i.HAL_Init)
    i.HAL_InitTick                           0x08000d5c   Section        0  stm32f4xx_hal_timebase_tim.o(i.HAL_InitTick)
    i.HAL_MspInit                            0x08000df4   Section        0  stm32f4xx_hal_msp.o(i.HAL_MspInit)
    i.HAL_NVIC_EnableIRQ                     0x08000e2c   Section        0  stm32f4xx_hal_cortex.o(i.HAL_NVIC_EnableIRQ)
    i.HAL_NVIC_SetPriority                   0x08000e48   Section        0  stm32f4xx_hal_cortex.o(i.HAL_NVIC_SetPriority)
    i.HAL_NVIC_SetPriorityGrouping           0x08000e88   Section        0  stm32f4xx_hal_cortex.o(i.HAL_NVIC_SetPriorityGrouping)
    i.HAL_RCC_ClockConfig                    0x08000eac   Section        0  stm32f4xx_hal_rcc.o(i.HAL_RCC_ClockConfig)
    i.HAL_RCC_GetClockConfig                 0x08000fe0   Section        0  stm32f4xx_hal_rcc.o(i.HAL_RCC_GetClockConfig)
    i.HAL_RCC_GetPCLK1Freq                   0x08001020   Section        0  stm32f4xx_hal_rcc.o(i.HAL_RCC_GetPCLK1Freq)
    i.HAL_RCC_GetPCLK2Freq                   0x08001040   Section        0  stm32f4xx_hal_rcc.o(i.HAL_RCC_GetPCLK2Freq)
    i.HAL_RCC_GetSysClockFreq                0x08001060   Section        0  stm32f4xx_hal_rcc.o(i.HAL_RCC_GetSysClockFreq)
    i.HAL_RCC_OscConfig                      0x080010c0   Section        0  stm32f4xx_hal_rcc.o(i.HAL_RCC_OscConfig)
    i.HAL_TIMEx_BreakCallback                0x0800142c   Section        0  stm32f4xx_hal_tim_ex.o(i.HAL_TIMEx_BreakCallback)
    i.HAL_TIMEx_CommutCallback               0x0800142e   Section        0  stm32f4xx_hal_tim_ex.o(i.HAL_TIMEx_CommutCallback)
    i.HAL_TIMEx_MasterConfigSynchronization  0x08001430   Section        0  stm32f4xx_hal_tim_ex.o(i.HAL_TIMEx_MasterConfigSynchronization)
    i.HAL_TIM_Base_Init                      0x080014c0   Section        0  stm32f4xx_hal_tim.o(i.HAL_TIM_Base_Init)
    i.HAL_TIM_Base_MspInit                   0x0800151c   Section        0  tim.o(i.HAL_TIM_Base_MspInit)
    i.HAL_TIM_Base_Start_IT                  0x08001594   Section        0  stm32f4xx_hal_tim.o(i.HAL_TIM_Base_Start_IT)
    i.HAL_TIM_Encoder_Init                   0x08001614   Section        0  stm32f4xx_hal_tim.o(i.HAL_TIM_Encoder_Init)
    i.HAL_TIM_Encoder_MspInit                0x080016b8   Section        0  tim.o(i.HAL_TIM_Encoder_MspInit)
    i.HAL_TIM_IC_CaptureCallback             0x080017d8   Section        0  stm32f4xx_hal_tim.o(i.HAL_TIM_IC_CaptureCallback)
    i.HAL_TIM_IRQHandler                     0x080017da   Section        0  stm32f4xx_hal_tim.o(i.HAL_TIM_IRQHandler)
    i.HAL_TIM_MspPostInit                    0x0800190c   Section        0  tim.o(i.HAL_TIM_MspPostInit)
    i.HAL_TIM_OC_DelayElapsedCallback        0x080019bc   Section        0  stm32f4xx_hal_tim.o(i.HAL_TIM_OC_DelayElapsedCallback)
    i.HAL_TIM_PWM_ConfigChannel              0x080019be   Section        0  stm32f4xx_hal_tim.o(i.HAL_TIM_PWM_ConfigChannel)
    i.HAL_TIM_PWM_Init                       0x08001a8a   Section        0  stm32f4xx_hal_tim.o(i.HAL_TIM_PWM_Init)
    i.HAL_TIM_PWM_MspInit                    0x08001ae4   Section        0  stm32f4xx_hal_tim.o(i.HAL_TIM_PWM_MspInit)
    i.HAL_TIM_PWM_PulseFinishedCallback      0x08001ae6   Section        0  stm32f4xx_hal_tim.o(i.HAL_TIM_PWM_PulseFinishedCallback)
    i.HAL_TIM_PeriodElapsedCallback          0x08001ae8   Section        0  main.o(i.HAL_TIM_PeriodElapsedCallback)
    i.HAL_TIM_TriggerCallback                0x08001afc   Section        0  stm32f4xx_hal_tim.o(i.HAL_TIM_TriggerCallback)
    i.HAL_UARTEx_RxEventCallback             0x08001afe   Section        0  stm32f4xx_hal_uart.o(i.HAL_UARTEx_RxEventCallback)
    i.HAL_UART_ErrorCallback                 0x08001b00   Section        0  stm32f4xx_hal_uart.o(i.HAL_UART_ErrorCallback)
    i.HAL_UART_IRQHandler                    0x08001b04   Section        0  stm32f4xx_hal_uart.o(i.HAL_UART_IRQHandler)
    i.HAL_UART_Init                          0x08001d84   Section        0  stm32f4xx_hal_uart.o(i.HAL_UART_Init)
    i.HAL_UART_MspInit                       0x08001de8   Section        0  usart.o(i.HAL_UART_MspInit)
    i.HAL_UART_Receive                       0x08001fa8   Section        0  stm32f4xx_hal_uart.o(i.HAL_UART_Receive)
    i.HAL_UART_Receive_IT                    0x08002058   Section        0  stm32f4xx_hal_uart.o(i.HAL_UART_Receive_IT)
    i.HAL_UART_RxCpltCallback                0x08002074   Section        0  stm32f4xx_it.o(i.HAL_UART_RxCpltCallback)
    i.HAL_UART_Transmit                      0x08002120   Section        0  stm32f4xx_hal_uart.o(i.HAL_UART_Transmit)
    i.HAL_UART_TxCpltCallback                0x080021c0   Section        0  stm32f4xx_hal_uart.o(i.HAL_UART_TxCpltCallback)
    i.HardFault_Handler                      0x080021c2   Section        0  stm32f4xx_it.o(i.HardFault_Handler)
    i.MX_FREERTOS_Init                       0x080021c4   Section        0  freertos.o(i.MX_FREERTOS_Init)
    i.MX_GPIO_Init                           0x08002240   Section        0  gpio.o(i.MX_GPIO_Init)
    i.MX_TIM10_Init                          0x08002390   Section        0  tim.o(i.MX_TIM10_Init)
    i.MX_TIM11_Init                          0x080023f8   Section        0  tim.o(i.MX_TIM11_Init)
    i.MX_TIM13_Init                          0x08002460   Section        0  tim.o(i.MX_TIM13_Init)
    i.MX_TIM14_Init                          0x080024c8   Section        0  tim.o(i.MX_TIM14_Init)
    i.MX_TIM1_Init                           0x08002530   Section        0  tim.o(i.MX_TIM1_Init)
    i.MX_TIM2_Init                           0x0800259c   Section        0  tim.o(i.MX_TIM2_Init)
    i.MX_TIM3_Init                           0x08002600   Section        0  tim.o(i.MX_TIM3_Init)
    i.MX_TIM4_Init                           0x08002668   Section        0  tim.o(i.MX_TIM4_Init)
    i.MX_UART4_Init                          0x080026d0   Section        0  usart.o(i.MX_UART4_Init)
    i.MX_USART1_UART_Init                    0x08002708   Section        0  usart.o(i.MX_USART1_UART_Init)
    i.MX_USART2_UART_Init                    0x08002740   Section        0  usart.o(i.MX_USART2_UART_Init)
    i.MX_USART3_UART_Init                    0x08002778   Section        0  usart.o(i.MX_USART3_UART_Init)
    i.MX_USART6_UART_Init                    0x080027b0   Section        0  usart.o(i.MX_USART6_UART_Init)
    i.MemManage_Handler                      0x080027e8   Section        0  stm32f4xx_it.o(i.MemManage_Handler)
    i.NMI_Handler                            0x080027ea   Section        0  stm32f4xx_it.o(i.NMI_Handler)
    i.PN532_Init_Hardware                    0x080027ec   Section        0  pn532_task.o(i.PN532_Init_Hardware)
    PN532_Init_Hardware                      0x080027ed   Thumb Code   130  pn532_task.o(i.PN532_Init_Hardware)
    i.PN532_MifareClassicAuthenticate_UART   0x08002910   Section        0  pn532.o(i.PN532_MifareClassicAuthenticate_UART)
    i.PN532_MifareClassicReadWithUID_UART    0x08002b34   Section        0  pn532.o(i.PN532_MifareClassicReadWithUID_UART)
    i.PN532_ReadPeakInfoSelective            0x08002c54   Section        0  pn532_task.o(i.PN532_ReadPeakInfoSelective)
    i.PN532_SearchCard                       0x08003068   Section        0  pn532_task.o(i.PN532_SearchCard)
    PN532_SearchCard                         0x08003069   Thumb Code   508  pn532_task.o(i.PN532_SearchCard)
    i.ReadBlockSelective                     0x080034c4   Section        0  pn532_task.o(i.ReadBlockSelective)
    ReadBlockSelective                       0x080034c5   Thumb Code   276  pn532_task.o(i.ReadBlockSelective)
    i.StartDefaultTask                       0x0800365c   Section        0  freertos.o(i.StartDefaultTask)
    i.StartPN532_ICCardTask                  0x08003688   Section        0  pn532_task.o(i.StartPN532_ICCardTask)
    i.StartTask02                            0x08003880   Section        0  freertos.o(i.StartTask02)
    i.StartTask03                            0x08003888   Section        0  freertos.o(i.StartTask03)
    i.StartTask04                            0x0800388a   Section        0  freertos.o(i.StartTask04)
    i.SysTick_Handler                        0x08003898   Section        0  port.o(i.SysTick_Handler)
    i.SystemClock_Config                     0x080038c4   Section        0  main.o(i.SystemClock_Config)
    i.SystemInit                             0x08003958   Section        0  system_stm32f4xx.o(i.SystemInit)
    i.TIM6_DAC_IRQHandler                    0x08003968   Section        0  stm32f4xx_it.o(i.TIM6_DAC_IRQHandler)
    i.TIM_Base_SetConfig                     0x08003974   Section        0  stm32f4xx_hal_tim.o(i.TIM_Base_SetConfig)
    i.TIM_OC1_SetConfig                      0x08003a44   Section        0  stm32f4xx_hal_tim.o(i.TIM_OC1_SetConfig)
    TIM_OC1_SetConfig                        0x08003a45   Thumb Code    88  stm32f4xx_hal_tim.o(i.TIM_OC1_SetConfig)
    i.TIM_OC2_SetConfig                      0x08003aa4   Section        0  stm32f4xx_hal_tim.o(i.TIM_OC2_SetConfig)
    i.TIM_OC3_SetConfig                      0x08003b10   Section        0  stm32f4xx_hal_tim.o(i.TIM_OC3_SetConfig)
    TIM_OC3_SetConfig                        0x08003b11   Thumb Code    96  stm32f4xx_hal_tim.o(i.TIM_OC3_SetConfig)
    i.TIM_OC4_SetConfig                      0x08003b78   Section        0  stm32f4xx_hal_tim.o(i.TIM_OC4_SetConfig)
    TIM_OC4_SetConfig                        0x08003b79   Thumb Code    70  stm32f4xx_hal_tim.o(i.TIM_OC4_SetConfig)
    i.UART_DMAAbortOnError                   0x08003bc8   Section        0  stm32f4xx_hal_uart.o(i.UART_DMAAbortOnError)
    UART_DMAAbortOnError                     0x08003bc9   Thumb Code    14  stm32f4xx_hal_uart.o(i.UART_DMAAbortOnError)
    i.UART_EndRxTransfer                     0x08003bd6   Section        0  stm32f4xx_hal_uart.o(i.UART_EndRxTransfer)
    UART_EndRxTransfer                       0x08003bd7   Thumb Code    78  stm32f4xx_hal_uart.o(i.UART_EndRxTransfer)
    i.UART_Receive_IT                        0x08003c24   Section        0  stm32f4xx_hal_uart.o(i.UART_Receive_IT)
    UART_Receive_IT                          0x08003c25   Thumb Code   194  stm32f4xx_hal_uart.o(i.UART_Receive_IT)
    i.UART_SetConfig                         0x08003ce8   Section        0  stm32f4xx_hal_uart.o(i.UART_SetConfig)
    UART_SetConfig                           0x08003ce9   Thumb Code   258  stm32f4xx_hal_uart.o(i.UART_SetConfig)
    i.UART_Start_Receive_IT                  0x08003df4   Section        0  stm32f4xx_hal_uart.o(i.UART_Start_Receive_IT)
    i.UART_WaitOnFlagUntilTimeout            0x08003e2a   Section        0  stm32f4xx_hal_uart.o(i.UART_WaitOnFlagUntilTimeout)
    UART_WaitOnFlagUntilTimeout              0x08003e2b   Thumb Code   114  stm32f4xx_hal_uart.o(i.UART_WaitOnFlagUntilTimeout)
    i.USART1_IRQHandler                      0x08003e9c   Section        0  stm32f4xx_it.o(i.USART1_IRQHandler)
    i.USART2_IRQHandler                      0x08003ea8   Section        0  stm32f4xx_it.o(i.USART2_IRQHandler)
    i.USART3_IRQHandler                      0x08003eb4   Section        0  stm32f4xx_it.o(i.USART3_IRQHandler)
    i.USART6_IRQHandler                      0x08003ec0   Section        0  stm32f4xx_it.o(i.USART6_IRQHandler)
    i.Uart3_Parse                            0x08003ecc   Section        0  monitor.o(i.Uart3_Parse)
    i.Uart3_Receive                          0x08003f44   Section        0  monitor.o(i.Uart3_Receive)
    i.UsageFault_Handler                     0x08003fa4   Section        0  stm32f4xx_it.o(i.UsageFault_Handler)
    i.__0sprintf                             0x08003fa8   Section        0  printfa.o(i.__0sprintf)
    i.__NVIC_SetPriority                     0x08003fd0   Section        0  stm32f4xx_hal_cortex.o(i.__NVIC_SetPriority)
    __NVIC_SetPriority                       0x08003fd1   Thumb Code    32  stm32f4xx_hal_cortex.o(i.__NVIC_SetPriority)
    i.__scatterload_copy                     0x08003ff0   Section       14  handlers.o(i.__scatterload_copy)
    i.__scatterload_null                     0x08003ffe   Section        2  handlers.o(i.__scatterload_null)
    i.__scatterload_zeroinit                 0x08004000   Section       14  handlers.o(i.__scatterload_zeroinit)
    i._fp_digits                             0x08004010   Section        0  printfa.o(i._fp_digits)
    _fp_digits                               0x08004011   Thumb Code   366  printfa.o(i._fp_digits)
    i._printf_core                           0x08004194   Section        0  printfa.o(i._printf_core)
    _printf_core                             0x08004195   Thumb Code  1704  printfa.o(i._printf_core)
    i._printf_post_padding                   0x08004848   Section        0  printfa.o(i._printf_post_padding)
    _printf_post_padding                     0x08004849   Thumb Code    36  printfa.o(i._printf_post_padding)
    i._printf_pre_padding                    0x0800486c   Section        0  printfa.o(i._printf_pre_padding)
    _printf_pre_padding                      0x0800486d   Thumb Code    46  printfa.o(i._printf_pre_padding)
    i._sputc                                 0x0800489a   Section        0  printfa.o(i._sputc)
    _sputc                                   0x0800489b   Thumb Code    10  printfa.o(i._sputc)
    i.main                                   0x080048a4   Section        0  main.o(i.main)
    i.makeFreeRtosPriority                   0x08004938   Section        0  cmsis_os.o(i.makeFreeRtosPriority)
    makeFreeRtosPriority                     0x08004939   Thumb Code    12  cmsis_os.o(i.makeFreeRtosPriority)
    i.osDelay                                0x08004944   Section        0  cmsis_os.o(i.osDelay)
    i.osKernelStart                          0x08004952   Section        0  cmsis_os.o(i.osKernelStart)
    i.osThreadCreate                         0x0800495c   Section        0  cmsis_os.o(i.osThreadCreate)
    i.parse_read_response                    0x080049b0   Section        0  pn532.o(i.parse_read_response)
    i.pn532_call_quiet                       0x08004aac   Section        0  pn532.o(i.pn532_call_quiet)
    i.pn532_send_frame_quiet                 0x08004c74   Section        0  pn532.o(i.pn532_send_frame_quiet)
    pn532_send_frame_quiet                   0x08004c75   Thumb Code   234  pn532.o(i.pn532_send_frame_quiet)
    i.prvAddCurrentTaskToDelayedList         0x08004d98   Section        0  tasks.o(i.prvAddCurrentTaskToDelayedList)
    prvAddCurrentTaskToDelayedList           0x08004d99   Thumb Code   102  tasks.o(i.prvAddCurrentTaskToDelayedList)
    i.prvAddNewTaskToReadyList               0x08004e08   Section        0  tasks.o(i.prvAddNewTaskToReadyList)
    prvAddNewTaskToReadyList                 0x08004e09   Thumb Code   194  tasks.o(i.prvAddNewTaskToReadyList)
    i.prvDeleteTCB                           0x08004ed8   Section        0  tasks.o(i.prvDeleteTCB)
    prvDeleteTCB                             0x08004ed9   Thumb Code    52  tasks.o(i.prvDeleteTCB)
    i.prvHeapInit                            0x08004f0c   Section        0  heap_4.o(i.prvHeapInit)
    prvHeapInit                              0x08004f0d   Thumb Code    66  heap_4.o(i.prvHeapInit)
    i.prvIdleTask                            0x08004f58   Section        0  tasks.o(i.prvIdleTask)
    prvIdleTask                              0x08004f59   Thumb Code    82  tasks.o(i.prvIdleTask)
    i.prvInitialiseNewTask                   0x08004fb8   Section        0  tasks.o(i.prvInitialiseNewTask)
    prvInitialiseNewTask                     0x08004fb9   Thumb Code   152  tasks.o(i.prvInitialiseNewTask)
    i.prvInsertBlockIntoFreeList             0x08005050   Section        0  heap_4.o(i.prvInsertBlockIntoFreeList)
    prvInsertBlockIntoFreeList               0x08005051   Thumb Code    72  heap_4.o(i.prvInsertBlockIntoFreeList)
    i.prvResetNextTaskUnblockTime            0x0800509c   Section        0  tasks.o(i.prvResetNextTaskUnblockTime)
    prvResetNextTaskUnblockTime              0x0800509d   Thumb Code    26  tasks.o(i.prvResetNextTaskUnblockTime)
    i.prvTaskExitError                       0x080050bc   Section        0  port.o(i.prvTaskExitError)
    prvTaskExitError                         0x080050bd   Thumb Code    36  port.o(i.prvTaskExitError)
    i.pvPortMalloc                           0x080050e4   Section        0  heap_4.o(i.pvPortMalloc)
    i.pxPortInitialiseStack                  0x080051c0   Section        0  port.o(i.pxPortInitialiseStack)
    i.recv_ack                               0x080051ec   Section        0  pn532.o(i.recv_ack)
    recv_ack                                 0x080051ed   Thumb Code   198  pn532.o(i.recv_ack)
    i.recv_response                          0x0800530c   Section        0  pn532.o(i.recv_response)
    recv_response                            0x0800530d   Thumb Code   490  pn532.o(i.recv_response)
    i.u2_calculate                           0x08005598   Section        0  stm32f4xx_it.o(i.u2_calculate)
    i.uxListRemove                           0x08005624   Section        0  list.o(i.uxListRemove)
    i.vApplicationGetIdleTaskMemory          0x0800564c   Section        0  freertos.o(i.vApplicationGetIdleTaskMemory)
    i.vListInitialise                        0x08005660   Section        0  list.o(i.vListInitialise)
    i.vListInitialiseItem                    0x08005676   Section        0  list.o(i.vListInitialiseItem)
    i.vListInsert                            0x0800567c   Section        0  list.o(i.vListInsert)
    i.vListInsertEnd                         0x080056ac   Section        0  list.o(i.vListInsertEnd)
    i.vPortEnterCritical                     0x080056c4   Section        0  port.o(i.vPortEnterCritical)
    i.vPortExitCritical                      0x08005704   Section        0  port.o(i.vPortExitCritical)
    i.vPortFree                              0x0800572c   Section        0  heap_4.o(i.vPortFree)
    i.vPortSetupTimerInterrupt               0x08005790   Section        0  port.o(i.vPortSetupTimerInterrupt)
    i.vPortValidateInterruptPriority         0x080057b4   Section        0  port.o(i.vPortValidateInterruptPriority)
    i.vTaskDelay                             0x08005808   Section        0  tasks.o(i.vTaskDelay)
    i.vTaskDelete                            0x08005854   Section        0  tasks.o(i.vTaskDelete)
    i.vTaskStartScheduler                    0x08005900   Section        0  tasks.o(i.vTaskStartScheduler)
    i.vTaskSuspendAll                        0x0800596c   Section        0  tasks.o(i.vTaskSuspendAll)
    i.vTaskSwitchContext                     0x0800597c   Section        0  tasks.o(i.vTaskSwitchContext)
    i.xPortStartScheduler                    0x080059d8   Section        0  port.o(i.xPortStartScheduler)
    i.xQueueGiveFromISR                      0x08005acc   Section        0  queue.o(i.xQueueGiveFromISR)
    i.xTaskCreate                            0x08005b68   Section        0  tasks.o(i.xTaskCreate)
    i.xTaskCreateStatic                      0x08005bc2   Section        0  tasks.o(i.xTaskCreateStatic)
    i.xTaskIncrementTick                     0x08005c18   Section        0  tasks.o(i.xTaskIncrementTick)
    i.xTaskRemoveFromEventList               0x08005ce4   Section        0  tasks.o(i.xTaskRemoveFromEventList)
    i.xTaskResumeAll                         0x08005d58   Section        0  tasks.o(i.xTaskResumeAll)
    .constdata                               0x08005e1c   Section       52  pn532_task.o(.constdata)
    fused_wakeup_sam                         0x08005e38   Data          24  pn532_task.o(.constdata)
    .constdata                               0x08005e50   Section      140  freertos.o(.constdata)
    .constdata                               0x08005edc   Section       16  system_stm32f4xx.o(.constdata)
    .constdata                               0x08005eec   Section        8  system_stm32f4xx.o(.constdata)
    .conststring                             0x08005ef4   Section       17  pn532_task.o(.conststring)
    .conststring                             0x08005f08   Section       46  freertos.o(.conststring)
    .data                                    0x20000000   Section       16  pn532_task.o(.data)
    pn532_initialized                        0x20000000   Data           1  pn532_task.o(.data)
    .data                                    0x20000010   Section        8  main.o(.data)
    .data                                    0x20000018   Section        1  main.o(.data)
    .data                                    0x2000001c   Section        4  freertos.o(.data)
    .data                                    0x20000020   Section       16  freertos.o(.data)
    .data                                    0x20000030   Section        2  stm32f4xx_it.o(.data)
    .data                                    0x20000034   Section       12  stm32f4xx_hal.o(.data)
    .data                                    0x20000040   Section        4  system_stm32f4xx.o(.data)
    .data                                    0x20000044   Section       60  tasks.o(.data)
    uxDeletedTasksWaitingCleanUp             0x20000048   Data           4  tasks.o(.data)
    uxCurrentNumberOfTasks                   0x2000004c   Data           4  tasks.o(.data)
    xTickCount                               0x20000050   Data           4  tasks.o(.data)
    uxTopReadyPriority                       0x20000054   Data           4  tasks.o(.data)
    xSchedulerRunning                        0x20000058   Data           4  tasks.o(.data)
    xPendedTicks                             0x2000005c   Data           4  tasks.o(.data)
    xYieldPending                            0x20000060   Data           4  tasks.o(.data)
    xNumOfOverflows                          0x20000064   Data           4  tasks.o(.data)
    uxTaskNumber                             0x20000068   Data           4  tasks.o(.data)
    xNextTaskUnblockTime                     0x2000006c   Data           4  tasks.o(.data)
    xIdleTaskHandle                          0x20000070   Data           4  tasks.o(.data)
    uxSchedulerSuspended                     0x20000074   Data           4  tasks.o(.data)
    pxDelayedTaskList                        0x20000078   Data           4  tasks.o(.data)
    pxOverflowDelayedTaskList                0x2000007c   Data           4  tasks.o(.data)
    .data                                    0x20000080   Section       32  heap_4.o(.data)
    pxEnd                                    0x20000080   Data           4  heap_4.o(.data)
    xFreeBytesRemaining                      0x20000084   Data           4  heap_4.o(.data)
    xMinimumEverFreeBytesRemaining           0x20000088   Data           4  heap_4.o(.data)
    xNumberOfSuccessfulAllocations           0x2000008c   Data           4  heap_4.o(.data)
    xNumberOfSuccessfulFrees                 0x20000090   Data           4  heap_4.o(.data)
    xBlockAllocatedBit                       0x20000094   Data           4  heap_4.o(.data)
    xStart                                   0x20000098   Data           8  heap_4.o(.data)
    .data                                    0x200000a0   Section       12  port.o(.data)
    ucMaxSysCallPriority                     0x200000a0   Data           1  port.o(.data)
    uxCriticalNesting                        0x200000a4   Data           4  port.o(.data)
    ulMaxPRIGROUPValue                       0x200000a8   Data           4  port.o(.data)
    .data                                    0x200000ac   Section       20  monitor.o(.data)
    .bss                                     0x200000c0   Section        9  pn532_task.o(.bss)
    .bss                                     0x200000c9   Section      256  main.o(.bss)
    .bss                                     0x200001cc   Section      596  freertos.o(.bss)
    xIdleTaskTCBBuffer                       0x200001cc   Data          84  freertos.o(.bss)
    xIdleStack                               0x20000220   Data         512  freertos.o(.bss)
    .bss                                     0x20000420   Section      576  tim.o(.bss)
    .bss                                     0x20000660   Section      360  usart.o(.bss)
    .bss                                     0x200007c8   Section       72  stm32f4xx_hal_timebase_tim.o(.bss)
    .bss                                     0x20000810   Section      240  tasks.o(.bss)
    pxReadyTasksLists                        0x20000810   Data         140  tasks.o(.bss)
    xDelayedTaskList1                        0x2000089c   Data          20  tasks.o(.bss)
    xDelayedTaskList2                        0x200008b0   Data          20  tasks.o(.bss)
    xPendingReadyList                        0x200008c4   Data          20  tasks.o(.bss)
    xTasksWaitingTermination                 0x200008d8   Data          20  tasks.o(.bss)
    xSuspendedTaskList                       0x200008ec   Data          20  tasks.o(.bss)
    .bss                                     0x20000900   Section    15360  heap_4.o(.bss)
    ucHeap                                   0x20000900   Data       15360  heap_4.o(.bss)
    .bss                                     0x20004500   Section      200  monitor.o(.bss)
    STACK                                    0x200045c8   Section     1024  startup_stm32f407xx.o(STACK)

    Global Symbols

    Symbol Name                              Value     Ov Type        Size  Object(Section)

    BuildAttributes$$THM_ISAv4$E$P$D$K$B$S$7EM$VFPi3$EXTD16$VFPS$VFMA$PE$A:L22UL41UL21$X:L11$S22US41US21$IEEE1$IW$USESV6$~STKCKD$USESV7$~SHL$OSPACE$ROPI$EBA8$MICROLIB$REQ8$PRES8$EABIv2 0x00000000   Number         0  anon$$obj.o ABSOLUTE
    __ARM_use_no_argv                        0x00000000   Number         0  main.o ABSOLUTE
    _printf_a                                0x00000000   Number         0  stubs.o ABSOLUTE
    _printf_c                                0x00000000   Number         0  stubs.o ABSOLUTE
    _printf_charcount                        0x00000000   Number         0  stubs.o ABSOLUTE
    _printf_d                                0x00000000   Number         0  stubs.o ABSOLUTE
    _printf_e                                0x00000000   Number         0  stubs.o ABSOLUTE
    _printf_f                                0x00000000   Number         0  stubs.o ABSOLUTE
    _printf_flags                            0x00000000   Number         0  stubs.o ABSOLUTE
    _printf_fp_dec                           0x00000000   Number         0  stubs.o ABSOLUTE
    _printf_fp_hex                           0x00000000   Number         0  stubs.o ABSOLUTE
    _printf_g                                0x00000000   Number         0  stubs.o ABSOLUTE
    _printf_i                                0x00000000   Number         0  stubs.o ABSOLUTE
    _printf_int_dec                          0x00000000   Number         0  stubs.o ABSOLUTE
    _printf_l                                0x00000000   Number         0  stubs.o ABSOLUTE
    _printf_lc                               0x00000000   Number         0  stubs.o ABSOLUTE
    _printf_ll                               0x00000000   Number         0  stubs.o ABSOLUTE
    _printf_lld                              0x00000000   Number         0  stubs.o ABSOLUTE
    _printf_lli                              0x00000000   Number         0  stubs.o ABSOLUTE
    _printf_llo                              0x00000000   Number         0  stubs.o ABSOLUTE
    _printf_llu                              0x00000000   Number         0  stubs.o ABSOLUTE
    _printf_llx                              0x00000000   Number         0  stubs.o ABSOLUTE
    _printf_longlong_dec                     0x00000000   Number         0  stubs.o ABSOLUTE
    _printf_longlong_hex                     0x00000000   Number         0  stubs.o ABSOLUTE
    _printf_longlong_oct                     0x00000000   Number         0  stubs.o ABSOLUTE
    _printf_ls                               0x00000000   Number         0  stubs.o ABSOLUTE
    _printf_mbtowc                           0x00000000   Number         0  stubs.o ABSOLUTE
    _printf_n                                0x00000000   Number         0  stubs.o ABSOLUTE
    _printf_o                                0x00000000   Number         0  stubs.o ABSOLUTE
    _printf_p                                0x00000000   Number         0  stubs.o ABSOLUTE
    _printf_percent                          0x00000000   Number         0  stubs.o ABSOLUTE
    _printf_pre_padding                      0x00000000   Number         0  stubs.o ABSOLUTE
    _printf_return_value                     0x00000000   Number         0  stubs.o ABSOLUTE
    _printf_s                                0x00000000   Number         0  stubs.o ABSOLUTE
    _printf_sizespec                         0x00000000   Number         0  stubs.o ABSOLUTE
    _printf_str                              0x00000000   Number         0  stubs.o ABSOLUTE
    _printf_truncate_signed                  0x00000000   Number         0  stubs.o ABSOLUTE
    _printf_truncate_unsigned                0x00000000   Number         0  stubs.o ABSOLUTE
    _printf_u                                0x00000000   Number         0  stubs.o ABSOLUTE
    _printf_wc                               0x00000000   Number         0  stubs.o ABSOLUTE
    _printf_wctomb                           0x00000000   Number         0  stubs.o ABSOLUTE
    _printf_widthprec                        0x00000000   Number         0  stubs.o ABSOLUTE
    _printf_x                                0x00000000   Number         0  stubs.o ABSOLUTE
    __arm_fini_                               - Undefined Weak Reference
    __cpp_initialize__aeabi_                  - Undefined Weak Reference
    __cxa_finalize                            - Undefined Weak Reference
    __decompress                              - Undefined Weak Reference
    _clock_init                               - Undefined Weak Reference
    _microlib_exit                            - Undefined Weak Reference
    __Vectors_Size                           0x00000188   Number         0  startup_stm32f407xx.o ABSOLUTE
    __Vectors                                0x08000000   Data           4  startup_stm32f407xx.o(RESET)
    __Vectors_End                            0x08000188   Data           0  startup_stm32f407xx.o(RESET)
    __main                                   0x08000189   Thumb Code     0  entry.o(.ARM.Collect$$$$00000000)
    _main_stk                                0x08000189   Thumb Code     0  entry2.o(.ARM.Collect$$$$00000001)
    _main_scatterload                        0x0800018d   Thumb Code     0  entry5.o(.ARM.Collect$$$$00000004)
    __main_after_scatterload                 0x08000191   Thumb Code     0  entry5.o(.ARM.Collect$$$$00000004)
    _main_clock                              0x08000191   Thumb Code     0  entry7b.o(.ARM.Collect$$$$00000008)
    _main_cpp_init                           0x08000191   Thumb Code     0  entry8b.o(.ARM.Collect$$$$0000000A)
    _main_init                               0x08000191   Thumb Code     0  entry9a.o(.ARM.Collect$$$$0000000B)
    __rt_lib_shutdown_fini                   0x08000199   Thumb Code     0  entry12b.o(.ARM.Collect$$$$0000000E)
    __rt_final_cpp                           0x0800019d   Thumb Code     0  entry10a.o(.ARM.Collect$$$$0000000F)
    __rt_final_exit                          0x0800019d   Thumb Code     0  entry11a.o(.ARM.Collect$$$$00000011)
    SVC_Handler                              0x080001a1   Thumb Code    28  port.o(.emb_text)
    __asm___6_port_c_39a90d8d__prvStartFirstTask 0x080001c1   Thumb Code    36  port.o(.emb_text)
    __asm___6_port_c_39a90d8d__prvEnableVFP  0x080001e9   Thumb Code    16  port.o(.emb_text)
    PendSV_Handler                           0x080001fd   Thumb Code    88  port.o(.emb_text)
    vPortGetIPSR                             0x08000259   Thumb Code     6  port.o(.emb_text)
    Reset_Handler                            0x08000261   Thumb Code     8  startup_stm32f407xx.o(.text)
    ADC_IRQHandler                           0x0800027b   Thumb Code     0  startup_stm32f407xx.o(.text)
    CAN1_RX0_IRQHandler                      0x0800027b   Thumb Code     0  startup_stm32f407xx.o(.text)
    CAN1_RX1_IRQHandler                      0x0800027b   Thumb Code     0  startup_stm32f407xx.o(.text)
    CAN1_SCE_IRQHandler                      0x0800027b   Thumb Code     0  startup_stm32f407xx.o(.text)
    CAN1_TX_IRQHandler                       0x0800027b   Thumb Code     0  startup_stm32f407xx.o(.text)
    CAN2_RX0_IRQHandler                      0x0800027b   Thumb Code     0  startup_stm32f407xx.o(.text)
    CAN2_RX1_IRQHandler                      0x0800027b   Thumb Code     0  startup_stm32f407xx.o(.text)
    CAN2_SCE_IRQHandler                      0x0800027b   Thumb Code     0  startup_stm32f407xx.o(.text)
    CAN2_TX_IRQHandler                       0x0800027b   Thumb Code     0  startup_stm32f407xx.o(.text)
    DCMI_IRQHandler                          0x0800027b   Thumb Code     0  startup_stm32f407xx.o(.text)
    DMA1_Stream0_IRQHandler                  0x0800027b   Thumb Code     0  startup_stm32f407xx.o(.text)
    DMA1_Stream1_IRQHandler                  0x0800027b   Thumb Code     0  startup_stm32f407xx.o(.text)
    DMA1_Stream2_IRQHandler                  0x0800027b   Thumb Code     0  startup_stm32f407xx.o(.text)
    DMA1_Stream3_IRQHandler                  0x0800027b   Thumb Code     0  startup_stm32f407xx.o(.text)
    DMA1_Stream4_IRQHandler                  0x0800027b   Thumb Code     0  startup_stm32f407xx.o(.text)
    DMA1_Stream5_IRQHandler                  0x0800027b   Thumb Code     0  startup_stm32f407xx.o(.text)
    DMA1_Stream6_IRQHandler                  0x0800027b   Thumb Code     0  startup_stm32f407xx.o(.text)
    DMA1_Stream7_IRQHandler                  0x0800027b   Thumb Code     0  startup_stm32f407xx.o(.text)
    DMA2_Stream0_IRQHandler                  0x0800027b   Thumb Code     0  startup_stm32f407xx.o(.text)
    DMA2_Stream1_IRQHandler                  0x0800027b   Thumb Code     0  startup_stm32f407xx.o(.text)
    DMA2_Stream2_IRQHandler                  0x0800027b   Thumb Code     0  startup_stm32f407xx.o(.text)
    DMA2_Stream3_IRQHandler                  0x0800027b   Thumb Code     0  startup_stm32f407xx.o(.text)
    DMA2_Stream4_IRQHandler                  0x0800027b   Thumb Code     0  startup_stm32f407xx.o(.text)
    DMA2_Stream5_IRQHandler                  0x0800027b   Thumb Code     0  startup_stm32f407xx.o(.text)
    DMA2_Stream6_IRQHandler                  0x0800027b   Thumb Code     0  startup_stm32f407xx.o(.text)
    DMA2_Stream7_IRQHandler                  0x0800027b   Thumb Code     0  startup_stm32f407xx.o(.text)
    ETH_IRQHandler                           0x0800027b   Thumb Code     0  startup_stm32f407xx.o(.text)
    ETH_WKUP_IRQHandler                      0x0800027b   Thumb Code     0  startup_stm32f407xx.o(.text)
    EXTI0_IRQHandler                         0x0800027b   Thumb Code     0  startup_stm32f407xx.o(.text)
    EXTI15_10_IRQHandler                     0x0800027b   Thumb Code     0  startup_stm32f407xx.o(.text)
    EXTI1_IRQHandler                         0x0800027b   Thumb Code     0  startup_stm32f407xx.o(.text)
    EXTI2_IRQHandler                         0x0800027b   Thumb Code     0  startup_stm32f407xx.o(.text)
    EXTI3_IRQHandler                         0x0800027b   Thumb Code     0  startup_stm32f407xx.o(.text)
    EXTI4_IRQHandler                         0x0800027b   Thumb Code     0  startup_stm32f407xx.o(.text)
    EXTI9_5_IRQHandler                       0x0800027b   Thumb Code     0  startup_stm32f407xx.o(.text)
    FLASH_IRQHandler                         0x0800027b   Thumb Code     0  startup_stm32f407xx.o(.text)
    FMC_IRQHandler                           0x0800027b   Thumb Code     0  startup_stm32f407xx.o(.text)
    FPU_IRQHandler                           0x0800027b   Thumb Code     0  startup_stm32f407xx.o(.text)
    HASH_RNG_IRQHandler                      0x0800027b   Thumb Code     0  startup_stm32f407xx.o(.text)
    I2C1_ER_IRQHandler                       0x0800027b   Thumb Code     0  startup_stm32f407xx.o(.text)
    I2C1_EV_IRQHandler                       0x0800027b   Thumb Code     0  startup_stm32f407xx.o(.text)
    I2C2_ER_IRQHandler                       0x0800027b   Thumb Code     0  startup_stm32f407xx.o(.text)
    I2C2_EV_IRQHandler                       0x0800027b   Thumb Code     0  startup_stm32f407xx.o(.text)
    I2C3_ER_IRQHandler                       0x0800027b   Thumb Code     0  startup_stm32f407xx.o(.text)
    I2C3_EV_IRQHandler                       0x0800027b   Thumb Code     0  startup_stm32f407xx.o(.text)
    OTG_FS_IRQHandler                        0x0800027b   Thumb Code     0  startup_stm32f407xx.o(.text)
    OTG_FS_WKUP_IRQHandler                   0x0800027b   Thumb Code     0  startup_stm32f407xx.o(.text)
    OTG_HS_EP1_IN_IRQHandler                 0x0800027b   Thumb Code     0  startup_stm32f407xx.o(.text)
    OTG_HS_EP1_OUT_IRQHandler                0x0800027b   Thumb Code     0  startup_stm32f407xx.o(.text)
    OTG_HS_IRQHandler                        0x0800027b   Thumb Code     0  startup_stm32f407xx.o(.text)
    OTG_HS_WKUP_IRQHandler                   0x0800027b   Thumb Code     0  startup_stm32f407xx.o(.text)
    PVD_IRQHandler                           0x0800027b   Thumb Code     0  startup_stm32f407xx.o(.text)
    RCC_IRQHandler                           0x0800027b   Thumb Code     0  startup_stm32f407xx.o(.text)
    RTC_Alarm_IRQHandler                     0x0800027b   Thumb Code     0  startup_stm32f407xx.o(.text)
    RTC_WKUP_IRQHandler                      0x0800027b   Thumb Code     0  startup_stm32f407xx.o(.text)
    SDIO_IRQHandler                          0x0800027b   Thumb Code     0  startup_stm32f407xx.o(.text)
    SPI1_IRQHandler                          0x0800027b   Thumb Code     0  startup_stm32f407xx.o(.text)
    SPI2_IRQHandler                          0x0800027b   Thumb Code     0  startup_stm32f407xx.o(.text)
    SPI3_IRQHandler                          0x0800027b   Thumb Code     0  startup_stm32f407xx.o(.text)
    TAMP_STAMP_IRQHandler                    0x0800027b   Thumb Code     0  startup_stm32f407xx.o(.text)
    TIM1_BRK_TIM9_IRQHandler                 0x0800027b   Thumb Code     0  startup_stm32f407xx.o(.text)
    TIM1_CC_IRQHandler                       0x0800027b   Thumb Code     0  startup_stm32f407xx.o(.text)
    TIM1_TRG_COM_TIM11_IRQHandler            0x0800027b   Thumb Code     0  startup_stm32f407xx.o(.text)
    TIM1_UP_TIM10_IRQHandler                 0x0800027b   Thumb Code     0  startup_stm32f407xx.o(.text)
    TIM2_IRQHandler                          0x0800027b   Thumb Code     0  startup_stm32f407xx.o(.text)
    TIM3_IRQHandler                          0x0800027b   Thumb Code     0  startup_stm32f407xx.o(.text)
    TIM4_IRQHandler                          0x0800027b   Thumb Code     0  startup_stm32f407xx.o(.text)
    TIM5_IRQHandler                          0x0800027b   Thumb Code     0  startup_stm32f407xx.o(.text)
    TIM7_IRQHandler                          0x0800027b   Thumb Code     0  startup_stm32f407xx.o(.text)
    TIM8_BRK_TIM12_IRQHandler                0x0800027b   Thumb Code     0  startup_stm32f407xx.o(.text)
    TIM8_CC_IRQHandler                       0x0800027b   Thumb Code     0  startup_stm32f407xx.o(.text)
    TIM8_TRG_COM_TIM14_IRQHandler            0x0800027b   Thumb Code     0  startup_stm32f407xx.o(.text)
    TIM8_UP_TIM13_IRQHandler                 0x0800027b   Thumb Code     0  startup_stm32f407xx.o(.text)
    UART4_IRQHandler                         0x0800027b   Thumb Code     0  startup_stm32f407xx.o(.text)
    UART5_IRQHandler                         0x0800027b   Thumb Code     0  startup_stm32f407xx.o(.text)
    WWDG_IRQHandler                          0x0800027b   Thumb Code     0  startup_stm32f407xx.o(.text)
    __aeabi_uldivmod                         0x08000285   Thumb Code    98  uldiv.o(.text)
    __aeabi_memcpy                           0x080002e7   Thumb Code    36  memcpya.o(.text)
    __aeabi_memcpy4                          0x080002e7   Thumb Code     0  memcpya.o(.text)
    __aeabi_memcpy8                          0x080002e7   Thumb Code     0  memcpya.o(.text)
    __aeabi_memset                           0x0800030b   Thumb Code    14  memseta.o(.text)
    __aeabi_memset4                          0x0800030b   Thumb Code     0  memseta.o(.text)
    __aeabi_memset8                          0x0800030b   Thumb Code     0  memseta.o(.text)
    __aeabi_memclr                           0x08000319   Thumb Code     4  memseta.o(.text)
    __aeabi_memclr4                          0x08000319   Thumb Code     0  memseta.o(.text)
    __aeabi_memclr8                          0x08000319   Thumb Code     0  memseta.o(.text)
    memset                                   0x0800031d   Thumb Code    18  memseta.o(.text)
    strlen                                   0x0800032f   Thumb Code    14  strlen.o(.text)
    __aeabi_uidiv                            0x0800033d   Thumb Code     0  uidiv.o(.text)
    __aeabi_uidivmod                         0x0800033d   Thumb Code    44  uidiv.o(.text)
    __aeabi_llsl                             0x08000369   Thumb Code    30  llshl.o(.text)
    _ll_shift_l                              0x08000369   Thumb Code     0  llshl.o(.text)
    __aeabi_llsr                             0x08000387   Thumb Code    32  llushr.o(.text)
    _ll_ushift_r                             0x08000387   Thumb Code     0  llushr.o(.text)
    __I$use$fp                               0x080003a7   Thumb Code     0  iusefp.o(.text)
    __aeabi_dadd                             0x080003a7   Thumb Code   322  dadd.o(.text)
    __aeabi_dsub                             0x080004e9   Thumb Code     6  dadd.o(.text)
    __aeabi_drsub                            0x080004ef   Thumb Code     6  dadd.o(.text)
    __aeabi_dmul                             0x080004f5   Thumb Code   228  dmul.o(.text)
    __aeabi_ddiv                             0x080005d9   Thumb Code   222  ddiv.o(.text)
    __aeabi_d2ulz                            0x080006b7   Thumb Code    48  dfixul.o(.text)
    __aeabi_cdrcmple                         0x080006e9   Thumb Code    48  cdrcmple.o(.text)
    __scatterload                            0x08000719   Thumb Code    28  init.o(.text)
    __scatterload_rt2                        0x08000719   Thumb Code     0  init.o(.text)
    __aeabi_lasr                             0x0800073d   Thumb Code    36  llsshr.o(.text)
    _ll_sshift_r                             0x0800073d   Thumb Code     0  llsshr.o(.text)
    _double_round                            0x08000761   Thumb Code    30  depilogue.o(.text)
    _double_epilogue                         0x0800077f   Thumb Code   156  depilogue.o(.text)
    BusFault_Handler                         0x0800081b   Thumb Code     2  stm32f4xx_it.o(i.BusFault_Handler)
    DebugMon_Handler                         0x080008c9   Thumb Code     2  stm32f4xx_it.o(i.DebugMon_Handler)
    Error_Handler                            0x080008cb   Thumb Code     4  main.o(i.Error_Handler)
    HAL_DMA_Abort                            0x08000a59   Thumb Code   146  stm32f4xx_hal_dma.o(i.HAL_DMA_Abort)
    HAL_DMA_Abort_IT                         0x08000aeb   Thumb Code    36  stm32f4xx_hal_dma.o(i.HAL_DMA_Abort_IT)
    HAL_GPIO_Init                            0x08000b11   Thumb Code   450  stm32f4xx_hal_gpio.o(i.HAL_GPIO_Init)
    HAL_GPIO_WritePin                        0x08000d01   Thumb Code    10  stm32f4xx_hal_gpio.o(i.HAL_GPIO_WritePin)
    HAL_GetTick                              0x08000d0d   Thumb Code     6  stm32f4xx_hal.o(i.HAL_GetTick)
    HAL_IncTick                              0x08000d19   Thumb Code    12  stm32f4xx_hal.o(i.HAL_IncTick)
    HAL_Init                                 0x08000d29   Thumb Code    48  stm32f4xx_hal.o(i.HAL_Init)
    HAL_InitTick                             0x08000d5d   Thumb Code   132  stm32f4xx_hal_timebase_tim.o(i.HAL_InitTick)
    HAL_MspInit                              0x08000df5   Thumb Code    52  stm32f4xx_hal_msp.o(i.HAL_MspInit)
    HAL_NVIC_EnableIRQ                       0x08000e2d   Thumb Code    26  stm32f4xx_hal_cortex.o(i.HAL_NVIC_EnableIRQ)
    HAL_NVIC_SetPriority                     0x08000e49   Thumb Code    60  stm32f4xx_hal_cortex.o(i.HAL_NVIC_SetPriority)
    HAL_NVIC_SetPriorityGrouping             0x08000e89   Thumb Code    26  stm32f4xx_hal_cortex.o(i.HAL_NVIC_SetPriorityGrouping)
    HAL_RCC_ClockConfig                      0x08000ead   Thumb Code   288  stm32f4xx_hal_rcc.o(i.HAL_RCC_ClockConfig)
    HAL_RCC_GetClockConfig                   0x08000fe1   Thumb Code    54  stm32f4xx_hal_rcc.o(i.HAL_RCC_GetClockConfig)
    HAL_RCC_GetPCLK1Freq                     0x08001021   Thumb Code    20  stm32f4xx_hal_rcc.o(i.HAL_RCC_GetPCLK1Freq)
    HAL_RCC_GetPCLK2Freq                     0x08001041   Thumb Code    20  stm32f4xx_hal_rcc.o(i.HAL_RCC_GetPCLK2Freq)
    HAL_RCC_GetSysClockFreq                  0x08001061   Thumb Code    88  stm32f4xx_hal_rcc.o(i.HAL_RCC_GetSysClockFreq)
    HAL_RCC_OscConfig                        0x080010c1   Thumb Code   856  stm32f4xx_hal_rcc.o(i.HAL_RCC_OscConfig)
    HAL_TIMEx_BreakCallback                  0x0800142d   Thumb Code     2  stm32f4xx_hal_tim_ex.o(i.HAL_TIMEx_BreakCallback)
    HAL_TIMEx_CommutCallback                 0x0800142f   Thumb Code     2  stm32f4xx_hal_tim_ex.o(i.HAL_TIMEx_CommutCallback)
    HAL_TIMEx_MasterConfigSynchronization    0x08001431   Thumb Code   116  stm32f4xx_hal_tim_ex.o(i.HAL_TIMEx_MasterConfigSynchronization)
    HAL_TIM_Base_Init                        0x080014c1   Thumb Code    90  stm32f4xx_hal_tim.o(i.HAL_TIM_Base_Init)
    HAL_TIM_Base_MspInit                     0x0800151d   Thumb Code   100  tim.o(i.HAL_TIM_Base_MspInit)
    HAL_TIM_Base_Start_IT                    0x08001595   Thumb Code   100  stm32f4xx_hal_tim.o(i.HAL_TIM_Base_Start_IT)
    HAL_TIM_Encoder_Init                     0x08001615   Thumb Code   164  stm32f4xx_hal_tim.o(i.HAL_TIM_Encoder_Init)
    HAL_TIM_Encoder_MspInit                  0x080016b9   Thumb Code   258  tim.o(i.HAL_TIM_Encoder_MspInit)
    HAL_TIM_IC_CaptureCallback               0x080017d9   Thumb Code     2  stm32f4xx_hal_tim.o(i.HAL_TIM_IC_CaptureCallback)
    HAL_TIM_IRQHandler                       0x080017db   Thumb Code   304  stm32f4xx_hal_tim.o(i.HAL_TIM_IRQHandler)
    HAL_TIM_MspPostInit                      0x0800190d   Thumb Code   150  tim.o(i.HAL_TIM_MspPostInit)
    HAL_TIM_OC_DelayElapsedCallback          0x080019bd   Thumb Code     2  stm32f4xx_hal_tim.o(i.HAL_TIM_OC_DelayElapsedCallback)
    HAL_TIM_PWM_ConfigChannel                0x080019bf   Thumb Code   204  stm32f4xx_hal_tim.o(i.HAL_TIM_PWM_ConfigChannel)
    HAL_TIM_PWM_Init                         0x08001a8b   Thumb Code    90  stm32f4xx_hal_tim.o(i.HAL_TIM_PWM_Init)
    HAL_TIM_PWM_MspInit                      0x08001ae5   Thumb Code     2  stm32f4xx_hal_tim.o(i.HAL_TIM_PWM_MspInit)
    HAL_TIM_PWM_PulseFinishedCallback        0x08001ae7   Thumb Code     2  stm32f4xx_hal_tim.o(i.HAL_TIM_PWM_PulseFinishedCallback)
    HAL_TIM_PeriodElapsedCallback            0x08001ae9   Thumb Code    14  main.o(i.HAL_TIM_PeriodElapsedCallback)
    HAL_TIM_TriggerCallback                  0x08001afd   Thumb Code     2  stm32f4xx_hal_tim.o(i.HAL_TIM_TriggerCallback)
    HAL_UARTEx_RxEventCallback               0x08001aff   Thumb Code     2  stm32f4xx_hal_uart.o(i.HAL_UARTEx_RxEventCallback)
    HAL_UART_ErrorCallback                   0x08001b01   Thumb Code     2  stm32f4xx_hal_uart.o(i.HAL_UART_ErrorCallback)
    HAL_UART_IRQHandler                      0x08001b05   Thumb Code   636  stm32f4xx_hal_uart.o(i.HAL_UART_IRQHandler)
    HAL_UART_Init                            0x08001d85   Thumb Code   100  stm32f4xx_hal_uart.o(i.HAL_UART_Init)
    HAL_UART_MspInit                         0x08001de9   Thumb Code   408  usart.o(i.HAL_UART_MspInit)
    HAL_UART_Receive                         0x08001fa9   Thumb Code   176  stm32f4xx_hal_uart.o(i.HAL_UART_Receive)
    HAL_UART_Receive_IT                      0x08002059   Thumb Code    28  stm32f4xx_hal_uart.o(i.HAL_UART_Receive_IT)
    HAL_UART_RxCpltCallback                  0x08002075   Thumb Code   116  stm32f4xx_it.o(i.HAL_UART_RxCpltCallback)
    HAL_UART_Transmit                        0x08002121   Thumb Code   160  stm32f4xx_hal_uart.o(i.HAL_UART_Transmit)
    HAL_UART_TxCpltCallback                  0x080021c1   Thumb Code     2  stm32f4xx_hal_uart.o(i.HAL_UART_TxCpltCallback)
    HardFault_Handler                        0x080021c3   Thumb Code     2  stm32f4xx_it.o(i.HardFault_Handler)
    MX_FREERTOS_Init                         0x080021c5   Thumb Code   116  freertos.o(i.MX_FREERTOS_Init)
    MX_GPIO_Init                             0x08002241   Thumb Code   314  gpio.o(i.MX_GPIO_Init)
    MX_TIM10_Init                            0x08002391   Thumb Code    96  tim.o(i.MX_TIM10_Init)
    MX_TIM11_Init                            0x080023f9   Thumb Code    96  tim.o(i.MX_TIM11_Init)
    MX_TIM13_Init                            0x08002461   Thumb Code    96  tim.o(i.MX_TIM13_Init)
    MX_TIM14_Init                            0x080024c9   Thumb Code    96  tim.o(i.MX_TIM14_Init)
    MX_TIM1_Init                             0x08002531   Thumb Code    98  tim.o(i.MX_TIM1_Init)
    MX_TIM2_Init                             0x0800259d   Thumb Code    96  tim.o(i.MX_TIM2_Init)
    MX_TIM3_Init                             0x08002601   Thumb Code    96  tim.o(i.MX_TIM3_Init)
    MX_TIM4_Init                             0x08002669   Thumb Code    96  tim.o(i.MX_TIM4_Init)
    MX_UART4_Init                            0x080026d1   Thumb Code    48  usart.o(i.MX_UART4_Init)
    MX_USART1_UART_Init                      0x08002709   Thumb Code    48  usart.o(i.MX_USART1_UART_Init)
    MX_USART2_UART_Init                      0x08002741   Thumb Code    48  usart.o(i.MX_USART2_UART_Init)
    MX_USART3_UART_Init                      0x08002779   Thumb Code    48  usart.o(i.MX_USART3_UART_Init)
    MX_USART6_UART_Init                      0x080027b1   Thumb Code    48  usart.o(i.MX_USART6_UART_Init)
    MemManage_Handler                        0x080027e9   Thumb Code     2  stm32f4xx_it.o(i.MemManage_Handler)
    NMI_Handler                              0x080027eb   Thumb Code     2  stm32f4xx_it.o(i.NMI_Handler)
    PN532_MifareClassicAuthenticate_UART     0x08002911   Thumb Code   366  pn532.o(i.PN532_MifareClassicAuthenticate_UART)
    PN532_MifareClassicReadWithUID_UART      0x08002b35   Thumb Code   204  pn532.o(i.PN532_MifareClassicReadWithUID_UART)
    PN532_ReadPeakInfoSelective              0x08002c55   Thumb Code   596  pn532_task.o(i.PN532_ReadPeakInfoSelective)
    StartDefaultTask                         0x0800365d   Thumb Code    40  freertos.o(i.StartDefaultTask)
    StartPN532_ICCardTask                    0x08003689   Thumb Code   216  pn532_task.o(i.StartPN532_ICCardTask)
    StartTask02                              0x08003881   Thumb Code     8  freertos.o(i.StartTask02)
    StartTask03                              0x08003889   Thumb Code     2  freertos.o(i.StartTask03)
    StartTask04                              0x0800388b   Thumb Code    12  freertos.o(i.StartTask04)
    SysTick_Handler                          0x08003899   Thumb Code    38  port.o(i.SysTick_Handler)
    SystemClock_Config                       0x080038c5   Thumb Code   140  main.o(i.SystemClock_Config)
    SystemInit                               0x08003959   Thumb Code    12  system_stm32f4xx.o(i.SystemInit)
    TIM6_DAC_IRQHandler                      0x08003969   Thumb Code     6  stm32f4xx_it.o(i.TIM6_DAC_IRQHandler)
    TIM_Base_SetConfig                       0x08003975   Thumb Code   164  stm32f4xx_hal_tim.o(i.TIM_Base_SetConfig)
    TIM_OC2_SetConfig                        0x08003aa5   Thumb Code    98  stm32f4xx_hal_tim.o(i.TIM_OC2_SetConfig)
    UART_Start_Receive_IT                    0x08003df5   Thumb Code    54  stm32f4xx_hal_uart.o(i.UART_Start_Receive_IT)
    USART1_IRQHandler                        0x08003e9d   Thumb Code     6  stm32f4xx_it.o(i.USART1_IRQHandler)
    USART2_IRQHandler                        0x08003ea9   Thumb Code     6  stm32f4xx_it.o(i.USART2_IRQHandler)
    USART3_IRQHandler                        0x08003eb5   Thumb Code     6  stm32f4xx_it.o(i.USART3_IRQHandler)
    USART6_IRQHandler                        0x08003ec1   Thumb Code     6  stm32f4xx_it.o(i.USART6_IRQHandler)
    Uart3_Parse                              0x08003ecd   Thumb Code   104  monitor.o(i.Uart3_Parse)
    Uart3_Receive                            0x08003f45   Thumb Code    86  monitor.o(i.Uart3_Receive)
    UsageFault_Handler                       0x08003fa5   Thumb Code     2  stm32f4xx_it.o(i.UsageFault_Handler)
    __0sprintf                               0x08003fa9   Thumb Code    34  printfa.o(i.__0sprintf)
    __1sprintf                               0x08003fa9   Thumb Code     0  printfa.o(i.__0sprintf)
    __2sprintf                               0x08003fa9   Thumb Code     0  printfa.o(i.__0sprintf)
    __c89sprintf                             0x08003fa9   Thumb Code     0  printfa.o(i.__0sprintf)
    sprintf                                  0x08003fa9   Thumb Code     0  printfa.o(i.__0sprintf)
    __scatterload_copy                       0x08003ff1   Thumb Code    14  handlers.o(i.__scatterload_copy)
    __scatterload_null                       0x08003fff   Thumb Code     2  handlers.o(i.__scatterload_null)
    __scatterload_zeroinit                   0x08004001   Thumb Code    14  handlers.o(i.__scatterload_zeroinit)
    main                                     0x080048a5   Thumb Code   126  main.o(i.main)
    osDelay                                  0x08004945   Thumb Code    14  cmsis_os.o(i.osDelay)
    osKernelStart                            0x08004953   Thumb Code    10  cmsis_os.o(i.osKernelStart)
    osThreadCreate                           0x0800495d   Thumb Code    84  cmsis_os.o(i.osThreadCreate)
    parse_read_response                      0x080049b1   Thumb Code   114  pn532.o(i.parse_read_response)
    pn532_call_quiet                         0x08004aad   Thumb Code   256  pn532.o(i.pn532_call_quiet)
    pvPortMalloc                             0x080050e5   Thumb Code   216  heap_4.o(i.pvPortMalloc)
    pxPortInitialiseStack                    0x080051c1   Thumb Code    40  port.o(i.pxPortInitialiseStack)
    u2_calculate                             0x08005599   Thumb Code   128  stm32f4xx_it.o(i.u2_calculate)
    uxListRemove                             0x08005625   Thumb Code    38  list.o(i.uxListRemove)
    vApplicationGetIdleTaskMemory            0x0800564d   Thumb Code    16  freertos.o(i.vApplicationGetIdleTaskMemory)
    vListInitialise                          0x08005661   Thumb Code    22  list.o(i.vListInitialise)
    vListInitialiseItem                      0x08005677   Thumb Code     6  list.o(i.vListInitialiseItem)
    vListInsert                              0x0800567d   Thumb Code    48  list.o(i.vListInsert)
    vListInsertEnd                           0x080056ad   Thumb Code    24  list.o(i.vListInsertEnd)
    vPortEnterCritical                       0x080056c5   Thumb Code    54  port.o(i.vPortEnterCritical)
    vPortExitCritical                        0x08005705   Thumb Code    34  port.o(i.vPortExitCritical)
    vPortFree                                0x0800572d   Thumb Code    94  heap_4.o(i.vPortFree)
    vPortSetupTimerInterrupt                 0x08005791   Thumb Code    32  port.o(i.vPortSetupTimerInterrupt)
    vPortValidateInterruptPriority           0x080057b5   Thumb Code    74  port.o(i.vPortValidateInterruptPriority)
    vTaskDelay                               0x08005809   Thumb Code    66  tasks.o(i.vTaskDelay)
    vTaskDelete                              0x08005855   Thumb Code   158  tasks.o(i.vTaskDelete)
    vTaskStartScheduler                      0x08005901   Thumb Code    90  tasks.o(i.vTaskStartScheduler)
    vTaskSuspendAll                          0x0800596d   Thumb Code    10  tasks.o(i.vTaskSuspendAll)
    vTaskSwitchContext                       0x0800597d   Thumb Code    82  tasks.o(i.vTaskSwitchContext)
    xPortStartScheduler                      0x080059d9   Thumb Code   222  port.o(i.xPortStartScheduler)
    xQueueGiveFromISR                        0x08005acd   Thumb Code   156  queue.o(i.xQueueGiveFromISR)
    xTaskCreate                              0x08005b69   Thumb Code    90  tasks.o(i.xTaskCreate)
    xTaskCreateStatic                        0x08005bc3   Thumb Code    86  tasks.o(i.xTaskCreateStatic)
    xTaskIncrementTick                       0x08005c19   Thumb Code   194  tasks.o(i.xTaskIncrementTick)
    xTaskRemoveFromEventList                 0x08005ce5   Thumb Code   108  tasks.o(i.xTaskRemoveFromEventList)
    xTaskResumeAll                           0x08005d59   Thumb Code   182  tasks.o(i.xTaskResumeAll)
    AHBPrescTable                            0x08005edc   Data          16  system_stm32f4xx.o(.constdata)
    APBPrescTable                            0x08005eec   Data           8  system_stm32f4xx.o(.constdata)
    Region$$Table$$Base                      0x08005f38   Number         0  anon$$obj.o(Region$$Table)
    Region$$Table$$Limit                     0x08005f58   Number         0  anon$$obj.o(Region$$Table)
    g_block2_first_byte                      0x20000001   Data           1  pn532_task.o(.data)
    PN532_ICCardTaskHandle                   0x20000004   Data           4  pn532_task.o(.data)
    g_block1_array                           0x20000008   Data           4  pn532_task.o(.data)
    g_block1_array_size                      0x2000000c   Data           4  pn532_task.o(.data)
    uart6_rx_index                           0x20000010   Data           2  main.o(.data)
    uart6_rx_ticks                           0x20000014   Data           4  main.o(.data)
    uart6_rx_flag                            0x20000018   Data           1  main.o(.data)
    xUartSemaphore                           0x2000001c   Data           4  freertos.o(.data)
    defaultTaskHandle                        0x20000020   Data           4  freertos.o(.data)
    uart1Handle                              0x20000024   Data           4  freertos.o(.data)
    UART4_monitorHandle                      0x20000028   Data           4  freertos.o(.data)
    US3_JY91Handle                           0x2000002c   Data           4  freertos.o(.data)
    u2temp                                   0x20000030   Data           1  stm32f4xx_it.o(.data)
    u2index                                  0x20000031   Data           1  stm32f4xx_it.o(.data)
    uwTickFreq                               0x20000034   Data           1  stm32f4xx_hal.o(.data)
    uwTickPrio                               0x20000038   Data           4  stm32f4xx_hal.o(.data)
    uwTick                                   0x2000003c   Data           4  stm32f4xx_hal.o(.data)
    SystemCoreClock                          0x20000040   Data           4  system_stm32f4xx.o(.data)
    pxCurrentTCB                             0x20000044   Data           4  tasks.o(.data)
    Recv_index3                              0x200000ac   Data           1  monitor.o(.data)
    Recv_index6                              0x200000ad   Data           1  monitor.o(.data)
    Recv_flag3                               0x200000ae   Data           1  monitor.o(.data)
    Recv_flag6                               0x200000af   Data           1  monitor.o(.data)
    Recv3                                    0x200000b0   Data           1  monitor.o(.data)
    Recv6                                    0x200000b1   Data           1  monitor.o(.data)
    f_roll                                   0x200000b4   Data           4  monitor.o(.data)
    f_pitch                                  0x200000b8   Data           4  monitor.o(.data)
    f_yaw                                    0x200000bc   Data           4  monitor.o(.data)
    g_peak_info                              0x200000c0   Data           9  pn532_task.o(.bss)
    uart6_rx_buffer                          0x200000c9   Data         256  main.o(.bss)
    htim1                                    0x20000420   Data          72  tim.o(.bss)
    htim2                                    0x20000468   Data          72  tim.o(.bss)
    htim3                                    0x200004b0   Data          72  tim.o(.bss)
    htim4                                    0x200004f8   Data          72  tim.o(.bss)
    htim10                                   0x20000540   Data          72  tim.o(.bss)
    htim11                                   0x20000588   Data          72  tim.o(.bss)
    htim13                                   0x200005d0   Data          72  tim.o(.bss)
    htim14                                   0x20000618   Data          72  tim.o(.bss)
    huart4                                   0x20000660   Data          72  usart.o(.bss)
    huart1                                   0x200006a8   Data          72  usart.o(.bss)
    huart2                                   0x200006f0   Data          72  usart.o(.bss)
    huart3                                   0x20000738   Data          72  usart.o(.bss)
    huart6                                   0x20000780   Data          72  usart.o(.bss)
    htim6                                    0x200007c8   Data          72  stm32f4xx_hal_timebase_tim.o(.bss)
    Recv_buf3                                0x20004500   Data         100  monitor.o(.bss)
    Recv_buf6                                0x20004564   Data         100  monitor.o(.bss)
    __initial_sp                             0x200049c8   Data           0  startup_stm32f407xx.o(STACK)



==============================================================================

Memory Map of the image

  Image Entry point : 0x08000189

  Load Region LR_IROM1 (Base: 0x08000000, Size: 0x00006018, Max: 0x00100000, ABSOLUTE)

    Execution Region ER_IROM1 (Exec base: 0x08000000, Load base: 0x08000000, Size: 0x00005f58, Max: 0x00100000, ABSOLUTE)

    Exec Addr    Load Addr    Size         Type   Attr      Idx    E Section Name        Object

    0x08000000   0x08000000   0x00000188   Data   RO            3    RESET               startup_stm32f407xx.o
    0x08000188   0x08000188   0x00000000   Code   RO         5144  * .ARM.Collect$$$$00000000  mc_w.l(entry.o)
    0x08000188   0x08000188   0x00000004   Code   RO         5420    .ARM.Collect$$$$00000001  mc_w.l(entry2.o)
    0x0800018c   0x0800018c   0x00000004   Code   RO         5423    .ARM.Collect$$$$00000004  mc_w.l(entry5.o)
    0x08000190   0x08000190   0x00000000   Code   RO         5425    .ARM.Collect$$$$00000008  mc_w.l(entry7b.o)
    0x08000190   0x08000190   0x00000000   Code   RO         5427    .ARM.Collect$$$$0000000A  mc_w.l(entry8b.o)
    0x08000190   0x08000190   0x00000008   Code   RO         5428    .ARM.Collect$$$$0000000B  mc_w.l(entry9a.o)
    0x08000198   0x08000198   0x00000004   Code   RO         5435    .ARM.Collect$$$$0000000E  mc_w.l(entry12b.o)
    0x0800019c   0x0800019c   0x00000000   Code   RO         5430    .ARM.Collect$$$$0000000F  mc_w.l(entry10a.o)
    0x0800019c   0x0800019c   0x00000000   Code   RO         5432    .ARM.Collect$$$$00000011  mc_w.l(entry11a.o)
    0x0800019c   0x0800019c   0x00000004   Code   RO         5421    .ARM.Collect$$$$00002712  mc_w.l(entry2.o)
    0x080001a0   0x080001a0   0x000000be   Code   RO         4993    .emb_text           port.o
    0x0800025e   0x0800025e   0x00000002   PAD
    0x08000260   0x08000260   0x00000024   Code   RO            4    .text               startup_stm32f407xx.o
    0x08000284   0x08000284   0x00000062   Code   RO         5147    .text               mc_w.l(uldiv.o)
    0x080002e6   0x080002e6   0x00000024   Code   RO         5149    .text               mc_w.l(memcpya.o)
    0x0800030a   0x0800030a   0x00000024   Code   RO         5153    .text               mc_w.l(memseta.o)
    0x0800032e   0x0800032e   0x0000000e   Code   RO         5155    .text               mc_w.l(strlen.o)
    0x0800033c   0x0800033c   0x0000002c   Code   RO         5437    .text               mc_w.l(uidiv.o)
    0x08000368   0x08000368   0x0000001e   Code   RO         5439    .text               mc_w.l(llshl.o)
    0x08000386   0x08000386   0x00000020   Code   RO         5441    .text               mc_w.l(llushr.o)
    0x080003a6   0x080003a6   0x00000000   Code   RO         5443    .text               mc_w.l(iusefp.o)
    0x080003a6   0x080003a6   0x0000014e   Code   RO         5444    .text               mf_w.l(dadd.o)
    0x080004f4   0x080004f4   0x000000e4   Code   RO         5446    .text               mf_w.l(dmul.o)
    0x080005d8   0x080005d8   0x000000de   Code   RO         5448    .text               mf_w.l(ddiv.o)
    0x080006b6   0x080006b6   0x00000030   Code   RO         5450    .text               mf_w.l(dfixul.o)
    0x080006e6   0x080006e6   0x00000002   PAD
    0x080006e8   0x080006e8   0x00000030   Code   RO         5452    .text               mf_w.l(cdrcmple.o)
    0x08000718   0x08000718   0x00000024   Code   RO         5454    .text               mc_w.l(init.o)
    0x0800073c   0x0800073c   0x00000024   Code   RO         5456    .text               mc_w.l(llsshr.o)
    0x08000760   0x08000760   0x000000ba   Code   RO         5458    .text               mf_w.l(depilogue.o)
    0x0800081a   0x0800081a   0x00000002   Code   RO          760    i.BusFault_Handler  stm32f4xx_it.o
    0x0800081c   0x0800081c   0x000000ac   Code   RO          257    i.CalculateAddress  pn532_task.o
    0x080008c8   0x080008c8   0x00000002   Code   RO          761    i.DebugMon_Handler  stm32f4xx_it.o
    0x080008ca   0x080008ca   0x00000004   Code   RO          411    i.Error_Handler     main.o
    0x080008ce   0x080008ce   0x00000002   PAD
    0x080008d0   0x080008d0   0x00000188   Code   RO          258    i.ExtractPeakData   pn532_task.o
    0x08000a58   0x08000a58   0x00000092   Code   RO         2365    i.HAL_DMA_Abort     stm32f4xx_hal_dma.o
    0x08000aea   0x08000aea   0x00000024   Code   RO         2366    i.HAL_DMA_Abort_IT  stm32f4xx_hal_dma.o
    0x08000b0e   0x08000b0e   0x00000002   PAD
    0x08000b10   0x08000b10   0x000001f0   Code   RO         2258    i.HAL_GPIO_Init     stm32f4xx_hal_gpio.o
    0x08000d00   0x08000d00   0x0000000a   Code   RO         2262    i.HAL_GPIO_WritePin  stm32f4xx_hal_gpio.o
    0x08000d0a   0x08000d0a   0x00000002   PAD
    0x08000d0c   0x08000d0c   0x0000000c   Code   RO         2808    i.HAL_GetTick       stm32f4xx_hal.o
    0x08000d18   0x08000d18   0x00000010   Code   RO         2814    i.HAL_IncTick       stm32f4xx_hal.o
    0x08000d28   0x08000d28   0x00000034   Code   RO         2815    i.HAL_Init          stm32f4xx_hal.o
    0x08000d5c   0x08000d5c   0x00000098   Code   RO          891    i.HAL_InitTick      stm32f4xx_hal_timebase_tim.o
    0x08000df4   0x08000df4   0x00000038   Code   RO          867    i.HAL_MspInit       stm32f4xx_hal_msp.o
    0x08000e2c   0x08000e2c   0x0000001a   Code   RO         2650    i.HAL_NVIC_EnableIRQ  stm32f4xx_hal_cortex.o
    0x08000e46   0x08000e46   0x00000002   PAD
    0x08000e48   0x08000e48   0x00000040   Code   RO         2656    i.HAL_NVIC_SetPriority  stm32f4xx_hal_cortex.o
    0x08000e88   0x08000e88   0x00000024   Code   RO         2657    i.HAL_NVIC_SetPriorityGrouping  stm32f4xx_hal_cortex.o
    0x08000eac   0x08000eac   0x00000134   Code   RO         1904    i.HAL_RCC_ClockConfig  stm32f4xx_hal_rcc.o
    0x08000fe0   0x08000fe0   0x00000040   Code   RO         1908    i.HAL_RCC_GetClockConfig  stm32f4xx_hal_rcc.o
    0x08001020   0x08001020   0x00000020   Code   RO         1911    i.HAL_RCC_GetPCLK1Freq  stm32f4xx_hal_rcc.o
    0x08001040   0x08001040   0x00000020   Code   RO         1912    i.HAL_RCC_GetPCLK2Freq  stm32f4xx_hal_rcc.o
    0x08001060   0x08001060   0x00000060   Code   RO         1913    i.HAL_RCC_GetSysClockFreq  stm32f4xx_hal_rcc.o
    0x080010c0   0x080010c0   0x0000036c   Code   RO         1916    i.HAL_RCC_OscConfig  stm32f4xx_hal_rcc.o
    0x0800142c   0x0800142c   0x00000002   Code   RO         1636    i.HAL_TIMEx_BreakCallback  stm32f4xx_hal_tim_ex.o
    0x0800142e   0x0800142e   0x00000002   Code   RO         1637    i.HAL_TIMEx_CommutCallback  stm32f4xx_hal_tim_ex.o
    0x08001430   0x08001430   0x00000090   Code   RO         1655    i.HAL_TIMEx_MasterConfigSynchronization  stm32f4xx_hal_tim_ex.o
    0x080014c0   0x080014c0   0x0000005a   Code   RO          932    i.HAL_TIM_Base_Init  stm32f4xx_hal_tim.o
    0x0800151a   0x0800151a   0x00000002   PAD
    0x0800151c   0x0800151c   0x00000078   Code   RO          587    i.HAL_TIM_Base_MspInit  tim.o
    0x08001594   0x08001594   0x00000080   Code   RO          937    i.HAL_TIM_Base_Start_IT  stm32f4xx_hal_tim.o
    0x08001614   0x08001614   0x000000a4   Code   RO          953    i.HAL_TIM_Encoder_Init  stm32f4xx_hal_tim.o
    0x080016b8   0x080016b8   0x00000120   Code   RO          589    i.HAL_TIM_Encoder_MspInit  tim.o
    0x080017d8   0x080017d8   0x00000002   Code   RO          966    i.HAL_TIM_IC_CaptureCallback  stm32f4xx_hal_tim.o
    0x080017da   0x080017da   0x00000130   Code   RO          980    i.HAL_TIM_IRQHandler  stm32f4xx_hal_tim.o
    0x0800190a   0x0800190a   0x00000002   PAD
    0x0800190c   0x0800190c   0x000000b0   Code   RO          590    i.HAL_TIM_MspPostInit  tim.o
    0x080019bc   0x080019bc   0x00000002   Code   RO          983    i.HAL_TIM_OC_DelayElapsedCallback  stm32f4xx_hal_tim.o
    0x080019be   0x080019be   0x000000cc   Code   RO         1004    i.HAL_TIM_PWM_ConfigChannel  stm32f4xx_hal_tim.o
    0x08001a8a   0x08001a8a   0x0000005a   Code   RO         1007    i.HAL_TIM_PWM_Init  stm32f4xx_hal_tim.o
    0x08001ae4   0x08001ae4   0x00000002   Code   RO         1009    i.HAL_TIM_PWM_MspInit  stm32f4xx_hal_tim.o
    0x08001ae6   0x08001ae6   0x00000002   Code   RO         1010    i.HAL_TIM_PWM_PulseFinishedCallback  stm32f4xx_hal_tim.o
    0x08001ae8   0x08001ae8   0x00000014   Code   RO          412    i.HAL_TIM_PeriodElapsedCallback  main.o
    0x08001afc   0x08001afc   0x00000002   Code   RO         1023    i.HAL_TIM_TriggerCallback  stm32f4xx_hal_tim.o
    0x08001afe   0x08001afe   0x00000002   Code   RO         3387    i.HAL_UARTEx_RxEventCallback  stm32f4xx_hal_uart.o
    0x08001b00   0x08001b00   0x00000002   Code   RO         3401    i.HAL_UART_ErrorCallback  stm32f4xx_hal_uart.o
    0x08001b02   0x08001b02   0x00000002   PAD
    0x08001b04   0x08001b04   0x00000280   Code   RO         3404    i.HAL_UART_IRQHandler  stm32f4xx_hal_uart.o
    0x08001d84   0x08001d84   0x00000064   Code   RO         3405    i.HAL_UART_Init     stm32f4xx_hal_uart.o
    0x08001de8   0x08001de8   0x000001c0   Code   RO          689    i.HAL_UART_MspInit  usart.o
    0x08001fa8   0x08001fa8   0x000000b0   Code   RO         3408    i.HAL_UART_Receive  stm32f4xx_hal_uart.o
    0x08002058   0x08002058   0x0000001c   Code   RO         3410    i.HAL_UART_Receive_IT  stm32f4xx_hal_uart.o
    0x08002074   0x08002074   0x000000ac   Code   RO          762    i.HAL_UART_RxCpltCallback  stm32f4xx_it.o
    0x08002120   0x08002120   0x000000a0   Code   RO         3413    i.HAL_UART_Transmit  stm32f4xx_hal_uart.o
    0x080021c0   0x080021c0   0x00000002   Code   RO         3416    i.HAL_UART_TxCpltCallback  stm32f4xx_hal_uart.o
    0x080021c2   0x080021c2   0x00000002   Code   RO          763    i.HardFault_Handler  stm32f4xx_it.o
    0x080021c4   0x080021c4   0x0000007c   Code   RO          517    i.MX_FREERTOS_Init  freertos.o
    0x08002240   0x08002240   0x00000150   Code   RO          493    i.MX_GPIO_Init      gpio.o
    0x08002390   0x08002390   0x00000068   Code   RO          591    i.MX_TIM10_Init     tim.o
    0x080023f8   0x080023f8   0x00000068   Code   RO          592    i.MX_TIM11_Init     tim.o
    0x08002460   0x08002460   0x00000068   Code   RO          593    i.MX_TIM13_Init     tim.o
    0x080024c8   0x080024c8   0x00000068   Code   RO          594    i.MX_TIM14_Init     tim.o
    0x08002530   0x08002530   0x0000006c   Code   RO          595    i.MX_TIM1_Init      tim.o
    0x0800259c   0x0800259c   0x00000064   Code   RO          596    i.MX_TIM2_Init      tim.o
    0x08002600   0x08002600   0x00000068   Code   RO          597    i.MX_TIM3_Init      tim.o
    0x08002668   0x08002668   0x00000068   Code   RO          598    i.MX_TIM4_Init      tim.o
    0x080026d0   0x080026d0   0x00000038   Code   RO          690    i.MX_UART4_Init     usart.o
    0x08002708   0x08002708   0x00000038   Code   RO          691    i.MX_USART1_UART_Init  usart.o
    0x08002740   0x08002740   0x00000038   Code   RO          692    i.MX_USART2_UART_Init  usart.o
    0x08002778   0x08002778   0x00000038   Code   RO          693    i.MX_USART3_UART_Init  usart.o
    0x080027b0   0x080027b0   0x00000038   Code   RO          694    i.MX_USART6_UART_Init  usart.o
    0x080027e8   0x080027e8   0x00000002   Code   RO          764    i.MemManage_Handler  stm32f4xx_it.o
    0x080027ea   0x080027ea   0x00000002   Code   RO          765    i.NMI_Handler       stm32f4xx_it.o
    0x080027ec   0x080027ec   0x00000124   Code   RO          262    i.PN532_Init_Hardware  pn532_task.o
    0x08002910   0x08002910   0x00000224   Code   RO           16    i.PN532_MifareClassicAuthenticate_UART  pn532.o
    0x08002b34   0x08002b34   0x00000120   Code   RO           17    i.PN532_MifareClassicReadWithUID_UART  pn532.o
    0x08002c54   0x08002c54   0x00000414   Code   RO          266    i.PN532_ReadPeakInfoSelective  pn532_task.o
    0x08003068   0x08003068   0x0000045c   Code   RO          267    i.PN532_SearchCard  pn532_task.o
    0x080034c4   0x080034c4   0x00000198   Code   RO          269    i.ReadBlockSelective  pn532_task.o
    0x0800365c   0x0800365c   0x0000002c   Code   RO          518    i.StartDefaultTask  freertos.o
    0x08003688   0x08003688   0x000001f8   Code   RO          270    i.StartPN532_ICCardTask  pn532_task.o
    0x08003880   0x08003880   0x00000008   Code   RO          519    i.StartTask02       freertos.o
    0x08003888   0x08003888   0x00000002   Code   RO          520    i.StartTask03       freertos.o
    0x0800388a   0x0800388a   0x0000000c   Code   RO          521    i.StartTask04       freertos.o
    0x08003896   0x08003896   0x00000002   PAD
    0x08003898   0x08003898   0x0000002c   Code   RO         4994    i.SysTick_Handler   port.o
    0x080038c4   0x080038c4   0x00000094   Code   RO          413    i.SystemClock_Config  main.o
    0x08003958   0x08003958   0x00000010   Code   RO         3739    i.SystemInit        system_stm32f4xx.o
    0x08003968   0x08003968   0x0000000c   Code   RO          766    i.TIM6_DAC_IRQHandler  stm32f4xx_it.o
    0x08003974   0x08003974   0x000000d0   Code   RO         1025    i.TIM_Base_SetConfig  stm32f4xx_hal_tim.o
    0x08003a44   0x08003a44   0x00000060   Code   RO         1038    i.TIM_OC1_SetConfig  stm32f4xx_hal_tim.o
    0x08003aa4   0x08003aa4   0x0000006c   Code   RO         1039    i.TIM_OC2_SetConfig  stm32f4xx_hal_tim.o
    0x08003b10   0x08003b10   0x00000068   Code   RO         1040    i.TIM_OC3_SetConfig  stm32f4xx_hal_tim.o
    0x08003b78   0x08003b78   0x00000050   Code   RO         1041    i.TIM_OC4_SetConfig  stm32f4xx_hal_tim.o
    0x08003bc8   0x08003bc8   0x0000000e   Code   RO         3418    i.UART_DMAAbortOnError  stm32f4xx_hal_uart.o
    0x08003bd6   0x08003bd6   0x0000004e   Code   RO         3428    i.UART_EndRxTransfer  stm32f4xx_hal_uart.o
    0x08003c24   0x08003c24   0x000000c2   Code   RO         3430    i.UART_Receive_IT   stm32f4xx_hal_uart.o
    0x08003ce6   0x08003ce6   0x00000002   PAD
    0x08003ce8   0x08003ce8   0x0000010c   Code   RO         3431    i.UART_SetConfig    stm32f4xx_hal_uart.o
    0x08003df4   0x08003df4   0x00000036   Code   RO         3433    i.UART_Start_Receive_IT  stm32f4xx_hal_uart.o
    0x08003e2a   0x08003e2a   0x00000072   Code   RO         3434    i.UART_WaitOnFlagUntilTimeout  stm32f4xx_hal_uart.o
    0x08003e9c   0x08003e9c   0x0000000c   Code   RO          767    i.USART1_IRQHandler  stm32f4xx_it.o
    0x08003ea8   0x08003ea8   0x0000000c   Code   RO          768    i.USART2_IRQHandler  stm32f4xx_it.o
    0x08003eb4   0x08003eb4   0x0000000c   Code   RO          769    i.USART3_IRQHandler  stm32f4xx_it.o
    0x08003ec0   0x08003ec0   0x0000000c   Code   RO          770    i.USART6_IRQHandler  stm32f4xx_it.o
    0x08003ecc   0x08003ecc   0x00000078   Code   RO         5073    i.Uart3_Parse       monitor.o
    0x08003f44   0x08003f44   0x00000060   Code   RO         5074    i.Uart3_Receive     monitor.o
    0x08003fa4   0x08003fa4   0x00000002   Code   RO          771    i.UsageFault_Handler  stm32f4xx_it.o
    0x08003fa6   0x08003fa6   0x00000002   PAD
    0x08003fa8   0x08003fa8   0x00000028   Code   RO         5394    i.__0sprintf        mc_w.l(printfa.o)
    0x08003fd0   0x08003fd0   0x00000020   Code   RO         2663    i.__NVIC_SetPriority  stm32f4xx_hal_cortex.o
    0x08003ff0   0x08003ff0   0x0000000e   Code   RO         5462    i.__scatterload_copy  mc_w.l(handlers.o)
    0x08003ffe   0x08003ffe   0x00000002   Code   RO         5463    i.__scatterload_null  mc_w.l(handlers.o)
    0x08004000   0x08004000   0x0000000e   Code   RO         5464    i.__scatterload_zeroinit  mc_w.l(handlers.o)
    0x0800400e   0x0800400e   0x00000002   PAD
    0x08004010   0x08004010   0x00000184   Code   RO         5399    i._fp_digits        mc_w.l(printfa.o)
    0x08004194   0x08004194   0x000006b4   Code   RO         5400    i._printf_core      mc_w.l(printfa.o)
    0x08004848   0x08004848   0x00000024   Code   RO         5401    i._printf_post_padding  mc_w.l(printfa.o)
    0x0800486c   0x0800486c   0x0000002e   Code   RO         5402    i._printf_pre_padding  mc_w.l(printfa.o)
    0x0800489a   0x0800489a   0x0000000a   Code   RO         5404    i._sputc            mc_w.l(printfa.o)
    0x080048a4   0x080048a4   0x00000094   Code   RO          414    i.main              main.o
    0x08004938   0x08004938   0x0000000c   Code   RO         4559    i.makeFreeRtosPriority  cmsis_os.o
    0x08004944   0x08004944   0x0000000e   Code   RO         4561    i.osDelay           cmsis_os.o
    0x08004952   0x08004952   0x0000000a   Code   RO         4564    i.osKernelStart     cmsis_os.o
    0x0800495c   0x0800495c   0x00000054   Code   RO         4598    i.osThreadCreate    cmsis_os.o
    0x080049b0   0x080049b0   0x000000fc   Code   RO           25    i.parse_read_response  pn532.o
    0x08004aac   0x08004aac   0x000001c8   Code   RO           26    i.pn532_call_quiet  pn532.o
    0x08004c74   0x08004c74   0x00000124   Code   RO           28    i.pn532_send_frame_quiet  pn532.o
    0x08004d98   0x08004d98   0x00000070   Code   RO         4241    i.prvAddCurrentTaskToDelayedList  tasks.o
    0x08004e08   0x08004e08   0x000000d0   Code   RO         4242    i.prvAddNewTaskToReadyList  tasks.o
    0x08004ed8   0x08004ed8   0x00000034   Code   RO         4243    i.prvDeleteTCB      tasks.o
    0x08004f0c   0x08004f0c   0x0000004c   Code   RO         4926    i.prvHeapInit       heap_4.o
    0x08004f58   0x08004f58   0x00000060   Code   RO         4244    i.prvIdleTask       tasks.o
    0x08004fb8   0x08004fb8   0x00000098   Code   RO         4245    i.prvInitialiseNewTask  tasks.o
    0x08005050   0x08005050   0x0000004c   Code   RO         4927    i.prvInsertBlockIntoFreeList  heap_4.o
    0x0800509c   0x0800509c   0x00000020   Code   RO         4246    i.prvResetNextTaskUnblockTime  tasks.o
    0x080050bc   0x080050bc   0x00000028   Code   RO         4995    i.prvTaskExitError  port.o
    0x080050e4   0x080050e4   0x000000dc   Code   RO         4928    i.pvPortMalloc      heap_4.o
    0x080051c0   0x080051c0   0x0000002c   Code   RO         4996    i.pxPortInitialiseStack  port.o
    0x080051ec   0x080051ec   0x00000120   Code   RO           29    i.recv_ack          pn532.o
    0x0800530c   0x0800530c   0x0000028c   Code   RO           30    i.recv_response     pn532.o
    0x08005598   0x08005598   0x0000008c   Code   RO          772    i.u2_calculate      stm32f4xx_it.o
    0x08005624   0x08005624   0x00000026   Code   RO         3877    i.uxListRemove      list.o
    0x0800564a   0x0800564a   0x00000002   PAD
    0x0800564c   0x0800564c   0x00000014   Code   RO          522    i.vApplicationGetIdleTaskMemory  freertos.o
    0x08005660   0x08005660   0x00000016   Code   RO         3878    i.vListInitialise   list.o
    0x08005676   0x08005676   0x00000006   Code   RO         3879    i.vListInitialiseItem  list.o
    0x0800567c   0x0800567c   0x00000030   Code   RO         3880    i.vListInsert       list.o
    0x080056ac   0x080056ac   0x00000018   Code   RO         3881    i.vListInsertEnd    list.o
    0x080056c4   0x080056c4   0x00000040   Code   RO         4998    i.vPortEnterCritical  port.o
    0x08005704   0x08005704   0x00000028   Code   RO         4999    i.vPortExitCritical  port.o
    0x0800572c   0x0800572c   0x00000064   Code   RO         4929    i.vPortFree         heap_4.o
    0x08005790   0x08005790   0x00000024   Code   RO         5000    i.vPortSetupTimerInterrupt  port.o
    0x080057b4   0x080057b4   0x00000054   Code   RO         5001    i.vPortValidateInterruptPriority  port.o
    0x08005808   0x08005808   0x0000004c   Code   RO         4255    i.vTaskDelay        tasks.o
    0x08005854   0x08005854   0x000000ac   Code   RO         4256    i.vTaskDelete       tasks.o
    0x08005900   0x08005900   0x0000006c   Code   RO         4268    i.vTaskStartScheduler  tasks.o
    0x0800596c   0x0800596c   0x00000010   Code   RO         4270    i.vTaskSuspendAll   tasks.o
    0x0800597c   0x0800597c   0x0000005c   Code   RO         4271    i.vTaskSwitchContext  tasks.o
    0x080059d8   0x080059d8   0x000000f4   Code   RO         5002    i.xPortStartScheduler  port.o
    0x08005acc   0x08005acc   0x0000009c   Code   RO         3936    i.xQueueGiveFromISR  queue.o
    0x08005b68   0x08005b68   0x0000005a   Code   RO         4274    i.xTaskCreate       tasks.o
    0x08005bc2   0x08005bc2   0x00000056   Code   RO         4275    i.xTaskCreateStatic  tasks.o
    0x08005c18   0x08005c18   0x000000cc   Code   RO         4282    i.xTaskIncrementTick  tasks.o
    0x08005ce4   0x08005ce4   0x00000074   Code   RO         4287    i.xTaskRemoveFromEventList  tasks.o
    0x08005d58   0x08005d58   0x000000c4   Code   RO         4288    i.xTaskResumeAll    tasks.o
    0x08005e1c   0x08005e1c   0x00000034   Data   RO          273    .constdata          pn532_task.o
    0x08005e50   0x08005e50   0x0000008c   Data   RO          524    .constdata          freertos.o
    0x08005edc   0x08005edc   0x00000010   Data   RO         3740    .constdata          system_stm32f4xx.o
    0x08005eec   0x08005eec   0x00000008   Data   RO         3741    .constdata          system_stm32f4xx.o
    0x08005ef4   0x08005ef4   0x00000011   Data   RO          274    .conststring        pn532_task.o
    0x08005f05   0x08005f05   0x00000003   PAD
    0x08005f08   0x08005f08   0x0000002e   Data   RO          525    .conststring        freertos.o
    0x08005f36   0x08005f36   0x00000002   PAD
    0x08005f38   0x08005f38   0x00000020   Data   RO         5460    Region$$Table       anon$$obj.o


    Execution Region RW_IRAM1 (Exec base: 0x20000000, Load base: 0x08005f58, Size: 0x000049c8, Max: 0x0001c000, ABSOLUTE)

    Exec Addr    Load Addr    Size         Type   Attr      Idx    E Section Name        Object

    0x20000000   0x08005f58   0x00000010   Data   RW          275    .data               pn532_task.o
    0x20000010   0x08005f68   0x00000008   Data   RW          417    .data               main.o
    0x20000018   0x08005f70   0x00000001   Data   RW          418    .data               main.o
    0x20000019   0x08005f71   0x00000003   PAD
    0x2000001c   0x08005f74   0x00000004   Data   RW          526    .data               freertos.o
    0x20000020   0x08005f78   0x00000010   Data   RW          527    .data               freertos.o
    0x20000030   0x08005f88   0x00000002   Data   RW          773    .data               stm32f4xx_it.o
    0x20000032   0x08005f8a   0x00000002   PAD
    0x20000034   0x08005f8c   0x0000000c   Data   RW         2822    .data               stm32f4xx_hal.o
    0x20000040   0x08005f98   0x00000004   Data   RW         3742    .data               system_stm32f4xx.o
    0x20000044   0x08005f9c   0x0000003c   Data   RW         4291    .data               tasks.o
    0x20000080   0x08005fd8   0x00000020   Data   RW         4935    .data               heap_4.o
    0x200000a0   0x08005ff8   0x0000000c   Data   RW         5003    .data               port.o
    0x200000ac   0x08006004   0x00000014   Data   RW         5079    .data               monitor.o
    0x200000c0        -       0x00000009   Zero   RW          272    .bss                pn532_task.o
    0x200000c9        -       0x00000100   Zero   RW          416    .bss                main.o
    0x200001c9   0x08006018   0x00000003   PAD
    0x200001cc        -       0x00000254   Zero   RW          523    .bss                freertos.o
    0x20000420        -       0x00000240   Zero   RW          599    .bss                tim.o
    0x20000660        -       0x00000168   Zero   RW          696    .bss                usart.o
    0x200007c8        -       0x00000048   Zero   RW          894    .bss                stm32f4xx_hal_timebase_tim.o
    0x20000810        -       0x000000f0   Zero   RW         4290    .bss                tasks.o
    0x20000900        -       0x00003c00   Zero   RW         4934    .bss                heap_4.o
    0x20004500        -       0x000000c8   Zero   RW         5078    .bss                monitor.o
    0x200045c8        -       0x00000400   Zero   RW            1    STACK               startup_stm32f407xx.o


    Execution Region RW_IRAM2 (Exec base: 0x2001c000, Load base: 0x08006018, Size: 0x00000000, Max: 0x00004000, ABSOLUTE)

    **** No section assigned to this execution region ****


==============================================================================

Image component sizes


      Code (inc. data)   RO Data    RW Data    ZI Data      Debug   Object Name

       120          0          0          0          0      23149   cmsis_os.o
         0          0          0          0          0      19916   event_groups.o
       210         16        186         20        596       4302   freertos.o
       336         22          0          0          0       1123   gpio.o
       472         24          0         32      15360       7299   heap_4.o
       138          0          0          0          0       3442   list.o
       320         36          0          9        256       3202   main.o
       216         26          0         20        200       2003   monitor.o
      2776        914          0          0          0     702316   pn532.o
      3928       1846         69         16          9      41196   pn532_task.o
       786         82          0         12          0      11641   port.o
       156          0          0          0          0       6196   queue.o
        36          8        392          0       1024        820   startup_stm32f407xx.o
        80         14          0         12          0       7978   stm32f4xx_hal.o
       158         14          0          0          0      32942   stm32f4xx_hal_cortex.o
       182          0          0          0          0       2051   stm32f4xx_hal_dma.o
       506         46          0          0          0       2144   stm32f4xx_hal_gpio.o
        56          4          0          0          0        834   stm32f4xx_hal_msp.o
      1408         82          0          0          0       5797   stm32f4xx_hal_rcc.o
      1586        108          0          0          0      12797   stm32f4xx_hal_tim.o
       148         28          0          0          0       2417   stm32f4xx_hal_tim_ex.o
       152         20          0          0         72       1427   stm32f4xx_hal_timebase_tim.o
      1832         14          0          0          0      12327   stm32f4xx_hal_uart.o
       384         98          0          2          0       7236   stm32f4xx_it.o
         0          0          0          0          0        400   stream_buffer.o
        16          4         24          4          0       1079   system_stm32f4xx.o
      1808        134          0         60        240      21003   tasks.o
      1416        138          0          0        576       7861   tim.o
       728         80          0          0        360       4468   usart.o

    ----------------------------------------------------------------------
     19978       3758        708        192      18696     949366   Object Totals
         0          0         32          0          0          0   (incl. Generated)
        24          0          5          5          3          0   (incl. Padding)

    ----------------------------------------------------------------------

      Code (inc. data)   RO Data    RW Data    ZI Data      Debug   Library Member Name

         0          0          0          0          0          0   entry.o
         0          0          0          0          0          0   entry10a.o
         0          0          0          0          0          0   entry11a.o
         4          0          0          0          0          0   entry12b.o
         8          4          0          0          0          0   entry2.o
         4          0          0          0          0          0   entry5.o
         0          0          0          0          0          0   entry7b.o
         0          0          0          0          0          0   entry8b.o
         8          4          0          0          0          0   entry9a.o
        30          0          0          0          0          0   handlers.o
        36          8          0          0          0         68   init.o
         0          0          0          0          0          0   iusefp.o
        30          0          0          0          0         68   llshl.o
        36          0          0          0          0         68   llsshr.o
        32          0          0          0          0         68   llushr.o
        36          0          0          0          0         68   memcpya.o
        36          0          0          0          0        108   memseta.o
      2236         86          0          0          0        532   printfa.o
        14          0          0          0          0         68   strlen.o
        44          0          0          0          0         80   uidiv.o
        98          0          0          0          0         92   uldiv.o
        48          0          0          0          0         68   cdrcmple.o
       334          0          0          0          0        148   dadd.o
       222          0          0          0          0        100   ddiv.o
       186          0          0          0          0        176   depilogue.o
        48          0          0          0          0         68   dfixul.o
       228          0          0          0          0         96   dmul.o

    ----------------------------------------------------------------------
      3722        102          0          0          0       1876   Library Totals
         4          0          0          0          0          0   (incl. Padding)

    ----------------------------------------------------------------------

      Code (inc. data)   RO Data    RW Data    ZI Data      Debug   Library Name

      2652        102          0          0          0       1220   mc_w.l
      1066          0          0          0          0        656   mf_w.l

    ----------------------------------------------------------------------
      3722        102          0          0          0       1876   Library Totals

    ----------------------------------------------------------------------

==============================================================================


      Code (inc. data)   RO Data    RW Data    ZI Data      Debug   

     23700       3860        708        192      18696     936410   Grand Totals
     23700       3860        708        192      18696     936410   ELF Image Totals
     23700       3860        708        192          0          0   ROM Totals

==============================================================================

    Total RO  Size (Code + RO Data)                24408 (  23.84kB)
    Total RW  Size (RW Data + ZI Data)             18888 (  18.45kB)
    Total ROM Size (Code + RO Data + RW Data)      24600 (  24.02kB)

==============================================================================

